<html>
<body>
<pre>
<h1>µVision Build Log</h1>
<h2>Tool Versions:</h2>
IDE-Version: ¦ÌVision V5.42.0.0
Copyright (C) 2025 ARM Ltd and ARM Germany GmbH. All rights reserved.
License Information: 1 1512065397@qq.com, 1, LIC=03C6R-KWC4A-SB8EJ-UG5N8-APN1Y-Z4ZVV
 
Tool Versions:
Toolchain:       MDK-ARM Plus  Version: 5.42.0.0
Toolchain Path:  D:\keil_new\core\ARM\ARMCLANG\Bin
C Compiler:      ArmClang.exe V6.23
Assembler:       Armasm.exe V6.23
Linker/Locator:  ArmLink.exe V6.23
Library Manager: ArmAr.exe V6.23
Hex Converter:   FromElf.exe V6.23
CPU DLL:         SARMCM3.DLL V5.42.0.0
Dialog DLL:      DCM.DLL V1.17.5.0
Target DLL:      Segger\JL2CM3.dll V2.99.45.0
Dialog DLL:      TCM.DLL V1.56.6.0
 
<h2>Project:</h2>
E:\Robot_Project\XueG\5_2\4\Project\MDK-ARM\CAR.uvprojx
Project File Date:  03/31/2025

<h2>Output:</h2>
*** Using Compiler 'V6.23', folder: 'D:\keil_new\core\ARM\ARMCLANG\Bin'
Rebuild target 'CAR'
compiling gpio.c...
assembling startup_stm32f407xx.s...
compiling stm32f4xx_hal_msp.c...
compiling can.c...
compiling stm32f4xx_hal_flash.c...
compiling stm32f4xx_hal_rcc_ex.c...
compiling dma.c...
compiling stm32f4xx_hal_timebase_tim.c...
compiling usart.c...
compiling main.c...
compiling stm32f4xx_hal_rcc.c...
compiling stm32f4xx_it.c...
compiling stm32f4xx_hal_can.c...
compiling freertos.c...
compiling stm32f4xx_hal_flash_ramfunc.c...
compiling stm32f4xx_hal_flash_ex.c...
compiling stm32f4xx_hal_gpio.c...
compiling stm32f4xx_hal_pwr.c...
compiling stm32f4xx_hal_dma_ex.c...
compiling stm32f4xx_hal_dma.c...
compiling stm32f4xx_hal_pwr_ex.c...
compiling stm32f4xx_hal_cortex.c...
compiling stm32f4xx_hal.c...
compiling stm32f4xx_hal_exti.c...
compiling stm32f4xx_hal_tim_ex.c...
compiling croutine.c...
compiling stm32f4xx_hal_tim.c...
compiling event_groups.c...
compiling system_stm32f4xx.c...
compiling stm32f4xx_hal_uart.c...
compiling list.c...
compiling queue.c...
compiling stream_buffer.c...
compiling tasks.c...
compiling heap_4.c...
compiling timers.c...
compiling port.c...
compiling cmsis_os2.c...
compiling Error_Handle.cpp...
compiling CanDevice.cpp...
compiling SerialDevice.cpp...
compiling TaskManager.cpp...
compiling action.cpp...
compiling VOFA.cpp...
compiling M3508.cpp...
compiling pid.cpp...
compiling pid_init.cpp...
compiling xbox_hid.cpp...
compiling chasis_caculation.cpp...
compiling Start.cpp...
compiling Detect_btn.cpp...
compiling SEGGER_RTT.c...
compiling SEGGER_RTT_printf.c...
compiling point_track.cpp...
linking...
Program Size: Code=45940 RO-data=1188 RW-data=96 ZI-data=25168  
FromELF: creating hex file...
"CAR\CAR.axf" - 0 Error(s), 0 Warning(s).

<h2>Software Packages used:</h2>

Package Vendor: ARM
                https://www.keil.com/pack/ARM.CMSIS.6.1.0.pack
                ARM::CMSIS@6.1.0
                CMSIS (Common Microcontroller Software Interface Standard)
   * Component: CORE Version: 6.1.0

Package Vendor: Keil
                https://www.keil.com/pack/Keil.STM32F4xx_DFP.2.17.1.pack
                Keil::STM32F4xx_DFP@2.17.1
                STMicroelectronics STM32F4 Series Device Support, Drivers and Examples

<h2>Collection of Component include folders:</h2>
  ./RTE/_CAR
  D:/keil_new/Pack/ARM/CMSIS/6.1.0/CMSIS/Core/Include
  D:/keil_new/Pack/Keil/STM32F4xx_DFP/2.17.1/Drivers/CMSIS/Device/ST/STM32F4xx/Include

<h2>Collection of Component Files used:</h2>

   * Component: ARM::CMSIS:CORE@6.1.0
Build Time Elapsed:  00:00:05
</pre>
</body>
</html>
