Component: Arm Compiler for Embedded 6.21 Tool: armlink [5ec1fa00]

==============================================================================

Section Cross References

    startup_stm32f407xx.o(STACK) refers (Special) to heapauxi.o(.text) for __use_two_region_memory
    startup_stm32f407xx.o(HEAP) refers (Special) to heapauxi.o(.text) for __use_two_region_memory
    startup_stm32f407xx.o(RESET) refers (Special) to heapauxi.o(.text) for __use_two_region_memory
    startup_stm32f407xx.o(RESET) refers to startup_stm32f407xx.o(STACK) for __initial_sp
    startup_stm32f407xx.o(RESET) refers to startup_stm32f407xx.o(.text) for Reset_Handler
    startup_stm32f407xx.o(RESET) refers to stm32f4xx_it.o(.text.NMI_Handler) for NMI_Handler
    startup_stm32f407xx.o(RESET) refers to stm32f4xx_it.o(.text.HardFault_Handler) for HardFault_Handler
    startup_stm32f407xx.o(RESET) refers to stm32f4xx_it.o(.text.MemManage_Handler) for MemManage_Handler
    startup_stm32f407xx.o(RESET) refers to stm32f4xx_it.o(.text.BusFault_Handler) for BusFault_Handler
    startup_stm32f407xx.o(RESET) refers to stm32f4xx_it.o(.text.UsageFault_Handler) for UsageFault_Handler
    startup_stm32f407xx.o(RESET) refers to port.o(.text.SVC_Handler) for SVC_Handler
    startup_stm32f407xx.o(RESET) refers to stm32f4xx_it.o(.text.DebugMon_Handler) for DebugMon_Handler
    startup_stm32f407xx.o(RESET) refers to port.o(.text.PendSV_Handler) for PendSV_Handler
    startup_stm32f407xx.o(RESET) refers to cmsis_os2.o(.text.SysTick_Handler) for SysTick_Handler
    startup_stm32f407xx.o(RESET) refers to stm32f4xx_it.o(.text.CAN1_RX0_IRQHandler) for CAN1_RX0_IRQHandler
    startup_stm32f407xx.o(RESET) refers to stm32f4xx_it.o(.text.CAN1_RX1_IRQHandler) for CAN1_RX1_IRQHandler
    startup_stm32f407xx.o(RESET) refers to stm32f4xx_it.o(.text.USART3_IRQHandler) for USART3_IRQHandler
    startup_stm32f407xx.o(RESET) refers to stm32f4xx_it.o(.text.TIM6_DAC_IRQHandler) for TIM6_DAC_IRQHandler
    startup_stm32f407xx.o(RESET) refers to stm32f4xx_it.o(.text.CAN2_RX0_IRQHandler) for CAN2_RX0_IRQHandler
    startup_stm32f407xx.o(RESET) refers to stm32f4xx_it.o(.text.CAN2_RX1_IRQHandler) for CAN2_RX1_IRQHandler
    startup_stm32f407xx.o(RESET) refers to stm32f4xx_it.o(.text.USART6_IRQHandler) for USART6_IRQHandler
    startup_stm32f407xx.o(.text) refers (Special) to heapauxi.o(.text) for __use_two_region_memory
    startup_stm32f407xx.o(.text) refers to system_stm32f4xx.o(.text.SystemInit) for SystemInit
    startup_stm32f407xx.o(.text) refers to __main.o(!!!main) for __main
    startup_stm32f407xx.o(.text) refers to startup_stm32f407xx.o(HEAP) for Heap_Mem
    startup_stm32f407xx.o(.text) refers to startup_stm32f407xx.o(STACK) for Stack_Mem
    main.o(.text.main) refers to stm32f4xx_hal.o(.text.HAL_Init) for HAL_Init
    main.o(.text.main) refers to main.o(.text.SystemClock_Config) for SystemClock_Config
    main.o(.text.main) refers to gpio.o(.text.MX_GPIO_Init) for MX_GPIO_Init
    main.o(.text.main) refers to can.o(.text.MX_CAN1_Init) for MX_CAN1_Init
    main.o(.text.main) refers to can.o(.text.MX_CAN2_Init) for MX_CAN2_Init
    main.o(.text.main) refers to usart.o(.text.MX_USART3_UART_Init) for MX_USART3_UART_Init
    main.o(.text.main) refers to usart.o(.text.MX_USART6_UART_Init) for MX_USART6_UART_Init
    main.o(.text.main) refers to cmsis_os2.o(.text.osKernelInitialize) for osKernelInitialize
    main.o(.text.main) refers to freertos.o(.text.MX_FREERTOS_Init) for MX_FREERTOS_Init
    main.o(.text.main) refers to cmsis_os2.o(.text.osKernelStart) for osKernelStart
    main.o(.ARM.exidx.text.main) refers to main.o(.text.main) for [Anonymous Symbol]
    main.o(.text.SystemClock_Config) refers to rt_memclr_w.o(.text) for __aeabi_memclr4
    main.o(.text.SystemClock_Config) refers to stm32f4xx_hal_rcc.o(.text.HAL_RCC_OscConfig) for HAL_RCC_OscConfig
    main.o(.text.SystemClock_Config) refers to main.o(.text.Error_Handler) for Error_Handler
    main.o(.text.SystemClock_Config) refers to stm32f4xx_hal_rcc.o(.text.HAL_RCC_ClockConfig) for HAL_RCC_ClockConfig
    main.o(.ARM.exidx.text.SystemClock_Config) refers to main.o(.text.SystemClock_Config) for [Anonymous Symbol]
    main.o(.ARM.exidx.text.Error_Handler) refers to main.o(.text.Error_Handler) for [Anonymous Symbol]
    main.o(.text.HAL_TIM_PeriodElapsedCallback) refers to stm32f4xx_hal.o(.text.HAL_IncTick) for HAL_IncTick
    main.o(.ARM.exidx.text.HAL_TIM_PeriodElapsedCallback) refers to main.o(.text.HAL_TIM_PeriodElapsedCallback) for [Anonymous Symbol]
    gpio.o(.ARM.exidx.text.MX_GPIO_Init) refers to gpio.o(.text.MX_GPIO_Init) for [Anonymous Symbol]
    freertos.o(.text.MX_FREERTOS_Init) refers to freertos.o(.text.StartDefaultTask) for StartDefaultTask
    freertos.o(.text.MX_FREERTOS_Init) refers to freertos.o(.rodata.defaultTask_attributes) for defaultTask_attributes
    freertos.o(.text.MX_FREERTOS_Init) refers to cmsis_os2.o(.text.osThreadNew) for osThreadNew
[...]
    .L.str                                   0x080063a6   Data           8  timers.o(.rodata.str1.1)
    .init_array                              0x080063d4   Section        0  init_aeabi.o(.init_array)
    uxCriticalNesting                        0x2000000c   Data           4  port.o(.data.uxCriticalNesting)
    [Anonymous Symbol]                       0x2000000c   Section        0  port.o(.data.uxCriticalNesting)
    .bss                                     0x20000010   Section       96  libspace.o(.bss)
    HAL_RCC_CAN1_CLK_ENABLED                 0x20000070   Data           4  can.o(.bss.HAL_RCC_CAN1_CLK_ENABLED)
    [Anonymous Symbol]                       0x20000070   Section        0  can.o(.bss.HAL_RCC_CAN1_CLK_ENABLED)
    KernelState                              0x20000074   Data           4  cmsis_os2.o(.bss.KernelState)
    [Anonymous Symbol]                       0x20000074   Section        0  cmsis_os2.o(.bss.KernelState)
    prvCheckForValidListAndQueue.ucStaticTimerQueueStorage 0x20000628   Data         160  timers.o(.bss.prvCheckForValidListAndQueue.ucStaticTimerQueueStorage)
    [Anonymous Symbol]                       0x20000628   Section        0  timers.o(.bss.prvCheckForValidListAndQueue.ucStaticTimerQueueStorage)
    prvCheckForValidListAndQueue.xStaticTimerQueue 0x200006c8   Data          80  timers.o(.bss.prvCheckForValidListAndQueue.xStaticTimerQueue)
    [Anonymous Symbol]                       0x200006c8   Section        0  timers.o(.bss.prvCheckForValidListAndQueue.xStaticTimerQueue)
    prvSampleTimeNow.xLastTime               0x20000718   Data           4  timers.o(.bss.prvSampleTimeNow.xLastTime)
    [Anonymous Symbol]                       0x20000718   Section        0  timers.o(.bss.prvSampleTimeNow.xLastTime)
    pxCurrentTimerList                       0x20000720   Data           4  timers.o(.bss.pxCurrentTimerList)
    [Anonymous Symbol]                       0x20000720   Section        0  timers.o(.bss.pxCurrentTimerList)
    pxDelayedTaskList                        0x20000724   Data           4  tasks.o(.bss.pxDelayedTaskList)
    [Anonymous Symbol]                       0x20000724   Section        0  tasks.o(.bss.pxDelayedTaskList)
    pxEnd                                    0x20000728   Data           4  heap_4.o(.bss.pxEnd)
    [Anonymous Symbol]                       0x20000728   Section        0  heap_4.o(.bss.pxEnd)
    pxOverflowDelayedTaskList                0x2000072c   Data           4  tasks.o(.bss.pxOverflowDelayedTaskList)
    [Anonymous Symbol]                       0x2000072c   Section        0  tasks.o(.bss.pxOverflowDelayedTaskList)
    pxOverflowTimerList                      0x20000730   Data           4  timers.o(.bss.pxOverflowTimerList)
    [Anonymous Symbol]                       0x20000730   Section        0  timers.o(.bss.pxOverflowTimerList)
    pxReadyTasksLists                        0x20000734   Data        1120  tasks.o(.bss.pxReadyTasksLists)
    [Anonymous Symbol]                       0x20000734   Section        0  tasks.o(.bss.pxReadyTasksLists)
    ucHeap                                   0x20000b94   Data       15360  heap_4.o(.bss.ucHeap)
    [Anonymous Symbol]                       0x20000b94   Section        0  heap_4.o(.bss.ucHeap)
    ucMaxSysCallPriority                     0x20004794   Data           1  port.o(.bss.ucMaxSysCallPriority)
    [Anonymous Symbol]                       0x20004794   Section        0  port.o(.bss.ucMaxSysCallPriority)
    ulMaxPRIGROUPValue                       0x20004798   Data           4  port.o(.bss.ulMaxPRIGROUPValue)
    [Anonymous Symbol]                       0x20004798   Section        0  port.o(.bss.ulMaxPRIGROUPValue)
    uxCurrentNumberOfTasks                   0x200047a0   Data           4  tasks.o(.bss.uxCurrentNumberOfTasks)
    [Anonymous Symbol]                       0x200047a0   Section        0  tasks.o(.bss.uxCurrentNumberOfTasks)
    uxDeletedTasksWaitingCleanUp             0x200047a4   Data           4  tasks.o(.bss.uxDeletedTasksWaitingCleanUp)
    [Anonymous Symbol]                       0x200047a4   Section        0  tasks.o(.bss.uxDeletedTasksWaitingCleanUp)
    uxSchedulerSuspended                     0x200047a8   Data           4  tasks.o(.bss.uxSchedulerSuspended)
    [Anonymous Symbol]                       0x200047a8   Section        0  tasks.o(.bss.uxSchedulerSuspended)
    uxTaskNumber                             0x200047ac   Data           4  tasks.o(.bss.uxTaskNumber)
    [Anonymous Symbol]                       0x200047ac   Section        0  tasks.o(.bss.uxTaskNumber)
    uxTopReadyPriority                       0x200047b0   Data           4  tasks.o(.bss.uxTopReadyPriority)
    [Anonymous Symbol]                       0x200047b0   Section        0  tasks.o(.bss.uxTopReadyPriority)
    vApplicationGetIdleTaskMemory.Idle_Stack 0x200047b4   Data         512  cmsis_os2.o(.bss.vApplicationGetIdleTaskMemory.Idle_Stack)
    [Anonymous Symbol]                       0x200047b4   Section        0  cmsis_os2.o(.bss.vApplicationGetIdleTaskMemory.Idle_Stack)
    vApplicationGetIdleTaskMemory.Idle_TCB   0x200049b4   Data          92  cmsis_os2.o(.bss.vApplicationGetIdleTaskMemory.Idle_TCB)
    [Anonymous Symbol]                       0x200049b4   Section        0  cmsis_os2.o(.bss.vApplicationGetIdleTaskMemory.Idle_TCB)
    vApplicationGetTimerTaskMemory.Timer_Stack 0x20004a10   Data        1024  cmsis_os2.o(.bss.vApplicationGetTimerTaskMemory.Timer_Stack)
    [Anonymous Symbol]                       0x20004a10   Section        0  cmsis_os2.o(.bss.vApplicationGetTimerTaskMemory.Timer_Stack)
    vApplicationGetTimerTaskMemory.Timer_TCB 0x20004e10   Data          92  cmsis_os2.o(.bss.vApplicationGetTimerTaskMemory.Timer_TCB)
    [Anonymous Symbol]                       0x20004e10   Section        0  cmsis_os2.o(.bss.vApplicationGetTimerTaskMemory.Timer_TCB)
    xActiveTimerList1                        0x20004e6c   Data          20  timers.o(.bss.xActiveTimerList1)
    [Anonymous Symbol]                       0x20004e6c   Section        0  timers.o(.bss.xActiveTimerList1)
    xActiveTimerList2                        0x20004e80   Data          20  timers.o(.bss.xActiveTimerList2)
    [Anonymous Symbol]                       0x20004e80   Section        0  timers.o(.bss.xActiveTimerList2)
    xBlockAllocatedBit                       0x20004e94   Data           4  heap_4.o(.bss.xBlockAllocatedBit)
    [Anonymous Symbol]                       0x20004e94   Section        0  heap_4.o(.bss.xBlockAllocatedBit)
    xDelayedTaskList1                        0x20004e98   Data          20  tasks.o(.bss.xDelayedTaskList1)
    [Anonymous Symbol]                       0x20004e98   Section        0  tasks.o(.bss.xDelayedTaskList1)
    xDelayedTaskList2                        0x20004eac   Data          20  tasks.o(.bss.xDelayedTaskList2)
    [Anonymous Symbol]                       0x20004eac   Section        0  tasks.o(.bss.xDelayedTaskList2)
    xFreeBytesRemaining                      0x20004ec0   Data           4  heap_4.o(.bss.xFreeBytesRemaining)
    [Anonymous Symbol]                       0x20004ec0   Section        0  heap_4.o(.bss.xFreeBytesRemaining)
    xIdleTaskHandle                          0x20004ec4   Data           4  tasks.o(.bss.xIdleTaskHandle)
    [Anonymous Symbol]                       0x20004ec4   Section        0  tasks.o(.bss.xIdleTaskHandle)
    xMinimumEverFreeBytesRemaining           0x20004ec8   Data           4  heap_4.o(.bss.xMinimumEverFreeBytesRemaining)
    [Anonymous Symbol]                       0x20004ec8   Section        0  heap_4.o(.bss.xMinimumEverFreeBytesRemaining)
    xNextTaskUnblockTime                     0x20004ecc   Data           4  tasks.o(.bss.xNextTaskUnblockTime)
    [Anonymous Symbol]                       0x20004ecc   Section        0  tasks.o(.bss.xNextTaskUnblockTime)
    xNumOfOverflows                          0x20004ed0   Data           4  tasks.o(.bss.xNumOfOverflows)
    [Anonymous Symbol]                       0x20004ed0   Section        0  tasks.o(.bss.xNumOfOverflows)
    xNumberOfSuccessfulAllocations           0x20004ed4   Data           4  heap_4.o(.bss.xNumberOfSuccessfulAllocations)
    [Anonymous Symbol]                       0x20004ed4   Section        0  heap_4.o(.bss.xNumberOfSuccessfulAllocations)
    xNumberOfSuccessfulFrees                 0x20004ed8   Data           4  heap_4.o(.bss.xNumberOfSuccessfulFrees)
    [Anonymous Symbol]                       0x20004ed8   Section        0  heap_4.o(.bss.xNumberOfSuccessfulFrees)
    xPendedTicks                             0x20004edc   Data           4  tasks.o(.bss.xPendedTicks)
    [Anonymous Symbol]                       0x20004edc   Section        0  tasks.o(.bss.xPendedTicks)
    xPendingReadyList                        0x20004ee0   Data          20  tasks.o(.bss.xPendingReadyList)
    [Anonymous Symbol]                       0x20004ee0   Section        0  tasks.o(.bss.xPendingReadyList)
    xSchedulerRunning                        0x20004f34   Data           4  tasks.o(.bss.xSchedulerRunning)
    [Anonymous Symbol]                       0x20004f34   Section        0  tasks.o(.bss.xSchedulerRunning)
    xStart                                   0x20004f38   Data           8  heap_4.o(.bss.xStart)
    [Anonymous Symbol]                       0x20004f38   Section        0  heap_4.o(.bss.xStart)
    xSuspendedTaskList                       0x20004f40   Data          20  tasks.o(.bss.xSuspendedTaskList)
    [Anonymous Symbol]                       0x20004f40   Section        0  tasks.o(.bss.xSuspendedTaskList)
    xTasksWaitingTermination                 0x20004f54   Data          20  tasks.o(.bss.xTasksWaitingTermination)
    [Anonymous Symbol]                       0x20004f54   Section        0  tasks.o(.bss.xTasksWaitingTermination)
    xTickCount                               0x20004f68   Data           4  tasks.o(.bss.xTickCount)
    [Anonymous Symbol]                       0x20004f68   Section        0  tasks.o(.bss.xTickCount)
    xTimerQueue                              0x20004f6c   Data           4  timers.o(.bss.xTimerQueue)
    [Anonymous Symbol]                       0x20004f6c   Section        0  timers.o(.bss.xTimerQueue)
    xTimerTaskHandle                         0x20004f70   Data           4  timers.o(.bss.xTimerTaskHandle)
    [Anonymous Symbol]                       0x20004f70   Section        0  timers.o(.bss.xTimerTaskHandle)
    xYieldPending                            0x20004f74   Data           4  tasks.o(.bss.xYieldPending)
    [Anonymous Symbol]                       0x20004f74   Section        0  tasks.o(.bss.xYieldPending)
    Heap_Mem                                 0x20004f78   Data         512  startup_stm32f407xx.o(HEAP)
    HEAP                                     0x20004f78   Section      512  startup_stm32f407xx.o(HEAP)
    Stack_Mem                                0x20005178   Data        1024  startup_stm32f407xx.o(STACK)
    STACK                                    0x20005178   Section     1024  startup_stm32f407xx.o(STACK)
    __initial_sp                             0x20005578   Data           0  startup_stm32f407xx.o(STACK)

    Global Symbols

    Symbol Name                              Value     Ov Type        Size  Object(Section)

    BuildAttributes$$THM_ISAv4$E$P$D$K$B$S$7EM$VFPi3$EXTD16$VFPS$VFMA$PE$A:L22UL41UL21$X:L11$S22US41US21$IEEE1$IW$~IW$USESV6$~STKCKD$USESV7$~SHL$OSPACE$ROPI$EBA8$UX$STANDARDLIB$REQ8$PRES8$EABIv2 0x00000000   Number         0  anon$$obj.o ABSOLUTE
    __ARM_exceptions_init                     - Undefined Weak Reference
    __alloca_initialize                       - Undefined Weak Reference
    __arm_preinit_                            - Undefined Weak Reference
    __arm_relocate_pie_                       - Undefined Weak Reference
    __cxa_finalize                            - Undefined Weak Reference
    __rt_locale                               - Undefined Weak Reference
    __sigvec_lookup                           - Undefined Weak Reference
    _atexit_init                              - Undefined Weak Reference
    _call_atexit_fns                          - Undefined Weak Reference
    _clock_init                               - Undefined Weak Reference
    _fp_trap_init                             - Undefined Weak Reference
    _fp_trap_shutdown                         - Undefined Weak Reference
    _get_lc_collate                           - Undefined Weak Reference
    _get_lc_ctype                             - Undefined Weak Reference
    _get_lc_monetary                          - Undefined Weak Reference
    _get_lc_numeric                           - Undefined Weak Reference
    _get_lc_time                              - Undefined Weak Reference
    _getenv_init                              - Undefined Weak Reference
    _handle_redirection                       - Undefined Weak Reference
    _init_alloc                               - Undefined Weak Reference
    _init_user_alloc                          - Undefined Weak Reference
    _initio                                   - Undefined Weak Reference
    _rand_init                                - Undefined Weak Reference
    _signal_finish                            - Undefined Weak Reference
    _signal_init                              - Undefined Weak Reference
    _terminate_alloc                          - Undefined Weak Reference
    _terminate_user_alloc                     - Undefined Weak Reference
    _terminateio                              - Undefined Weak Reference
    __Vectors_Size                           0x00000188   Number         0  startup_stm32f407xx.o ABSOLUTE
    __Vectors                                0x08000000   Data           4  startup_stm32f407xx.o(RESET)
    __Vectors_End                            0x08000188   Data           0  startup_stm32f407xx.o(RESET)
    __main                                   0x08000189   Thumb Code     8  __main.o(!!!main)
    __scatterload                            0x08000191   Thumb Code     0  __scatter.o(!!!scatter)
    __scatterload_rt2                        0x08000191   Thumb Code    84  __scatter.o(!!!scatter)
    __scatterload_rt2_thumb_only             0x08000191   Thumb Code     0  __scatter.o(!!!scatter)
    __scatterload_loop                       0x0800019b   Thumb Code     0  __scatter.o(!!!scatter)
    __scatterload_copy                       0x080001ed   Thumb Code    26  __scatter_copy.o(!!handler_copy)
    __scatterload_null                       0x08000209   Thumb Code     2  __scatter.o(!!handler_null)
    __scatterload_zeroinit                   0x0800020d   Thumb Code    28  __scatter_zi.o(!!handler_zi)
    __rt_lib_init                            0x08000229   Thumb Code     0  libinit.o(.ARM.Collect$$libinit$$00000000)
    __rt_lib_init_fp_1                       0x0800022b   Thumb Code     0  libinit2.o(.ARM.Collect$$libinit$$00000001)
    __rt_lib_init_alloca_1                   0x0800022f   Thumb Code     0  libinit2.o(.ARM.Collect$$libinit$$00000030)
    __rt_lib_init_argv_1                     0x0800022f   Thumb Code     0  libinit2.o(.ARM.Collect$$libinit$$0000002E)
    __rt_lib_init_atexit_1                   0x0800022f   Thumb Code     0  libinit2.o(.ARM.Collect$$libinit$$0000001D)
    __rt_lib_init_clock_1                    0x0800022f   Thumb Code     0  libinit2.o(.ARM.Collect$$libinit$$00000023)
    __rt_lib_init_cpp_2                      0x0800022f   Thumb Code     0  libinit2.o(.ARM.Collect$$libinit$$00000033)
    __rt_lib_init_exceptions_1               0x0800022f   Thumb Code     0  libinit2.o(.ARM.Collect$$libinit$$00000032)
    __rt_lib_init_fp_trap_1                  0x0800022f   Thumb Code     0  libinit2.o(.ARM.Collect$$libinit$$00000021)
    __rt_lib_init_getenv_1                   0x0800022f   Thumb Code     0  libinit2.o(.ARM.Collect$$libinit$$00000025)
    __rt_lib_init_heap_1                     0x0800022f   Thumb Code     0  libinit2.o(.ARM.Collect$$libinit$$0000000C)
    __rt_lib_init_lc_collate_1               0x0800022f   Thumb Code     0  libinit2.o(.ARM.Collect$$libinit$$00000013)
    __rt_lib_init_lc_ctype_1                 0x0800022f   Thumb Code     0  libinit2.o(.ARM.Collect$$libinit$$00000015)
    __rt_lib_init_lc_monetary_1              0x0800022f   Thumb Code     0  libinit2.o(.ARM.Collect$$libinit$$00000017)
    __rt_lib_init_lc_numeric_1               0x0800022f   Thumb Code     0  libinit2.o(.ARM.Collect$$libinit$$00000019)
    __rt_lib_init_lc_time_1                  0x0800022f   Thumb Code     0  libinit2.o(.ARM.Collect$$libinit$$0000001B)
    __rt_lib_init_preinit_1                  0x0800022f   Thumb Code     0  libinit2.o(.ARM.Collect$$libinit$$00000006)
    __rt_lib_init_rand_1                     0x0800022f   Thumb Code     0  libinit2.o(.ARM.Collect$$libinit$$00000010)
    __rt_lib_init_relocate_pie_1             0x0800022f   Thumb Code     0  libinit2.o(.ARM.Collect$$libinit$$00000004)
    __rt_lib_init_signal_1                   0x0800022f   Thumb Code     0  libinit2.o(.ARM.Collect$$libinit$$0000001F)
    __rt_lib_init_stdio_1                    0x0800022f   Thumb Code     0  libinit2.o(.ARM.Collect$$libinit$$00000027)
    __rt_lib_init_user_alloc_1               0x0800022f   Thumb Code     0  libinit2.o(.ARM.Collect$$libinit$$0000000E)
    __rt_lib_init_cpp_1                      0x08000233   Thumb Code     0  libinit2.o(.ARM.Collect$$libinit$$00000034)
    __rt_lib_init_return                     0x08000233   Thumb Code     0  libinit2.o(.ARM.Collect$$libinit$$00000035)
    __rt_lib_shutdown                        0x08000235   Thumb Code     0  libshutdown.o(.ARM.Collect$$libshutdown$$00000000)
    __rt_lib_shutdown_cpp_1                  0x08000237   Thumb Code     0  libshutdown2.o(.ARM.Collect$$libshutdown$$00000002)
    __rt_lib_shutdown_fp_trap_1              0x08000237   Thumb Code     0  libshutdown2.o(.ARM.Collect$$libshutdown$$00000007)
    __rt_lib_shutdown_heap_1                 0x08000237   Thumb Code     0  libshutdown2.o(.ARM.Collect$$libshutdown$$0000000F)
    __rt_lib_shutdown_return                 0x08000237   Thumb Code     0  libshutdown2.o(.ARM.Collect$$libshutdown$$00000010)
    __rt_lib_shutdown_signal_1               0x08000237   Thumb Code     0  libshutdown2.o(.ARM.Collect$$libshutdown$$0000000A)
    __rt_lib_shutdown_stdio_1                0x08000237   Thumb Code     0  libshutdown2.o(.ARM.Collect$$libshutdown$$00000004)
    __rt_lib_shutdown_user_alloc_1           0x08000237   Thumb Code     0  libshutdown2.o(.ARM.Collect$$libshutdown$$0000000C)
    __rt_entry                               0x08000239   Thumb Code     0  __rtentry.o(.ARM.Collect$$rtentry$$00000000)
    __rt_entry_presh_1                       0x08000239   Thumb Code     0  __rtentry2.o(.ARM.Collect$$rtentry$$00000002)
    __rt_entry_sh                            0x08000239   Thumb Code     0  __rtentry4.o(.ARM.Collect$$rtentry$$00000004)
    __rt_entry_li                            0x0800023f   Thumb Code     0  __rtentry2.o(.ARM.Collect$$rtentry$$0000000A)
    __rt_entry_postsh_1                      0x0800023f   Thumb Code     0  __rtentry2.o(.ARM.Collect$$rtentry$$00000009)
    __rt_entry_main                          0x08000243   Thumb Code     0  __rtentry2.o(.ARM.Collect$$rtentry$$0000000D)
    __rt_entry_postli_1                      0x08000243   Thumb Code     0  __rtentry2.o(.ARM.Collect$$rtentry$$0000000C)
    __rt_exit                                0x0800024b   Thumb Code     0  rtexit.o(.ARM.Collect$$rtexit$$00000000)
    __rt_exit_ls                             0x0800024d   Thumb Code     0  rtexit2.o(.ARM.Collect$$rtexit$$00000003)
    __rt_exit_prels_1                        0x0800024d   Thumb Code     0  rtexit2.o(.ARM.Collect$$rtexit$$00000002)
    __rt_exit_exit                           0x08000251   Thumb Code     0  rtexit2.o(.ARM.Collect$$rtexit$$00000004)
    Reset_Handler                            0x08000259   Thumb Code     8  startup_stm32f407xx.o(.text)
    ADC_IRQHandler                           0x08000273   Thumb Code     0  startup_stm32f407xx.o(.text)
    CAN1_SCE_IRQHandler                      0x08000273   Thumb Code     0  startup_stm32f407xx.o(.text)
    CAN1_TX_IRQHandler                       0x08000273   Thumb Code     0  startup_stm32f407xx.o(.text)
    CAN2_SCE_IRQHandler                      0x08000273   Thumb Code     0  startup_stm32f407xx.o(.text)
    CAN2_TX_IRQHandler                       0x08000273   Thumb Code     0  startup_stm32f407xx.o(.text)
    DCMI_IRQHandler                          0x08000273   Thumb Code     0  startup_stm32f407xx.o(.text)
    DMA1_Stream0_IRQHandler                  0x08000273   Thumb Code     0  startup_stm32f407xx.o(.text)
    DMA1_Stream1_IRQHandler                  0x08000273   Thumb Code     0  startup_stm32f407xx.o(.text)
    DMA1_Stream2_IRQHandler                  0x08000273   Thumb Code     0  startup_stm32f407xx.o(.text)
    DMA1_Stream3_IRQHandler                  0x08000273   Thumb Code     0  startup_stm32f407xx.o(.text)
    DMA1_Stream4_IRQHandler                  0x08000273   Thumb Code     0  startup_stm32f407xx.o(.text)
    DMA1_Stream5_IRQHandler                  0x08000273   Thumb Code     0  startup_stm32f407xx.o(.text)
    DMA1_Stream6_IRQHandler                  0x08000273   Thumb Code     0  startup_stm32f407xx.o(.text)
    DMA1_Stream7_IRQHandler                  0x08000273   Thumb Code     0  startup_stm32f407xx.o(.text)
    DMA2_Stream0_IRQHandler                  0x08000273   Thumb Code     0  startup_stm32f407xx.o(.text)
    DMA2_Stream1_IRQHandler                  0x08000273   Thumb Code     0  startup_stm32f407xx.o(.text)
    DMA2_Stream2_IRQHandler                  0x08000273   Thumb Code     0  startup_stm32f407xx.o(.text)
    DMA2_Stream3_IRQHandler                  0x08000273   Thumb Code     0  startup_stm32f407xx.o(.text)
    DMA2_Stream4_IRQHandler                  0x08000273   Thumb Code     0  startup_stm32f407xx.o(.text)
    DMA2_Stream5_IRQHandler                  0x08000273   Thumb Code     0  startup_stm32f407xx.o(.text)
    DMA2_Stream6_IRQHandler                  0x08000273   Thumb Code     0  startup_stm32f407xx.o(.text)
    DMA2_Stream7_IRQHandler                  0x08000273   Thumb Code     0  startup_stm32f407xx.o(.text)
    ETH_IRQHandler                           0x08000273   Thumb Code     0  startup_stm32f407xx.o(.text)
    ETH_WKUP_IRQHandler                      0x08000273   Thumb Code     0  startup_stm32f407xx.o(.text)
    EXTI0_IRQHandler                         0x08000273   Thumb Code     0  startup_stm32f407xx.o(.text)
    EXTI15_10_IRQHandler                     0x08000273   Thumb Code     0  startup_stm32f407xx.o(.text)
    EXTI1_IRQHandler                         0x08000273   Thumb Code     0  startup_stm32f407xx.o(.text)
    EXTI2_IRQHandler                         0x08000273   Thumb Code     0  startup_stm32f407xx.o(.text)
    EXTI3_IRQHandler                         0x08000273   Thumb Code     0  startup_stm32f407xx.o(.text)
    EXTI4_IRQHandler                         0x08000273   Thumb Code     0  startup_stm32f407xx.o(.text)
    EXTI9_5_IRQHandler                       0x08000273   Thumb Code     0  startup_stm32f407xx.o(.text)
    FLASH_IRQHandler                         0x08000273   Thumb Code     0  startup_stm32f407xx.o(.text)
    FMC_IRQHandler                           0x08000273   Thumb Code     0  startup_stm32f407xx.o(.text)
    FPU_IRQHandler                           0x08000273   Thumb Code     0  startup_stm32f407xx.o(.text)
    HASH_RNG_IRQHandler                      0x08000273   Thumb Code     0  startup_stm32f407xx.o(.text)
    I2C1_ER_IRQHandler                       0x08000273   Thumb Code     0  startup_stm32f407xx.o(.text)
    I2C1_EV_IRQHandler                       0x08000273   Thumb Code     0  startup_stm32f407xx.o(.text)
    I2C2_ER_IRQHandler                       0x08000273   Thumb Code     0  startup_stm32f407xx.o(.text)
    I2C2_EV_IRQHandler                       0x08000273   Thumb Code     0  startup_stm32f407xx.o(.text)
    I2C3_ER_IRQHandler                       0x08000273   Thumb Code     0  startup_stm32f407xx.o(.text)
    I2C3_EV_IRQHandler                       0x08000273   Thumb Code     0  startup_stm32f407xx.o(.text)
    OTG_FS_IRQHandler                        0x08000273   Thumb Code     0  startup_stm32f407xx.o(.text)
    OTG_FS_WKUP_IRQHandler                   0x08000273   Thumb Code     0  startup_stm32f407xx.o(.text)
    OTG_HS_EP1_IN_IRQHandler                 0x08000273   Thumb Code     0  startup_stm32f407xx.o(.text)
    OTG_HS_EP1_OUT_IRQHandler                0x08000273   Thumb Code     0  startup_stm32f407xx.o(.text)
    OTG_HS_IRQHandler                        0x08000273   Thumb Code     0  startup_stm32f407xx.o(.text)
    OTG_HS_WKUP_IRQHandler                   0x08000273   Thumb Code     0  startup_stm32f407xx.o(.text)
    PVD_IRQHandler                           0x08000273   Thumb Code     0  startup_stm32f407xx.o(.text)
    RCC_IRQHandler                           0x08000273   Thumb Code     0  startup_stm32f407xx.o(.text)
    RTC_Alarm_IRQHandler                     0x08000273   Thumb Code     0  startup_stm32f407xx.o(.text)
    RTC_WKUP_IRQHandler                      0x08000273   Thumb Code     0  startup_stm32f407xx.o(.text)
    SDIO_IRQHandler                          0x08000273   Thumb Code     0  startup_stm32f407xx.o(.text)
    SPI1_IRQHandler                          0x08000273   Thumb Code     0  startup_stm32f407xx.o(.text)
    SPI2_IRQHandler                          0x08000273   Thumb Code     0  startup_stm32f407xx.o(.text)
    SPI3_IRQHandler                          0x08000273   Thumb Code     0  startup_stm32f407xx.o(.text)
    TAMP_STAMP_IRQHandler                    0x08000273   Thumb Code     0  startup_stm32f407xx.o(.text)
    TIM1_BRK_TIM9_IRQHandler                 0x08000273   Thumb Code     0  startup_stm32f407xx.o(.text)
    TIM1_CC_IRQHandler                       0x08000273   Thumb Code     0  startup_stm32f407xx.o(.text)
    TIM1_TRG_COM_TIM11_IRQHandler            0x08000273   Thumb Code     0  startup_stm32f407xx.o(.text)
    TIM1_UP_TIM10_IRQHandler                 0x08000273   Thumb Code     0  startup_stm32f407xx.o(.text)
    TIM2_IRQHandler                          0x08000273   Thumb Code     0  startup_stm32f407xx.o(.text)
    TIM3_IRQHandler                          0x08000273   Thumb Code     0  startup_stm32f407xx.o(.text)
    TIM4_IRQHandler                          0x08000273   Thumb Code     0  startup_stm32f407xx.o(.text)
    TIM5_IRQHandler                          0x08000273   Thumb Code     0  startup_stm32f407xx.o(.text)
    TIM7_IRQHandler                          0x08000273   Thumb Code     0  startup_stm32f407xx.o(.text)
    TIM8_BRK_TIM12_IRQHandler                0x08000273   Thumb Code     0  startup_stm32f407xx.o(.text)
    TIM8_CC_IRQHandler                       0x08000273   Thumb Code     0  startup_stm32f407xx.o(.text)
    TIM8_TRG_COM_TIM14_IRQHandler            0x08000273   Thumb Code     0  startup_stm32f407xx.o(.text)
    TIM8_UP_TIM13_IRQHandler                 0x08000273   Thumb Code     0  startup_stm32f407xx.o(.text)
    UART4_IRQHandler                         0x08000273   Thumb Code     0  startup_stm32f407xx.o(.text)
    UART5_IRQHandler                         0x08000273   Thumb Code     0  startup_stm32f407xx.o(.text)
    USART1_IRQHandler                        0x08000273   Thumb Code     0  startup_stm32f407xx.o(.text)
    USART2_IRQHandler                        0x08000273   Thumb Code     0  startup_stm32f407xx.o(.text)
    WWDG_IRQHandler                          0x08000273   Thumb Code     0  startup_stm32f407xx.o(.text)
    __user_initial_stackheap                 0x08000275   Thumb Code     0  startup_stm32f407xx.o(.text)
    __aeabi_uldivmod                         0x08000299   Thumb Code     0  lludivv7m.o(.text)
    _ll_udiv                                 0x08000299   Thumb Code   240  lludivv7m.o(.text)
    __aeabi_memcpy                           0x08000389   Thumb Code     0  rt_memcpy_v6.o(.text)
    __rt_memcpy                              0x08000389   Thumb Code   138  rt_memcpy_v6.o(.text)
    _memcpy_lastbytes                        0x080003ef   Thumb Code     0  rt_memcpy_v6.o(.text)
    __aeabi_memset4                          0x08000413   Thumb Code    16  aeabi_memset4.o(.text)
    __aeabi_memset8                          0x08000413   Thumb Code     0  aeabi_memset4.o(.text)
    __aeabi_memclr4                          0x08000423   Thumb Code     0  rt_memclr_w.o(.text)
    __aeabi_memclr8                          0x08000423   Thumb Code     0  rt_memclr_w.o(.text)
    __rt_memclr_w                            0x08000423   Thumb Code     0  rt_memclr_w.o(.text)
    _memset_w                                0x08000427   Thumb Code    74  rt_memclr_w.o(.text)
    __use_two_region_memory                  0x08000471   Thumb Code     2  heapauxi.o(.text)
    __rt_heap_escrow$2region                 0x08000473   Thumb Code     2  heapauxi.o(.text)
    __rt_heap_expand$2region                 0x08000475   Thumb Code     2  heapauxi.o(.text)
    __cpp_initialize__aeabi_                 0x08000479   Thumb Code    36  init_aeabi.o(.text)
    __aeabi_memcpy4                          0x080004a5   Thumb Code     0  rt_memcpy_w.o(.text)
    __aeabi_memcpy8                          0x080004a5   Thumb Code     0  rt_memcpy_w.o(.text)
    __rt_memcpy_w                            0x080004a5   Thumb Code   100  rt_memcpy_w.o(.text)
    _memcpy_lastbytes_aligned                0x080004ed   Thumb Code     0  rt_memcpy_w.o(.text)
    _sys_exit                                0x08000509   Thumb Code     8  sys_exit.o(.text)
    __user_setup_stackheap                   0x08000515   Thumb Code    74  sys_stackheap_outer.o(.text)
    exit                                     0x0800055f   Thumb Code    18  exit.o(.text)
    __user_libspace                          0x08000571   Thumb Code     8  libspace.o(.text)
    __user_perproc_libspace                  0x08000571   Thumb Code     0  libspace.o(.text)
    __user_perthread_libspace                0x08000571   Thumb Code     0  libspace.o(.text)
    __I$use$semihosting                      0x08000579   Thumb Code     0  use_no_semi.o(.text)
    __use_no_semihosting_swi                 0x08000579   Thumb Code     2  use_no_semi.o(.text)
    __semihosting_library_function           0x0800057b   Thumb Code     0  indicate_semi.o(.text)
    BusFault_Handler                         0x0800057d   Thumb Code     4  stm32f4xx_it.o(.text.BusFault_Handler)
    CAN1_RX0_IRQHandler                      0x08000581   Thumb Code    16  stm32f4xx_it.o(.text.CAN1_RX0_IRQHandler)
    CAN1_RX1_IRQHandler                      0x08000591   Thumb Code    16  stm32f4xx_it.o(.text.CAN1_RX1_IRQHandler)
    CAN2_RX0_IRQHandler                      0x080005a1   Thumb Code    16  stm32f4xx_it.o(.text.CAN2_RX0_IRQHandler)
    CAN2_RX1_IRQHandler                      0x080005b1   Thumb Code    16  stm32f4xx_it.o(.text.CAN2_RX1_IRQHandler)
    DebugMon_Handler                         0x080005c1   Thumb Code     2  stm32f4xx_it.o(.text.DebugMon_Handler)
    Error_Handler                            0x080005c5   Thumb Code     6  main.o(.text.Error_Handler)
    HAL_CAN_ErrorCallback                    0x080005cd   Thumb Code     8  stm32f4xx_hal_can.o(.text.HAL_CAN_ErrorCallback)
    HAL_CAN_IRQHandler                       0x080005d5   Thumb Code  1010  stm32f4xx_hal_can.o(.text.HAL_CAN_IRQHandler)
    HAL_CAN_Init                             0x080009c9   Thumb Code   478  stm32f4xx_hal_can.o(.text.HAL_CAN_Init)
    HAL_CAN_MspInit                          0x08000ba9   Thumb Code   432  can.o(.text.HAL_CAN_MspInit)
    HAL_CAN_RxFifo0FullCallback              0x08000d59   Thumb Code     8  stm32f4xx_hal_can.o(.text.HAL_CAN_RxFifo0FullCallback)
    HAL_CAN_RxFifo0MsgPendingCallback        0x08000d61   Thumb Code     8  stm32f4xx_hal_can.o(.text.HAL_CAN_RxFifo0MsgPendingCallback)
    HAL_CAN_RxFifo1FullCallback              0x08000d69   Thumb Code     8  stm32f4xx_hal_can.o(.text.HAL_CAN_RxFifo1FullCallback)
    HAL_CAN_RxFifo1MsgPendingCallback        0x08000d71   Thumb Code     8  stm32f4xx_hal_can.o(.text.HAL_CAN_RxFifo1MsgPendingCallback)
    HAL_CAN_SleepCallback                    0x08000d79   Thumb Code     8  stm32f4xx_hal_can.o(.text.HAL_CAN_SleepCallback)
    HAL_CAN_TxMailbox0AbortCallback          0x08000d81   Thumb Code     8  stm32f4xx_hal_can.o(.text.HAL_CAN_TxMailbox0AbortCallback)
    HAL_CAN_TxMailbox0CompleteCallback       0x08000d89   Thumb Code     8  stm32f4xx_hal_can.o(.text.HAL_CAN_TxMailbox0CompleteCallback)
    HAL_CAN_TxMailbox1AbortCallback          0x08000d91   Thumb Code     8  stm32f4xx_hal_can.o(.text.HAL_CAN_TxMailbox1AbortCallback)
    HAL_CAN_TxMailbox1CompleteCallback       0x08000d99   Thumb Code     8  stm32f4xx_hal_can.o(.text.HAL_CAN_TxMailbox1CompleteCallback)
    HAL_CAN_TxMailbox2AbortCallback          0x08000da1   Thumb Code     8  stm32f4xx_hal_can.o(.text.HAL_CAN_TxMailbox2AbortCallback)
    HAL_CAN_TxMailbox2CompleteCallback       0x08000da9   Thumb Code     8  stm32f4xx_hal_can.o(.text.HAL_CAN_TxMailbox2CompleteCallback)
    HAL_CAN_WakeUpFromRxMsgCallback          0x08000db1   Thumb Code     8  stm32f4xx_hal_can.o(.text.HAL_CAN_WakeUpFromRxMsgCallback)
    HAL_DMA_Abort                            0x08000db9   Thumb Code   236  stm32f4xx_hal_dma.o(.text.HAL_DMA_Abort)
    HAL_DMA_Abort_IT                         0x08000ea5   Thumb Code    68  stm32f4xx_hal_dma.o(.text.HAL_DMA_Abort_IT)
    HAL_GPIO_Init                            0x08000ee9   Thumb Code   950  stm32f4xx_hal_gpio.o(.text.HAL_GPIO_Init)
    HAL_GetTick                              0x080012a1   Thumb Code    12  stm32f4xx_hal.o(.text.HAL_GetTick)
    HAL_IncTick                              0x080012ad   Thumb Code    26  stm32f4xx_hal.o(.text.HAL_IncTick)
    HAL_Init                                 0x080012c9   Thumb Code    54  stm32f4xx_hal.o(.text.HAL_Init)
    HAL_InitTick                             0x08001301   Thumb Code   240  stm32f4xx_hal_timebase_tim.o(.text.HAL_InitTick)
    HAL_MspInit                              0x080013f1   Thumb Code    88  stm32f4xx_hal_msp.o(.text.HAL_MspInit)
    HAL_NVIC_EnableIRQ                       0x08001449   Thumb Code    20  stm32f4xx_hal_cortex.o(.text.HAL_NVIC_EnableIRQ)
    HAL_NVIC_SetPriority                     0x0800145d   Thumb Code    50  stm32f4xx_hal_cortex.o(.text.HAL_NVIC_SetPriority)
    HAL_NVIC_SetPriorityGrouping             0x08001491   Thumb Code    16  stm32f4xx_hal_cortex.o(.text.HAL_NVIC_SetPriorityGrouping)
    HAL_RCC_ClockConfig                      0x080014a1   Thumb Code   610  stm32f4xx_hal_rcc.o(.text.HAL_RCC_ClockConfig)
    HAL_RCC_GetClockConfig                   0x08001705   Thumb Code    84  stm32f4xx_hal_rcc.o(.text.HAL_RCC_GetClockConfig)
    HAL_RCC_GetHCLKFreq                      0x08001759   Thumb Code    12  stm32f4xx_hal_rcc.o(.text.HAL_RCC_GetHCLKFreq)
    HAL_RCC_GetPCLK1Freq                     0x08001765   Thumb Code    34  stm32f4xx_hal_rcc.o(.text.HAL_RCC_GetPCLK1Freq)
    HAL_RCC_GetPCLK2Freq                     0x08001789   Thumb Code    34  stm32f4xx_hal_rcc.o(.text.HAL_RCC_GetPCLK2Freq)
    HAL_RCC_GetSysClockFreq                  0x080017ad   Thumb Code   230  stm32f4xx_hal_rcc.o(.text.HAL_RCC_GetSysClockFreq)
    HAL_RCC_OscConfig                        0x08001895   Thumb Code  1726  stm32f4xx_hal_rcc.o(.text.HAL_RCC_OscConfig)
    HAL_TIMEx_BreakCallback                  0x08001f55   Thumb Code     8  stm32f4xx_hal_tim_ex.o(.text.HAL_TIMEx_BreakCallback)
    HAL_TIMEx_CommutCallback                 0x08001f5d   Thumb Code     8  stm32f4xx_hal_tim_ex.o(.text.HAL_TIMEx_CommutCallback)
    HAL_TIM_Base_Init                        0x08001f65   Thumb Code   156  stm32f4xx_hal_tim.o(.text.HAL_TIM_Base_Init)
    HAL_TIM_Base_MspInit                     0x08002001   Thumb Code     8  stm32f4xx_hal_tim.o(.text.HAL_TIM_Base_MspInit)
    HAL_TIM_Base_Start_IT                    0x08002009   Thumb Code   246  stm32f4xx_hal_tim.o(.text.HAL_TIM_Base_Start_IT)
    HAL_TIM_IC_CaptureCallback               0x08002101   Thumb Code     8  stm32f4xx_hal_tim.o(.text.HAL_TIM_IC_CaptureCallback)
    HAL_TIM_IRQHandler                       0x08002109   Thumb Code   538  stm32f4xx_hal_tim.o(.text.HAL_TIM_IRQHandler)
    HAL_TIM_OC_DelayElapsedCallback          0x08002325   Thumb Code     8  stm32f4xx_hal_tim.o(.text.HAL_TIM_OC_DelayElapsedCallback)
    HAL_TIM_PWM_PulseFinishedCallback        0x0800232d   Thumb Code     8  stm32f4xx_hal_tim.o(.text.HAL_TIM_PWM_PulseFinishedCallback)
    HAL_TIM_PeriodElapsedCallback            0x08002335   Thumb Code    34  main.o(.text.HAL_TIM_PeriodElapsedCallback)
    HAL_TIM_TriggerCallback                  0x08002359   Thumb Code     8  stm32f4xx_hal_tim.o(.text.HAL_TIM_TriggerCallback)
    HAL_UARTEx_RxEventCallback               0x08002361   Thumb Code    12  stm32f4xx_hal_uart.o(.text.HAL_UARTEx_RxEventCallback)
    HAL_UART_ErrorCallback                   0x0800236d   Thumb Code     8  stm32f4xx_hal_uart.o(.text.HAL_UART_ErrorCallback)
    HAL_UART_IRQHandler                      0x08002375   Thumb Code  1068  stm32f4xx_hal_uart.o(.text.HAL_UART_IRQHandler)
    HAL_UART_Init                            0x080027a1   Thumb Code   158  stm32f4xx_hal_uart.o(.text.HAL_UART_Init)
    HAL_UART_MspInit                         0x08002841   Thumb Code   396  usart.o(.text.HAL_UART_MspInit)
    HAL_UART_Receive_IT                      0x080029cd   Thumb Code    86  stm32f4xx_hal_uart.o(.text.HAL_UART_Receive_IT)
    HAL_UART_RxCpltCallback                  0x08002a25   Thumb Code   126  serialdevice.o(.text.HAL_UART_RxCpltCallback)
    HAL_UART_TxCpltCallback                  0x08002aa5   Thumb Code     8  stm32f4xx_hal_uart.o(.text.HAL_UART_TxCpltCallback)
    HardFault_Handler                        0x08002aad   Thumb Code     4  stm32f4xx_it.o(.text.HardFault_Handler)
    MX_CAN1_Init                             0x08002ab1   Thumb Code    78  can.o(.text.MX_CAN1_Init)
    MX_CAN2_Init                             0x08002b01   Thumb Code    78  can.o(.text.MX_CAN2_Init)
    MX_FREERTOS_Init                         0x08002b51   Thumb Code    36  freertos.o(.text.MX_FREERTOS_Init)
    MX_GPIO_Init                             0x08002b75   Thumb Code   210  gpio.o(.text.MX_GPIO_Init)
    MX_USART3_UART_Init                      0x08002c49   Thumb Code    68  usart.o(.text.MX_USART3_UART_Init)
    MX_USART6_UART_Init                      0x08002c8d   Thumb Code    64  usart.o(.text.MX_USART6_UART_Init)
    MemManage_Handler                        0x08002ccd   Thumb Code     4  stm32f4xx_it.o(.text.MemManage_Handler)
    NMI_Handler                              0x08002cd1   Thumb Code     4  stm32f4xx_it.o(.text.NMI_Handler)
    PendSV_Handler                           0x08002d41   Thumb Code   100  port.o(.text.PendSV_Handler)
    SVC_Handler                              0x08002db1   Thumb Code    36  port.o(.text.SVC_Handler)
    StartDefaultTask                         0x08002de5   Thumb Code    26  freertos.o(.text.StartDefaultTask)
    Start_tasks                              0x08002e01   Thumb Code     2  start.o(.text.Start_tasks)
    SysTick_Handler                          0x08002e05   Thumb Code    30  cmsis_os2.o(.text.SysTick_Handler)
    SystemClock_Config                       0x08002e25   Thumb Code   186  main.o(.text.SystemClock_Config)
    SystemInit                               0x08002ee1   Thumb Code    18  system_stm32f4xx.o(.text.SystemInit)
    TIM6_DAC_IRQHandler                      0x08002ef5   Thumb Code    16  stm32f4xx_it.o(.text.TIM6_DAC_IRQHandler)
    TIM_Base_SetConfig                       0x08002f05   Thumb Code   432  stm32f4xx_hal_tim.o(.text.TIM_Base_SetConfig)
    UART_Start_Receive_IT                    0x08003439   Thumb Code    98  stm32f4xx_hal_uart.o(.text.UART_Start_Receive_IT)
    USART3_IRQHandler                        0x08003531   Thumb Code    16  stm32f4xx_it.o(.text.USART3_IRQHandler)
    USART6_IRQHandler                        0x08003541   Thumb Code    16  stm32f4xx_it.o(.text.USART6_IRQHandler)
    UsageFault_Handler                       0x08003551   Thumb Code     4  stm32f4xx_it.o(.text.UsageFault_Handler)
    TaskInfo::TaskInfo__sub_object()         0x0800355d   Thumb Code    64  taskmanager.o(.text._ZN8TaskInfoC2Ev)
    before_Start_tasks                       0x080036d9   Thumb Code     2  start.o(.text.before_Start_tasks)
    main                                     0x080036dd   Thumb Code    52  main.o(.text.main)
    osDelay                                  0x08003711   Thumb Code    52  cmsis_os2.o(.text.osDelay)
    osKernelInitialize                       0x08003745   Thumb Code    70  cmsis_os2.o(.text.osKernelInitialize)
    osKernelStart                            0x0800378d   Thumb Code    82  cmsis_os2.o(.text.osKernelStart)
    osThreadNew                              0x080037e1   Thumb Code   346  cmsis_os2.o(.text.osThreadNew)
    pvPortMalloc                             0x080047e1   Thumb Code   492  heap_4.o(.text.pvPortMalloc)
    pxPortInitialiseStack                    0x080049cd   Thumb Code    94  port.o(.text.pxPortInitialiseStack)
    uxListRemove                             0x08004a2d   Thumb Code    72  list.o(.text.uxListRemove)
    vApplicationGetIdleTaskMemory            0x08004a75   Thumb Code    42  cmsis_os2.o(.text.vApplicationGetIdleTaskMemory)
    vApplicationGetTimerTaskMemory           0x08004aa1   Thumb Code    44  cmsis_os2.o(.text.vApplicationGetTimerTaskMemory)
    vListInitialise                          0x08004acd   Thumb Code    46  list.o(.text.vListInitialise)
    vListInitialiseItem                      0x08004afd   Thumb Code    14  list.o(.text.vListInitialiseItem)
    vListInsert                              0x08004b0d   Thumb Code   106  list.o(.text.vListInsert)
    vListInsertEnd                           0x08004b79   Thumb Code    58  list.o(.text.vListInsertEnd)
    vPortEnterCritical                       0x08004bc9   Thumb Code    86  port.o(.text.vPortEnterCritical)
    vPortExitCritical                        0x08004c21   Thumb Code    74  port.o(.text.vPortExitCritical)
    vPortFree                                0x08004c6d   Thumb Code   206  heap_4.o(.text.vPortFree)
    vPortSetupTimerInterrupt                 0x08004d3d   Thumb Code    68  port.o(.text.vPortSetupTimerInterrupt)
    vPortValidateInterruptPriority           0x08004d81   Thumb Code   132  port.o(.text.vPortValidateInterruptPriority)
    vQueueAddToRegistry                      0x08004e05   Thumb Code    82  queue.o(.text.vQueueAddToRegistry)
    vQueueWaitForMessageRestricted           0x08004e59   Thumb Code   100  queue.o(.text.vQueueWaitForMessageRestricted)
    vTaskDelay                               0x08004ebd   Thumb Code   110  tasks.o(.text.vTaskDelay)
    vTaskInternalSetTimeOutState             0x08004f2d   Thumb Code    36  tasks.o(.text.vTaskInternalSetTimeOutState)
    vTaskMissedYield                         0x08004f51   Thumb Code    14  tasks.o(.text.vTaskMissedYield)
    vTaskPlaceOnEventList                    0x08004f61   Thumb Code    66  tasks.o(.text.vTaskPlaceOnEventList)
    vTaskPlaceOnEventListRestricted          0x08004fa5   Thumb Code    82  tasks.o(.text.vTaskPlaceOnEventListRestricted)
    vTaskStartScheduler                      0x08004ff9   Thumb Code   224  tasks.o(.text.vTaskStartScheduler)
    vTaskSuspendAll                          0x080050d9   Thumb Code    16  tasks.o(.text.vTaskSuspendAll)
    vTaskSwitchContext                       0x080050e9   Thumb Code   198  tasks.o(.text.vTaskSwitchContext)
    xPortStartScheduler                      0x080051b1   Thumb Code   342  port.o(.text.xPortStartScheduler)
    xPortSysTickHandler                      0x08005309   Thumb Code    60  port.o(.text.xPortSysTickHandler)
    xQueueGenericCreateStatic                0x08005345   Thumb Code   270  queue.o(.text.xQueueGenericCreateStatic)
    xQueueGenericReset                       0x08005455   Thumb Code   186  queue.o(.text.xQueueGenericReset)
    xQueueGenericSend                        0x08005511   Thumb Code   556  queue.o(.text.xQueueGenericSend)
    xQueueGenericSendFromISR                 0x0800573d   Thumb Code   332  queue.o(.text.xQueueGenericSendFromISR)
    xQueueReceive                            0x08005889   Thumb Code   476  queue.o(.text.xQueueReceive)
    xTaskCheckForTimeOut                     0x08005a65   Thumb Code   204  tasks.o(.text.xTaskCheckForTimeOut)
    xTaskCreate                              0x08005b31   Thumb Code   158  tasks.o(.text.xTaskCreate)
    xTaskCreateStatic                        0x08005bd1   Thumb Code   206  tasks.o(.text.xTaskCreateStatic)
    xTaskGetSchedulerState                   0x08005ca1   Thumb Code    56  tasks.o(.text.xTaskGetSchedulerState)
    xTaskGetTickCount                        0x08005cd9   Thumb Code    20  tasks.o(.text.xTaskGetTickCount)
    xTaskIncrementTick                       0x08005ced   Thumb Code   452  tasks.o(.text.xTaskIncrementTick)
    xTaskPriorityDisinherit                  0x08005eb1   Thumb Code   236  tasks.o(.text.xTaskPriorityDisinherit)
    xTaskRemoveFromEventList                 0x08005f9d   Thumb Code   206  tasks.o(.text.xTaskRemoveFromEventList)
    xTaskResumeAll                           0x0800606d   Thumb Code   390  tasks.o(.text.xTaskResumeAll)
    xTimerCreateTimerTask                    0x080061f5   Thumb Code   148  timers.o(.text.xTimerCreateTimerTask)
    xTimerGenericCommand                     0x08006289   Thumb Code   176  timers.o(.text.xTimerGenericCommand)
    _fp_init                                 0x08006339   Thumb Code    26  fpinit.o(x$fpl$fpinit)
    __fplib_config_fpu_vfp                   0x08006351   Thumb Code     0  fpinit.o(x$fpl$fpinit)
    __fplib_config_pureend_doubles           0x08006351   Thumb Code     0  fpinit.o(x$fpl$fpinit)
    AHBPrescTable                            0x08006352   Data          16  system_stm32f4xx.o(.rodata.AHBPrescTable)
    APBPrescTable                            0x08006362   Data           8  system_stm32f4xx.o(.rodata.APBPrescTable)
    defaultTask_attributes                   0x0800636c   Data          36  freertos.o(.rodata.defaultTask_attributes)
    Region$$Table$$Base                      0x080063b0   Number         0  anon$$obj.o(Region$$Table)
    Region$$Table$$Limit                     0x080063d0   Number         0  anon$$obj.o(Region$$Table)
    SHT$$INIT_ARRAY$$Base                    0x080063d0   Number         0  taskmanager.o(.init_array)
    SHT$$INIT_ARRAY$$Limit                   0x080063d4   Number         0  init_aeabi.o(.init_array)
    SystemCoreClock                          0x20000000   Data           4  system_stm32f4xx.o(.data.SystemCoreClock)
    uwTickFreq                               0x20000004   Data           1  stm32f4xx_hal.o(.data.uwTickFreq)
    uwTickPrio                               0x20000008   Data           4  stm32f4xx_hal.o(.data.uwTickPrio)
    __libspace_start                         0x20000010   Data          96  libspace.o(.bss)
    __temporary_stack_top$libspace           0x20000070   Data           0  libspace.o(.bss)
    TaskManager::tasks                       0x20000078   Data        1120  taskmanager.o(.bss._ZN11TaskManager5tasksE)
    SerialDevice::instances_                 0x200004d8   Data          32  serialdevice.o(.bss._ZN12SerialDevice10instances_E)
    SerialDevice::instanceCount_             0x200004f8   Data           4  serialdevice.o(.bss._ZN12SerialDevice14instanceCount_E)
    defaultTaskHandle                        0x200004fc   Data           4  freertos.o(.bss.defaultTaskHandle)
    hcan1                                    0x20000500   Data          40  can.o(.bss.hcan1)
    hcan2                                    0x20000528   Data          40  can.o(.bss.hcan2)
    htim6                                    0x20000550   Data          72  stm32f4xx_hal_timebase_tim.o(.bss.htim6)
    huart3                                   0x20000598   Data          72  usart.o(.bss.huart3)
    huart6                                   0x200005e0   Data          72  usart.o(.bss.huart6)
    pxCurrentTCB                             0x2000071c   Data           4  tasks.o(.bss.pxCurrentTCB)
    uwTick                                   0x2000479c   Data           4  stm32f4xx_hal.o(.bss.uwTick)
    xQueueRegistry                           0x20004ef4   Data          64  queue.o(.bss.xQueueRegistry)



==============================================================================

Memory Map of the image

  Image Entry point : 0x08000189

  Load Region LR_IROM1 (Base: 0x08000000, Size: 0x000063e8, Max: 0x00100000, ABSOLUTE)

    Execution Region ER_IROM1 (Exec base: 0x08000000, Load base: 0x08000000, Size: 0x000063d4, Max: 0x00100000, ABSOLUTE)

    Exec Addr    Load Addr    Size         Type   Attr      Idx    E Section Name        Object

    0x08000000   0x08000000   0x00000188   Data   RO            3    RESET               startup_stm32f407xx.o
    0x08000188   0x08000188   0x00000008   Code   RO         1891  * !!!main             c_w.l(__main.o)
    0x08000190   0x08000190   0x0000005c   Code   RO         2094    !!!scatter          c_w.l(__scatter.o)
    0x080001ec   0x080001ec   0x0000001a   Code   RO         2098    !!handler_copy      c_w.l(__scatter_copy.o)
    0x08000206   0x08000206   0x00000002   PAD
    0x08000208   0x08000208   0x00000002   Code   RO         2095    !!handler_null      c_w.l(__scatter.o)
    0x0800020a   0x0800020a   0x00000002   PAD
    0x0800020c   0x0800020c   0x0000001c   Code   RO         2100    !!handler_zi        c_w.l(__scatter_zi.o)
    0x08000228   0x08000228   0x00000002   Code   RO         2015    .ARM.Collect$$libinit$$00000000  c_w.l(libinit.o)
    0x0800022a   0x0800022a   0x00000004   Code   RO         1912    .ARM.Collect$$libinit$$00000001  c_w.l(libinit2.o)
    0x0800022e   0x0800022e   0x00000000   Code   RO         1915    .ARM.Collect$$libinit$$00000004  c_w.l(libinit2.o)
    0x0800022e   0x0800022e   0x00000000   Code   RO         1917    .ARM.Collect$$libinit$$00000006  c_w.l(libinit2.o)
    0x0800022e   0x0800022e   0x00000000   Code   RO         1920    .ARM.Collect$$libinit$$0000000C  c_w.l(libinit2.o)
    0x0800022e   0x0800022e   0x00000000   Code   RO         1922    .ARM.Collect$$libinit$$0000000E  c_w.l(libinit2.o)
    0x0800022e   0x0800022e   0x00000000   Code   RO         1924    .ARM.Collect$$libinit$$00000010  c_w.l(libinit2.o)
    0x0800022e   0x0800022e   0x00000000   Code   RO         1927    .ARM.Collect$$libinit$$00000013  c_w.l(libinit2.o)
    0x0800022e   0x0800022e   0x00000000   Code   RO         1929    .ARM.Collect$$libinit$$00000015  c_w.l(libinit2.o)
    0x0800022e   0x0800022e   0x00000000   Code   RO         1931    .ARM.Collect$$libinit$$00000017  c_w.l(libinit2.o)
    0x0800022e   0x0800022e   0x00000000   Code   RO         1933    .ARM.Collect$$libinit$$00000019  c_w.l(libinit2.o)
    0x0800022e   0x0800022e   0x00000000   Code   RO         1935    .ARM.Collect$$libinit$$0000001B  c_w.l(libinit2.o)
    0x0800022e   0x0800022e   0x00000000   Code   RO         1937    .ARM.Collect$$libinit$$0000001D  c_w.l(libinit2.o)
    0x0800022e   0x0800022e   0x00000000   Code   RO         1939    .ARM.Collect$$libinit$$0000001F  c_w.l(libinit2.o)
    0x0800022e   0x0800022e   0x00000000   Code   RO         1941    .ARM.Collect$$libinit$$00000021  c_w.l(libinit2.o)
    0x0800022e   0x0800022e   0x00000000   Code   RO         1943    .ARM.Collect$$libinit$$00000023  c_w.l(libinit2.o)
    0x0800022e   0x0800022e   0x00000000   Code   RO         1945    .ARM.Collect$$libinit$$00000025  c_w.l(libinit2.o)
    0x0800022e   0x0800022e   0x00000000   Code   RO         1947    .ARM.Collect$$libinit$$00000027  c_w.l(libinit2.o)
    0x0800022e   0x0800022e   0x00000000   Code   RO         1951    .ARM.Collect$$libinit$$0000002E  c_w.l(libinit2.o)
    0x0800022e   0x0800022e   0x00000000   Code   RO         1953    .ARM.Collect$$libinit$$00000030  c_w.l(libinit2.o)
    0x0800022e   0x0800022e   0x00000000   Code   RO         1955    .ARM.Collect$$libinit$$00000032  c_w.l(libinit2.o)
    0x0800022e   0x0800022e   0x00000004   Code   RO         1956    .ARM.Collect$$libinit$$00000033  c_w.l(libinit2.o)
    0x08000232   0x08000232   0x00000000   Code   RO         1957    .ARM.Collect$$libinit$$00000034  c_w.l(libinit2.o)
    0x08000232   0x08000232   0x00000002   Code   RO         1958    .ARM.Collect$$libinit$$00000035  c_w.l(libinit2.o)
    0x08000234   0x08000234   0x00000002   Code   RO         2063    .ARM.Collect$$libshutdown$$00000000  c_w.l(libshutdown.o)
    0x08000236   0x08000236   0x00000000   Code   RO         2077    .ARM.Collect$$libshutdown$$00000002  c_w.l(libshutdown2.o)
    0x08000236   0x08000236   0x00000000   Code   RO         2079    .ARM.Collect$$libshutdown$$00000004  c_w.l(libshutdown2.o)
    0x08000236   0x08000236   0x00000000   Code   RO         2082    .ARM.Collect$$libshutdown$$00000007  c_w.l(libshutdown2.o)
    0x08000236   0x08000236   0x00000000   Code   RO         2085    .ARM.Collect$$libshutdown$$0000000A  c_w.l(libshutdown2.o)
    0x08000236   0x08000236   0x00000000   Code   RO         2087    .ARM.Collect$$libshutdown$$0000000C  c_w.l(libshutdown2.o)
    0x08000236   0x08000236   0x00000000   Code   RO         2090    .ARM.Collect$$libshutdown$$0000000F  c_w.l(libshutdown2.o)
    0x08000236   0x08000236   0x00000002   Code   RO         2091    .ARM.Collect$$libshutdown$$00000010  c_w.l(libshutdown2.o)
    0x08000238   0x08000238   0x00000000   Code   RO         1905    .ARM.Collect$$rtentry$$00000000  c_w.l(__rtentry.o)
    0x08000238   0x08000238   0x00000000   Code   RO         1968    .ARM.Collect$$rtentry$$00000002  c_w.l(__rtentry2.o)
    0x08000238   0x08000238   0x00000006   Code   RO         1980    .ARM.Collect$$rtentry$$00000004  c_w.l(__rtentry4.o)
    0x0800023e   0x0800023e   0x00000000   Code   RO         1970    .ARM.Collect$$rtentry$$00000009  c_w.l(__rtentry2.o)
    0x0800023e   0x0800023e   0x00000004   Code   RO         1971    .ARM.Collect$$rtentry$$0000000A  c_w.l(__rtentry2.o)
    0x08000242   0x08000242   0x00000000   Code   RO         1973    .ARM.Collect$$rtentry$$0000000C  c_w.l(__rtentry2.o)
    0x08000242   0x08000242   0x00000008   Code   RO         1974    .ARM.Collect$$rtentry$$0000000D  c_w.l(__rtentry2.o)
    0x0800024a   0x0800024a   0x00000002   Code   RO         2026    .ARM.Collect$$rtexit$$00000000  c_w.l(rtexit.o)
    0x0800024c   0x0800024c   0x00000000   Code   RO         2043    .ARM.Collect$$rtexit$$00000002  c_w.l(rtexit2.o)
    0x0800024c   0x0800024c   0x00000004   Code   RO         2044    .ARM.Collect$$rtexit$$00000003  c_w.l(rtexit2.o)
    0x08000250   0x08000250   0x00000006   Code   RO         2045    .ARM.Collect$$rtexit$$00000004  c_w.l(rtexit2.o)
    0x08000256   0x08000256   0x00000002   PAD
    0x08000258   0x08000258   0x00000040   Code   RO            4    .text               startup_stm32f407xx.o
    0x08000298   0x08000298   0x000000f0   Code   RO         1875    .text               c_w.l(lludivv7m.o)
    0x08000388   0x08000388   0x0000008a   Code   RO         1879    .text               c_w.l(rt_memcpy_v6.o)
    0x08000412   0x08000412   0x00000010   Code   RO         1883    .text               c_w.l(aeabi_memset4.o)
    0x08000422   0x08000422   0x0000004e   Code   RO         1887    .text               c_w.l(rt_memclr_w.o)
    0x08000470   0x08000470   0x00000006   Code   RO         1889    .text               c_w.l(heapauxi.o)
    0x08000476   0x08000476   0x00000002   PAD
    0x08000478   0x08000478   0x0000002c   Code   RO         1896    .text               c_w.l(init_aeabi.o)
    0x080004a4   0x080004a4   0x00000064   Code   RO         1910    .text               c_w.l(rt_memcpy_w.o)
    0x08000508   0x08000508   0x0000000c   Code   RO         1990    .text               c_w.l(sys_exit.o)
    0x08000514   0x08000514   0x0000004a   Code   RO         1994    .text               c_w.l(sys_stackheap_outer.o)
    0x0800055e   0x0800055e   0x00000012   Code   RO         1996    .text               c_w.l(exit.o)
    0x08000570   0x08000570   0x00000008   Code   RO         2020    .text               c_w.l(libspace.o)
    0x08000578   0x08000578   0x00000002   Code   RO         2023    .text               c_w.l(use_no_semi.o)
    0x0800057a   0x0800057a   0x00000000   Code   RO         2025    .text               c_w.l(indicate_semi.o)
    0x0800057a   0x0800057a   0x00000002   PAD
    0x0800057c   0x0800057c   0x00000004   Code   RO           90    .text.BusFault_Handler  stm32f4xx_it.o
    0x08000580   0x08000580   0x00000010   Code   RO           96    .text.CAN1_RX0_IRQHandler  stm32f4xx_it.o
    0x08000590   0x08000590   0x00000010   Code   RO           98    .text.CAN1_RX1_IRQHandler  stm32f4xx_it.o
    0x080005a0   0x080005a0   0x00000010   Code   RO          104    .text.CAN2_RX0_IRQHandler  stm32f4xx_it.o
    0x080005b0   0x080005b0   0x00000010   Code   RO          106    .text.CAN2_RX1_IRQHandler  stm32f4xx_it.o
    0x080005c0   0x080005c0   0x00000002   Code   RO           94    .text.DebugMon_Handler  stm32f4xx_it.o
    0x080005c2   0x080005c2   0x00000002   PAD
    0x080005c4   0x080005c4   0x00000006   Code   RO           15    .text.Error_Handler  main.o
    0x080005ca   0x080005ca   0x00000002   PAD
    0x080005cc   0x080005cc   0x00000008   Code   RO          203    .text.HAL_CAN_ErrorCallback  stm32f4xx_hal_can.o
    0x080005d4   0x080005d4   0x000003f2   Code   RO          177    .text.HAL_CAN_IRQHandler  stm32f4xx_hal_can.o
    0x080009c6   0x080009c6   0x00000002   PAD
    0x080009c8   0x080009c8   0x000001de   Code   RO          139    .text.HAL_CAN_Init  stm32f4xx_hal_can.o
    0x08000ba6   0x08000ba6   0x00000002   PAD
    0x08000ba8   0x08000ba8   0x000001b0   Code   RO           53    .text.HAL_CAN_MspInit  can.o
    0x08000d58   0x08000d58   0x00000008   Code   RO          191    .text.HAL_CAN_RxFifo0FullCallback  stm32f4xx_hal_can.o
    0x08000d60   0x08000d60   0x00000008   Code   RO          193    .text.HAL_CAN_RxFifo0MsgPendingCallback  stm32f4xx_hal_can.o
    0x08000d68   0x08000d68   0x00000008   Code   RO          195    .text.HAL_CAN_RxFifo1FullCallback  stm32f4xx_hal_can.o
    0x08000d70   0x08000d70   0x00000008   Code   RO          197    .text.HAL_CAN_RxFifo1MsgPendingCallback  stm32f4xx_hal_can.o
    0x08000d78   0x08000d78   0x00000008   Code   RO          199    .text.HAL_CAN_SleepCallback  stm32f4xx_hal_can.o
    0x08000d80   0x08000d80   0x00000008   Code   RO          181    .text.HAL_CAN_TxMailbox0AbortCallback  stm32f4xx_hal_can.o
    0x08000d88   0x08000d88   0x00000008   Code   RO          179    .text.HAL_CAN_TxMailbox0CompleteCallback  stm32f4xx_hal_can.o
    0x08000d90   0x08000d90   0x00000008   Code   RO          185    .text.HAL_CAN_TxMailbox1AbortCallback  stm32f4xx_hal_can.o
    0x08000d98   0x08000d98   0x00000008   Code   RO          183    .text.HAL_CAN_TxMailbox1CompleteCallback  stm32f4xx_hal_can.o
    0x08000da0   0x08000da0   0x00000008   Code   RO          189    .text.HAL_CAN_TxMailbox2AbortCallback  stm32f4xx_hal_can.o
    0x08000da8   0x08000da8   0x00000008   Code   RO          187    .text.HAL_CAN_TxMailbox2CompleteCallback  stm32f4xx_hal_can.o
    0x08000db0   0x08000db0   0x00000008   Code   RO          201    .text.HAL_CAN_WakeUpFromRxMsgCallback  stm32f4xx_hal_can.o
    0x08000db8   0x08000db8   0x000000ec   Code   RO          406    .text.HAL_DMA_Abort  stm32f4xx_hal_dma.o
    0x08000ea4   0x08000ea4   0x00000044   Code   RO          408    .text.HAL_DMA_Abort_IT  stm32f4xx_hal_dma.o
    0x08000ee8   0x08000ee8   0x000003b6   Code   RO          354    .text.HAL_GPIO_Init  stm32f4xx_hal_gpio.o
    0x0800129e   0x0800129e   0x00000002   PAD
    0x080012a0   0x080012a0   0x0000000c   Code   RO          579    .text.HAL_GetTick   stm32f4xx_hal.o
    0x080012ac   0x080012ac   0x0000001a   Code   RO          577    .text.HAL_IncTick   stm32f4xx_hal.o
    0x080012c6   0x080012c6   0x00000002   PAD
    0x080012c8   0x080012c8   0x00000036   Code   RO          567    .text.HAL_Init      stm32f4xx_hal.o
    0x080012fe   0x080012fe   0x00000002   PAD
    0x08001300   0x08001300   0x000000f0   Code   RO          125    .text.HAL_InitTick  stm32f4xx_hal_timebase_tim.o
    0x080013f0   0x080013f0   0x00000058   Code   RO          117    .text.HAL_MspInit   stm32f4xx_hal_msp.o
    0x08001448   0x08001448   0x00000014   Code   RO          502    .text.HAL_NVIC_EnableIRQ  stm32f4xx_hal_cortex.o
    0x0800145c   0x0800145c   0x00000032   Code   RO          494    .text.HAL_NVIC_SetPriority  stm32f4xx_hal_cortex.o
    0x0800148e   0x0800148e   0x00000002   PAD
    0x08001490   0x08001490   0x00000010   Code   RO          490    .text.HAL_NVIC_SetPriorityGrouping  stm32f4xx_hal_cortex.o
    0x080014a0   0x080014a0   0x00000262   Code   RO          222    .text.HAL_RCC_ClockConfig  stm32f4xx_hal_rcc.o
    0x08001702   0x08001702   0x00000002   PAD
    0x08001704   0x08001704   0x00000054   Code   RO          240    .text.HAL_RCC_GetClockConfig  stm32f4xx_hal_rcc.o
    0x08001758   0x08001758   0x0000000c   Code   RO          232    .text.HAL_RCC_GetHCLKFreq  stm32f4xx_hal_rcc.o
    0x08001764   0x08001764   0x00000022   Code   RO          234    .text.HAL_RCC_GetPCLK1Freq  stm32f4xx_hal_rcc.o
    0x08001786   0x08001786   0x00000002   PAD
    0x08001788   0x08001788   0x00000022   Code   RO          236    .text.HAL_RCC_GetPCLK2Freq  stm32f4xx_hal_rcc.o
    0x080017aa   0x080017aa   0x00000002   PAD
    0x080017ac   0x080017ac   0x000000e6   Code   RO          224    .text.HAL_RCC_GetSysClockFreq  stm32f4xx_hal_rcc.o
    0x08001892   0x08001892   0x00000002   PAD
    0x08001894   0x08001894   0x000006be   Code   RO          220    .text.HAL_RCC_OscConfig  stm32f4xx_hal_rcc.o
    0x08001f52   0x08001f52   0x00000002   PAD
    0x08001f54   0x08001f54   0x00000008   Code   RO          979    .text.HAL_TIMEx_BreakCallback  stm32f4xx_hal_tim_ex.o
    0x08001f5c   0x08001f5c   0x00000008   Code   RO          975    .text.HAL_TIMEx_CommutCallback  stm32f4xx_hal_tim_ex.o
    0x08001f64   0x08001f64   0x0000009c   Code   RO          656    .text.HAL_TIM_Base_Init  stm32f4xx_hal_tim.o
    0x08002000   0x08002000   0x00000008   Code   RO          658    .text.HAL_TIM_Base_MspInit  stm32f4xx_hal_tim.o
    0x08002008   0x08002008   0x000000f6   Code   RO          670    .text.HAL_TIM_Base_Start_IT  stm32f4xx_hal_tim.o
    0x080020fe   0x080020fe   0x00000002   PAD
    0x08002100   0x08002100   0x00000008   Code   RO          792    .text.HAL_TIM_IC_CaptureCallback  stm32f4xx_hal_tim.o
    0x08002108   0x08002108   0x0000021a   Code   RO          790    .text.HAL_TIM_IRQHandler  stm32f4xx_hal_tim.o
    0x08002322   0x08002322   0x00000002   PAD
    0x08002324   0x08002324   0x00000008   Code   RO          794    .text.HAL_TIM_OC_DelayElapsedCallback  stm32f4xx_hal_tim.o
    0x0800232c   0x0800232c   0x00000008   Code   RO          796    .text.HAL_TIM_PWM_PulseFinishedCallback  stm32f4xx_hal_tim.o
    0x08002334   0x08002334   0x00000022   Code   RO           17    .text.HAL_TIM_PeriodElapsedCallback  main.o
    0x08002356   0x08002356   0x00000002   PAD
    0x08002358   0x08002358   0x00000008   Code   RO          800    .text.HAL_TIM_TriggerCallback  stm32f4xx_hal_tim.o
    0x08002360   0x08002360   0x0000000c   Code   RO         1084    .text.HAL_UARTEx_RxEventCallback  stm32f4xx_hal_uart.o
    0x0800236c   0x0800236c   0x00000008   Code   RO         1082    .text.HAL_UART_ErrorCallback  stm32f4xx_hal_uart.o
    0x08002374   0x08002374   0x0000042c   Code   RO         1076    .text.HAL_UART_IRQHandler  stm32f4xx_hal_uart.o
    0x080027a0   0x080027a0   0x0000009e   Code   RO          992    .text.HAL_UART_Init  stm32f4xx_hal_uart.o
    0x0800283e   0x0800283e   0x00000002   PAD
    0x08002840   0x08002840   0x0000018c   Code   RO           71    .text.HAL_UART_MspInit  usart.o
    0x080029cc   0x080029cc   0x00000056   Code   RO         1016    .text.HAL_UART_Receive_IT  stm32f4xx_hal_uart.o
    0x08002a22   0x08002a22   0x00000002   PAD
    0x08002a24   0x08002a24   0x0000007e   Code   RO         1824    .text.HAL_UART_RxCpltCallback  serialdevice.o
    0x08002aa2   0x08002aa2   0x00000002   PAD
    0x08002aa4   0x08002aa4   0x00000008   Code   RO         1090    .text.HAL_UART_TxCpltCallback  stm32f4xx_hal_uart.o
    0x08002aac   0x08002aac   0x00000004   Code   RO           86    .text.HardFault_Handler  stm32f4xx_it.o
    0x08002ab0   0x08002ab0   0x0000004e   Code   RO           49    .text.MX_CAN1_Init  can.o
    0x08002afe   0x08002afe   0x00000002   PAD
    0x08002b00   0x08002b00   0x0000004e   Code   RO           51    .text.MX_CAN2_Init  can.o
    0x08002b4e   0x08002b4e   0x00000002   PAD
    0x08002b50   0x08002b50   0x00000024   Code   RO           35    .text.MX_FREERTOS_Init  freertos.o
    0x08002b74   0x08002b74   0x000000d2   Code   RO           27    .text.MX_GPIO_Init  gpio.o
    0x08002c46   0x08002c46   0x00000002   PAD
    0x08002c48   0x08002c48   0x00000044   Code   RO           67    .text.MX_USART3_UART_Init  usart.o
    0x08002c8c   0x08002c8c   0x00000040   Code   RO           69    .text.MX_USART6_UART_Init  usart.o
    0x08002ccc   0x08002ccc   0x00000004   Code   RO           88    .text.MemManage_Handler  stm32f4xx_it.o
    0x08002cd0   0x08002cd0   0x00000004   Code   RO           84    .text.NMI_Handler   stm32f4xx_it.o
    0x08002cd4   0x08002cd4   0x0000006c   Code   RO          500    .text.NVIC_EncodePriority  stm32f4xx_hal_cortex.o
    0x08002d40   0x08002d40   0x00000064   Code   RO         1791    .text.PendSV_Handler  port.o
    0x08002da4   0x08002da4   0x0000000c   PAD
    0x08002db0   0x08002db0   0x00000024   Code   RO         1775    .text.SVC_Handler   port.o
    0x08002dd4   0x08002dd4   0x0000000e   Code   RO         1571    .text.SVC_Setup     cmsis_os2.o
    0x08002de2   0x08002de2   0x00000002   PAD
    0x08002de4   0x08002de4   0x0000001a   Code   RO           37    .text.StartDefaultTask  freertos.o
    0x08002dfe   0x08002dfe   0x00000002   PAD
    0x08002e00   0x08002e00   0x00000002   Code   RO         1844    .text.Start_tasks   start.o
    0x08002e02   0x08002e02   0x00000002   PAD
    0x08002e04   0x08002e04   0x0000001e   Code   RO         1561    .text.SysTick_Handler  cmsis_os2.o
    0x08002e22   0x08002e22   0x00000002   PAD
    0x08002e24   0x08002e24   0x000000ba   Code   RO           13    .text.SystemClock_Config  main.o
    0x08002ede   0x08002ede   0x00000002   PAD
    0x08002ee0   0x08002ee0   0x00000012   Code   RO         1123    .text.SystemInit    system_stm32f4xx.o
    0x08002ef2   0x08002ef2   0x00000002   PAD
    0x08002ef4   0x08002ef4   0x00000010   Code   RO          102    .text.TIM6_DAC_IRQHandler  stm32f4xx_it.o
    0x08002f04   0x08002f04   0x000001b0   Code   RO          660    .text.TIM_Base_SetConfig  stm32f4xx_hal_tim.o
    0x080030b4   0x080030b4   0x00000020   Code   RO         1080    .text.UART_DMAAbortOnError  stm32f4xx_hal_uart.o
    0x080030d4   0x080030d4   0x00000094   Code   RO         1040    .text.UART_EndRxTransfer  stm32f4xx_hal_uart.o
    0x08003168   0x08003168   0x00000026   Code   RO         1088    .text.UART_EndTransmit_IT  stm32f4xx_hal_uart.o
    0x0800318e   0x0800318e   0x00000002   PAD
    0x08003190   0x08003190   0x0000016a   Code   RO         1078    .text.UART_Receive_IT  stm32f4xx_hal_uart.o
    0x080032fa   0x080032fa   0x00000002   PAD
    0x080032fc   0x080032fc   0x0000013a   Code   RO          996    .text.UART_SetConfig  stm32f4xx_hal_uart.o
    0x08003436   0x08003436   0x00000002   PAD
    0x08003438   0x08003438   0x00000062   Code   RO         1018    .text.UART_Start_Receive_IT  stm32f4xx_hal_uart.o
    0x0800349a   0x0800349a   0x00000002   PAD
    0x0800349c   0x0800349c   0x00000094   Code   RO         1086    .text.UART_Transmit_IT  stm32f4xx_hal_uart.o
    0x08003530   0x08003530   0x00000010   Code   RO          100    .text.USART3_IRQHandler  stm32f4xx_it.o
    0x08003540   0x08003540   0x00000010   Code   RO          108    .text.USART6_IRQHandler  stm32f4xx_it.o
    0x08003550   0x08003550   0x00000004   Code   RO           92    .text.UsageFault_Handler  stm32f4xx_it.o
    0x08003554   0x08003554   0x00000008   Code   RO         1861    .text._GLOBAL__sub_I_TaskManager.cpp  taskmanager.o
    0x0800355c   0x0800355c   0x00000040   Code   RO         1871    .text._ZN8TaskInfoC2Ev  taskmanager.o
    0x0800359c   0x0800359c   0x00000030   Code   RO          504    .text.__NVIC_EnableIRQ  stm32f4xx_hal_cortex.o
    0x080035cc   0x080035cc   0x00000010   Code   RO          496    .text.__NVIC_GetPriorityGrouping  stm32f4xx_hal_cortex.o
    0x080035dc   0x080035dc   0x00000042   Code   RO          498    .text.__NVIC_SetPriority  stm32f4xx_hal_cortex.o
    0x0800361e   0x0800361e   0x00000002   PAD
    0x08003620   0x08003620   0x00000042   Code   RO         1725    .text.__NVIC_SetPriority  cmsis_os2.o
    0x08003662   0x08003662   0x00000002   PAD
    0x08003664   0x08003664   0x0000003c   Code   RO          492    .text.__NVIC_SetPriorityGrouping  stm32f4xx_hal_cortex.o
    0x080036a0   0x080036a0   0x00000038   Code   RO         1853    .text.__cxx_global_var_init  taskmanager.o
    0x080036d8   0x080036d8   0x00000002   Code   RO         1842    .text.before_Start_tasks  start.o
    0x080036da   0x080036da   0x00000002   PAD
    0x080036dc   0x080036dc   0x00000034   Code   RO           11    .text.main          main.o
    0x08003710   0x08003710   0x00000034   Code   RO         1629    .text.osDelay       cmsis_os2.o
    0x08003744   0x08003744   0x00000046   Code   RO         1563    .text.osKernelInitialize  cmsis_os2.o
    0x0800378a   0x0800378a   0x00000002   PAD
    0x0800378c   0x0800378c   0x00000052   Code   RO         1569    .text.osKernelStart  cmsis_os2.o
    0x080037de   0x080037de   0x00000002   PAD
    0x080037e0   0x080037e0   0x0000015a   Code   RO         1593    .text.osThreadNew   cmsis_os2.o
    0x0800393a   0x0800393a   0x00000002   PAD
    0x0800393c   0x0800393c   0x000000d4   Code   RO         1355    .text.prvAddCurrentTaskToDelayedList  tasks.o
    0x08003a10   0x08003a10   0x00000122   Code   RO         1341    .text.prvAddNewTaskToReadyList  tasks.o
    0x08003b32   0x08003b32   0x00000002   PAD
    0x08003b34   0x08003b34   0x000000a2   Code   RO         1492    .text.prvCheckForValidListAndQueue  timers.o
    0x08003bd6   0x08003bd6   0x00000002   PAD
    0x08003bd8   0x08003bd8   0x0000005a   Code   RO         1459    .text.prvCheckTasksWaitingTermination  tasks.o
    0x08003c32   0x08003c32   0x00000002   PAD
    0x08003c34   0x08003c34   0x00000042   Code   RO         1234    .text.prvCopyDataFromQueue  queue.o
    0x08003c76   0x08003c76   0x00000002   PAD
    0x08003c78   0x08003c78   0x000000cc   Code   RO         1222    .text.prvCopyDataToQueue  queue.o
    0x08003d44   0x08003d44   0x0000005e   Code   RO         1347    .text.prvDeleteTCB  tasks.o
    0x08003da2   0x08003da2   0x00000002   PAD
    0x08003da4   0x08003da4   0x00000040   Code   RO         1530    .text.prvGetNextExpireTime  timers.o
    0x08003de4   0x08003de4   0x000000bc   Code   RO         1742    .text.prvHeapInit   heap_4.o
    0x08003ea0   0x08003ea0   0x00000038   Code   RO         1381    .text.prvIdleTask   tasks.o
    0x08003ed8   0x08003ed8   0x00000048   Code   RO         1196    .text.prvInitialiseNewQueue  queue.o
    0x08003f20   0x08003f20   0x00000122   Code   RO         1339    .text.prvInitialiseNewTask  tasks.o
    0x08004042   0x08004042   0x00000002   PAD
    0x08004044   0x08004044   0x0000008e   Code   RO         1457    .text.prvInitialiseTaskLists  tasks.o
    0x080040d2   0x080040d2   0x00000002   PAD
    0x080040d4   0x080040d4   0x000000c6   Code   RO         1744    .text.prvInsertBlockIntoFreeList  heap_4.o
    0x0800419a   0x0800419a   0x00000002   PAD
    0x0800419c   0x0800419c   0x00000086   Code   RO         1542    .text.prvInsertTimerInActiveList  timers.o
    0x08004222   0x08004222   0x00000002   PAD
    0x08004224   0x08004224   0x00000028   Code   RO         1236    .text.prvIsQueueEmpty  queue.o
    0x0800424c   0x0800424c   0x0000002e   Code   RO         1224    .text.prvIsQueueFull  queue.o
    0x0800427a   0x0800427a   0x00000002   PAD
    0x0800427c   0x0800427c   0x00000028   Code   RO         1783    .text.prvPortStartFirstTask  port.o
    0x080042a4   0x080042a4   0x0000008e   Code   RO         1538    .text.prvProcessExpiredTimer  timers.o
    0x08004332   0x08004332   0x00000002   PAD
    0x08004334   0x08004334   0x00000192   Code   RO         1534    .text.prvProcessReceivedCommands  timers.o
    0x080044c6   0x080044c6   0x00000002   PAD
    0x080044c8   0x080044c8   0x0000009a   Code   RO         1532    .text.prvProcessTimerOrBlockTask  timers.o
    0x08004562   0x08004562   0x00000002   PAD
    0x08004564   0x08004564   0x00000046   Code   RO         1349    .text.prvResetNextTaskUnblockTime  tasks.o
    0x080045aa   0x080045aa   0x00000002   PAD
    0x080045ac   0x080045ac   0x00000044   Code   RO         1536    .text.prvSampleTimeNow  timers.o
    0x080045f0   0x080045f0   0x000000d4   Code   RO         1540    .text.prvSwitchTimerLists  timers.o
    0x080046c4   0x080046c4   0x0000004c   Code   RO         1773    .text.prvTaskExitError  port.o
    0x08004710   0x08004710   0x0000001e   Code   RO         1494    .text.prvTimerTask  timers.o
    0x0800472e   0x0800472e   0x00000002   PAD
    0x08004730   0x08004730   0x000000ae   Code   RO         1226    .text.prvUnlockQueue  queue.o
    0x080047de   0x080047de   0x00000002   PAD
    0x080047e0   0x080047e0   0x000001ec   Code   RO         1740    .text.pvPortMalloc  heap_4.o
    0x080049cc   0x080049cc   0x0000005e   Code   RO         1771    .text.pxPortInitialiseStack  port.o
    0x08004a2a   0x08004a2a   0x00000002   PAD
    0x08004a2c   0x08004a2c   0x00000048   Code   RO         1183    .text.uxListRemove  list.o
    0x08004a74   0x08004a74   0x0000002a   Code   RO         1721    .text.vApplicationGetIdleTaskMemory  cmsis_os2.o
    0x08004a9e   0x08004a9e   0x00000002   PAD
    0x08004aa0   0x08004aa0   0x0000002c   Code   RO         1723    .text.vApplicationGetTimerTaskMemory  cmsis_os2.o
    0x08004acc   0x08004acc   0x0000002e   Code   RO         1175    .text.vListInitialise  list.o
    0x08004afa   0x08004afa   0x00000002   PAD
    0x08004afc   0x08004afc   0x0000000e   Code   RO         1177    .text.vListInitialiseItem  list.o
    0x08004b0a   0x08004b0a   0x00000002   PAD
    0x08004b0c   0x08004b0c   0x0000006a   Code   RO         1181    .text.vListInsert   list.o
    0x08004b76   0x08004b76   0x00000002   PAD
    0x08004b78   0x08004b78   0x0000003a   Code   RO         1179    .text.vListInsertEnd  list.o
    0x08004bb2   0x08004bb2   0x00000002   PAD
    0x08004bb4   0x08004bb4   0x00000014   Code   RO         1781    .text.vPortEnableVFP  port.o
    0x08004bc8   0x08004bc8   0x00000056   Code   RO         1787    .text.vPortEnterCritical  port.o
    0x08004c1e   0x08004c1e   0x00000002   PAD
    0x08004c20   0x08004c20   0x0000004a   Code   RO         1789    .text.vPortExitCritical  port.o
    0x08004c6a   0x08004c6a   0x00000002   PAD
    0x08004c6c   0x08004c6c   0x000000ce   Code   RO         1746    .text.vPortFree     heap_4.o
    0x08004d3a   0x08004d3a   0x00000002   PAD
    0x08004d3c   0x08004d3c   0x00000044   Code   RO         1779    .text.vPortSetupTimerInterrupt  port.o
    0x08004d80   0x08004d80   0x00000084   Code   RO         1795    .text.vPortValidateInterruptPriority  port.o
    0x08004e04   0x08004e04   0x00000052   Code   RO         1266    .text.vQueueAddToRegistry  queue.o
    0x08004e56   0x08004e56   0x00000002   PAD
    0x08004e58   0x08004e58   0x00000064   Code   RO         1270    .text.vQueueWaitForMessageRestricted  queue.o
    0x08004ebc   0x08004ebc   0x0000006e   Code   RO         1359    .text.vTaskDelay    tasks.o
    0x08004f2a   0x08004f2a   0x00000002   PAD
    0x08004f2c   0x08004f2c   0x00000024   Code   RO         1413    .text.vTaskInternalSetTimeOutState  tasks.o
    0x08004f50   0x08004f50   0x0000000e   Code   RO         1417    .text.vTaskMissedYield  tasks.o
    0x08004f5e   0x08004f5e   0x00000002   PAD
    0x08004f60   0x08004f60   0x00000042   Code   RO         1401    .text.vTaskPlaceOnEventList  tasks.o
    0x08004fa2   0x08004fa2   0x00000002   PAD
    0x08004fa4   0x08004fa4   0x00000052   Code   RO         1405    .text.vTaskPlaceOnEventListRestricted  tasks.o
    0x08004ff6   0x08004ff6   0x00000002   PAD
    0x08004ff8   0x08004ff8   0x000000e0   Code   RO         1379    .text.vTaskStartScheduler  tasks.o
    0x080050d8   0x080050d8   0x00000010   Code   RO         1353    .text.vTaskSuspendAll  tasks.o
    0x080050e8   0x080050e8   0x000000c6   Code   RO         1371    .text.vTaskSwitchContext  tasks.o
    0x080051ae   0x080051ae   0x00000002   PAD
    0x080051b0   0x080051b0   0x00000156   Code   RO         1777    .text.xPortStartScheduler  port.o
    0x08005306   0x08005306   0x00000002   PAD
    0x08005308   0x08005308   0x0000003c   Code   RO         1793    .text.xPortSysTickHandler  port.o
    0x08005344   0x08005344   0x0000010e   Code   RO         1194    .text.xQueueGenericCreateStatic  queue.o
    0x08005452   0x08005452   0x00000002   PAD
    0x08005454   0x08005454   0x000000ba   Code   RO         1192    .text.xQueueGenericReset  queue.o
    0x0800550e   0x0800550e   0x00000002   PAD
    0x08005510   0x08005510   0x0000022c   Code   RO         1212    .text.xQueueGenericSend  queue.o
    0x0800573c   0x0800573c   0x0000014c   Code   RO         1228    .text.xQueueGenericSendFromISR  queue.o
    0x08005888   0x08005888   0x000001dc   Code   RO         1232    .text.xQueueReceive  queue.o
    0x08005a64   0x08005a64   0x000000cc   Code   RO         1415    .text.xTaskCheckForTimeOut  tasks.o
    0x08005b30   0x08005b30   0x0000009e   Code   RO         1343    .text.xTaskCreate   tasks.o
    0x08005bce   0x08005bce   0x00000002   PAD
    0x08005bd0   0x08005bd0   0x000000ce   Code   RO         1337    .text.xTaskCreateStatic  tasks.o
    0x08005c9e   0x08005c9e   0x00000002   PAD
    0x08005ca0   0x08005ca0   0x00000038   Code   RO         1431    .text.xTaskGetSchedulerState  tasks.o
    0x08005cd8   0x08005cd8   0x00000014   Code   RO         1387    .text.xTaskGetTickCount  tasks.o
    0x08005cec   0x08005cec   0x000001c4   Code   RO         1385    .text.xTaskIncrementTick  tasks.o
    0x08005eb0   0x08005eb0   0x000000ec   Code   RO         1435    .text.xTaskPriorityDisinherit  tasks.o
    0x08005f9c   0x08005f9c   0x000000ce   Code   RO         1407    .text.xTaskRemoveFromEventList  tasks.o
    0x0800606a   0x0800606a   0x00000002   PAD
    0x0800606c   0x0800606c   0x00000186   Code   RO         1357    .text.xTaskResumeAll  tasks.o
    0x080061f2   0x080061f2   0x00000002   PAD
    0x080061f4   0x080061f4   0x00000094   Code   RO         1490    .text.xTimerCreateTimerTask  timers.o
    0x08006288   0x08006288   0x000000b0   Code   RO         1502    .text.xTimerGenericCommand  timers.o
    0x08006338   0x08006338   0x0000001a   Code   RO         1988    x$fpl$fpinit        fz_wm.l(fpinit.o)
    0x08006352   0x08006352   0x00000010   Data   RO         1128    .rodata.AHBPrescTable  system_stm32f4xx.o
    0x08006362   0x08006362   0x00000008   Data   RO         1129    .rodata.APBPrescTable  system_stm32f4xx.o
    0x0800636a   0x0800636a   0x00000002   PAD
    0x0800636c   0x0800636c   0x00000024   Data   RO           40    .rodata.defaultTask_attributes  freertos.o
    0x08006390   0x08006390   0x0000000c   Data   RO           39    .rodata.str1.1      freertos.o
    0x0800639c   0x0800639c   0x00000005   Data   RO         1475    .rodata.str1.1      tasks.o
    0x080063a1   0x080063a1   0x0000000d   Data   RO         1545    .rodata.str1.1      timers.o
    0x080063ae   0x080063ae   0x00000002   PAD
    0x080063b0   0x080063b0   0x00000020   Data   RO         2093    Region$$Table       anon$$obj.o
    0x080063d0   0x080063d0   0x00000004   Data   RO         1864    .init_array         taskmanager.o
    0x080063d4   0x080063d0   0x00000000   Data   RO         1894    .init_array         c_w.l(init_aeabi.o)


    Execution Region RW_IRAM1 (Exec base: 0x20000000, Load base: 0x080063d8, Size: 0x00005578, Max: 0x0001c000, ABSOLUTE)

    Exec Addr    Load Addr    Size         Type   Attr      Idx    E Section Name        Object

    0x20000000   0x080063d8   0x00000004   Data   RW         1127    .data.SystemCoreClock  system_stm32f4xx.o
    0x20000004   0x080063dc   0x00000001   Data   RW          622    .data.uwTickFreq    stm32f4xx_hal.o
    0x20000005   0x080063dd   0x00000003   PAD
    0x20000008   0x080063e0   0x00000004   Data   RW          621    .data.uwTickPrio    stm32f4xx_hal.o
    0x2000000c   0x080063e4   0x00000004   Data   RW         1799    .data.uxCriticalNesting  port.o
    0x20000010        -       0x00000060   Zero   RW         2021    .bss                c_w.l(libspace.o)
    0x20000070        -       0x00000004   Zero   RW           59    .bss.HAL_RCC_CAN1_CLK_ENABLED  can.o
    0x20000074        -       0x00000004   Zero   RW         1727    .bss.KernelState    cmsis_os2.o
    0x20000078        -       0x00000460   Zero   RW         1863    .bss._ZN11TaskManager5tasksE  taskmanager.o
    0x200004d8        -       0x00000020   Zero   RW         1830    .bss._ZN12SerialDevice10instances_E  serialdevice.o
    0x200004f8        -       0x00000004   Zero   RW         1831    .bss._ZN12SerialDevice14instanceCount_E  serialdevice.o
    0x200004fc        -       0x00000004   Zero   RW           41    .bss.defaultTaskHandle  freertos.o
    0x20000500        -       0x00000028   Zero   RW           57    .bss.hcan1          can.o
    0x20000528        -       0x00000028   Zero   RW           58    .bss.hcan2          can.o
    0x20000550        -       0x00000048   Zero   RW          131    .bss.htim6          stm32f4xx_hal_timebase_tim.o
    0x20000598        -       0x00000048   Zero   RW           75    .bss.huart3         usart.o
    0x200005e0        -       0x00000048   Zero   RW           76    .bss.huart6         usart.o
    0x20000628        -       0x000000a0   Zero   RW         1553    .bss.prvCheckForValidListAndQueue.ucStaticTimerQueueStorage  timers.o
    0x200006c8        -       0x00000050   Zero   RW         1552    .bss.prvCheckForValidListAndQueue.xStaticTimerQueue  timers.o
    0x20000718        -       0x00000004   Zero   RW         1549    .bss.prvSampleTimeNow.xLastTime  timers.o
    0x2000071c        -       0x00000004   Zero   RW         1461    .bss.pxCurrentTCB   tasks.o
    0x20000720        -       0x00000004   Zero   RW         1547    .bss.pxCurrentTimerList  timers.o
    0x20000724        -       0x00000004   Zero   RW         1469    .bss.pxDelayedTaskList  tasks.o
    0x20000728        -       0x00000004   Zero   RW         1756    .bss.pxEnd          heap_4.o
    0x2000072c        -       0x00000004   Zero   RW         1470    .bss.pxOverflowDelayedTaskList  tasks.o
    0x20000730        -       0x00000004   Zero   RW         1548    .bss.pxOverflowTimerList  timers.o
    0x20000734        -       0x00000460   Zero   RW         1472    .bss.pxReadyTasksLists  tasks.o
    0x20000b94        -       0x00003c00   Zero   RW         1763    .bss.ucHeap         heap_4.o
    0x20004794        -       0x00000001   Zero   RW         1797    .bss.ucMaxSysCallPriority  port.o
    0x20004795   0x080063e8   0x00000003   PAD
    0x20004798        -       0x00000004   Zero   RW         1798    .bss.ulMaxPRIGROUPValue  port.o
    0x2000479c        -       0x00000004   Zero   RW          623    .bss.uwTick         stm32f4xx_hal.o
    0x200047a0        -       0x00000004   Zero   RW         1465    .bss.uxCurrentNumberOfTasks  tasks.o
    0x200047a4        -       0x00000004   Zero   RW         1464    .bss.uxDeletedTasksWaitingCleanUp  tasks.o
    0x200047a8        -       0x00000004   Zero   RW         1467    .bss.uxSchedulerSuspended  tasks.o
    0x200047ac        -       0x00000004   Zero   RW         1462    .bss.uxTaskNumber   tasks.o
    0x200047b0        -       0x00000004   Zero   RW         1473    .bss.uxTopReadyPriority  tasks.o
    0x200047b4        -       0x00000200   Zero   RW         1730    .bss.vApplicationGetIdleTaskMemory.Idle_Stack  cmsis_os2.o
    0x200049b4        -       0x0000005c   Zero   RW         1729    .bss.vApplicationGetIdleTaskMemory.Idle_TCB  cmsis_os2.o
    0x20004a10        -       0x00000400   Zero   RW         1732    .bss.vApplicationGetTimerTaskMemory.Timer_Stack  cmsis_os2.o
    0x20004e10        -       0x0000005c   Zero   RW         1731    .bss.vApplicationGetTimerTaskMemory.Timer_TCB  cmsis_os2.o
    0x20004e6c        -       0x00000014   Zero   RW         1550    .bss.xActiveTimerList1  timers.o
    0x20004e80        -       0x00000014   Zero   RW         1551    .bss.xActiveTimerList2  timers.o
    0x20004e94        -       0x00000004   Zero   RW         1757    .bss.xBlockAllocatedBit  heap_4.o
    0x20004e98        -       0x00000014   Zero   RW         1481    .bss.xDelayedTaskList1  tasks.o
    0x20004eac        -       0x00000014   Zero   RW         1482    .bss.xDelayedTaskList2  tasks.o
    0x20004ec0        -       0x00000004   Zero   RW         1758    .bss.xFreeBytesRemaining  heap_4.o
    0x20004ec4        -       0x00000004   Zero   RW         1476    .bss.xIdleTaskHandle  tasks.o
    0x20004ec8        -       0x00000004   Zero   RW         1760    .bss.xMinimumEverFreeBytesRemaining  heap_4.o
    0x20004ecc        -       0x00000004   Zero   RW         1477    .bss.xNextTaskUnblockTime  tasks.o
    0x20004ed0        -       0x00000004   Zero   RW         1480    .bss.xNumOfOverflows  tasks.o
    0x20004ed4        -       0x00000004   Zero   RW         1761    .bss.xNumberOfSuccessfulAllocations  heap_4.o
    0x20004ed8        -       0x00000004   Zero   RW         1762    .bss.xNumberOfSuccessfulFrees  heap_4.o
    0x20004edc        -       0x00000004   Zero   RW         1479    .bss.xPendedTicks   tasks.o
    0x20004ee0        -       0x00000014   Zero   RW         1474    .bss.xPendingReadyList  tasks.o
    0x20004ef4        -       0x00000040   Zero   RW         1272    .bss.xQueueRegistry  queue.o
    0x20004f34        -       0x00000004   Zero   RW         1466    .bss.xSchedulerRunning  tasks.o
    0x20004f38        -       0x00000008   Zero   RW         1759    .bss.xStart         heap_4.o
    0x20004f40        -       0x00000014   Zero   RW         1471    .bss.xSuspendedTaskList  tasks.o
    0x20004f54        -       0x00000014   Zero   RW         1463    .bss.xTasksWaitingTermination  tasks.o
    0x20004f68        -       0x00000004   Zero   RW         1468    .bss.xTickCount     tasks.o
    0x20004f6c        -       0x00000004   Zero   RW         1544    .bss.xTimerQueue    timers.o
    0x20004f70        -       0x00000004   Zero   RW         1546    .bss.xTimerTaskHandle  timers.o
    0x20004f74        -       0x00000004   Zero   RW         1478    .bss.xYieldPending  tasks.o
    0x20004f78        -       0x00000200   Zero   RW            2    HEAP                startup_stm32f407xx.o
    0x20005178        -       0x00000400   Zero   RW            1    STACK               startup_stm32f407xx.o


    Execution Region RW_IRAM2 (Exec base: 0x2001c000, Load base: 0x080063e8, Size: 0x00000000, Max: 0x00004000, ABSOLUTE)

    **** No section assigned to this execution region ****


==============================================================================

Image component sizes


      Code (inc. data)   RO Data    RW Data    ZI Data      Debug   Object Name

       588          0          0          0         84       6428   can.o
       746          0          0          0       1724      34874   cmsis_os2.o
        62          0         48          0          4       2653   freertos.o
       210          0          0          0          0       1572   gpio.o
      1084          0          0          0      15392       4404   heap_4.o
       296          0          0          0          0       2207   list.o
       278          0          0          0          0       5689   main.o
      1128         16          0          4          5       3818   port.o
      2604          0          0          0         64      17264   queue.o
       126          0          0          0         36       7716   serialdevice.o
         4          0          0          0          0       3745   start.o
        64         26        392          0       1536        832   startup_stm32f407xx.o
        92          0          0          5          4       7099   stm32f4xx_hal.o
      1592          0          0          0          0      11550   stm32f4xx_hal_can.o
       384          0          0          0          0       9710   stm32f4xx_hal_cortex.o
       304          0          0          0          0       8488   stm32f4xx_hal_dma.o
       950          0          0          0          0       5084   stm32f4xx_hal_gpio.o
        88          0          0          0          0       3345   stm32f4xx_hal_msp.o
      2730          0          0          0          0       7561   stm32f4xx_hal_rcc.o
      1412          0          0          0          0      36020   stm32f4xx_hal_tim.o
        16          0          0          0          0      15324   stm32f4xx_hal_tim_ex.o
       240          0          0          0         72       7088   stm32f4xx_hal_timebase_tim.o
      2480          0          0          0          0      20332   stm32f4xx_hal_uart.o
       134          0          0          0          0       1411   stm32f4xx_it.o
        18          0         24          4          0       2512   system_stm32f4xx.o
       128          0          4          0       1120       3893   taskmanager.o
      3918          0          5          0       1280      24117   tasks.o
      1692         10         13          0        300      11570   timers.o
       528          0          0          0        144       7089   usart.o

    ----------------------------------------------------------------------
     24060         64        522         16      21768     273395   Object Totals
         0          0         32          0          0          0   (incl. Generated)
       164         12          4          3          3          0   (incl. Padding)

    ----------------------------------------------------------------------

      Code (inc. data)   RO Data    RW Data    ZI Data      Debug   Library Member Name

         8          0          0          0          0         68   __main.o
         0          0          0          0          0          0   __rtentry.o
        12          0          0          0          0          0   __rtentry2.o
         6          0          0          0          0          0   __rtentry4.o
        94          8          0          0          0          0   __scatter.o
        26          0          0          0          0          0   __scatter_copy.o
        28          0          0          0          0          0   __scatter_zi.o
        16          0          0          0          0         68   aeabi_memset4.o
        18          0          0          0          0         80   exit.o
         6          0          0          0          0        152   heapauxi.o
         0          0          0          0          0          0   indicate_semi.o
        44          8          0          0          0         80   init_aeabi.o
         2          0          0          0          0          0   libinit.o
        10          0          0          0          0          0   libinit2.o
         2          0          0          0          0          0   libshutdown.o
         2          0          0          0          0          0   libshutdown2.o
         8          4          0          0         96         68   libspace.o
       240          0          0          0          0        100   lludivv7m.o
        78          0          0          0          0         80   rt_memclr_w.o
       138          0          0          0          0         68   rt_memcpy_v6.o
       100          0          0          0          0         80   rt_memcpy_w.o
         2          0          0          0          0          0   rtexit.o
        10          0          0          0          0          0   rtexit2.o
        12          4          0          0          0         68   sys_exit.o
        74          0          0          0          0         80   sys_stackheap_outer.o
         2          0          0          0          0         68   use_no_semi.o
        26          0          0          0          0        116   fpinit.o

    ----------------------------------------------------------------------
       974         24          0          0         96       1176   Library Totals
        10          0          0          0          0          0   (incl. Padding)

    ----------------------------------------------------------------------

      Code (inc. data)   RO Data    RW Data    ZI Data      Debug   Library Name

       938         24          0          0         96       1060   c_w.l
        26          0          0          0          0        116   fz_wm.l

    ----------------------------------------------------------------------
       974         24          0          0         96       1176   Library Totals

    ----------------------------------------------------------------------

==============================================================================


      Code (inc. data)   RO Data    RW Data    ZI Data      Debug   

     25034         88        522         16      21864     273631   Grand Totals
     25034         88        522         16      21864     273631   ELF Image Totals
     25034         88        522         16          0          0   ROM Totals

==============================================================================

    Total RO  Size (Code + RO Data)                25556 (  24.96kB)
    Total RW  Size (RW Data + ZI Data)             21880 (  21.37kB)
    Total ROM Size (Code + RO Data + RW Data)      25572 (  24.97kB)

==============================================================================

