Component: Arm Compiler for Embedded 6.21 Tool: armlink [5ec1fa00]

==============================================================================

Section Cross References

    startup_stm32f407xx.o(STACK) refers (Special) to heapauxi.o(.text) for __use_two_region_memory
    startup_stm32f407xx.o(HEAP) refers (Special) to heapauxi.o(.text) for __use_two_region_memory
    startup_stm32f407xx.o(RESET) refers (Special) to heapauxi.o(.text) for __use_two_region_memory
    startup_stm32f407xx.o(RESET) refers to startup_stm32f407xx.o(STACK) for __initial_sp
    startup_stm32f407xx.o(RESET) refers to startup_stm32f407xx.o(.text) for Reset_Handler
    startup_stm32f407xx.o(RESET) refers to stm32f4xx_it.o(.text.NMI_Handler) for NMI_Handler
    startup_stm32f407xx.o(RESET) refers to stm32f4xx_it.o(.text.HardFault_Handler) for HardFault_Handler
    startup_stm32f407xx.o(RESET) refers to stm32f4xx_it.o(.text.MemManage_Handler) for MemManage_Handler
    startup_stm32f407xx.o(RESET) refers to stm32f4xx_it.o(.text.BusFault_Handler) for BusFault_Handler
    startup_stm32f407xx.o(RESET) refers to stm32f4xx_it.o(.text.UsageFault_Handler) for UsageFault_Handler
    startup_stm32f407xx.o(RESET) refers to port.o(.text.SVC_Handler) for SVC_Handler
    startup_stm32f407xx.o(RESET) refers to stm32f4xx_it.o(.text.DebugMon_Handler) for DebugMon_Handler
    startup_stm32f407xx.o(RESET) refers to port.o(.text.PendSV_Handler) for PendSV_Handler
    startup_stm32f407xx.o(RESET) refers to cmsis_os2.o(.text.SysTick_Handler) for SysTick_Handler
    startup_stm32f407xx.o(RESET) refers to stm32f4xx_it.o(.text.CAN1_RX0_IRQHandler) for CAN1_RX0_IRQHandler
    startup_stm32f407xx.o(RESET) refers to stm32f4xx_it.o(.text.CAN1_RX1_IRQHandler) for CAN1_RX1_IRQHandler
    startup_stm32f407xx.o(RESET) refers to stm32f4xx_it.o(.text.USART1_IRQHandler) for USART1_IRQHandler
    startup_stm32f407xx.o(RESET) refers to stm32f4xx_it.o(.text.USART2_IRQHandler) for USART2_IRQHandler
    startup_stm32f407xx.o(RESET) refers to stm32f4xx_it.o(.text.USART3_IRQHandler) for USART3_IRQHandler
    startup_stm32f407xx.o(RESET) refers to stm32f4xx_it.o(.text.TIM6_DAC_IRQHandler) for TIM6_DAC_IRQHandler
    startup_stm32f407xx.o(RESET) refers to stm32f4xx_it.o(.text.DMA2_Stream2_IRQHandler) for DMA2_Stream2_IRQHandler
    startup_stm32f407xx.o(RESET) refers to stm32f4xx_it.o(.text.CAN2_RX0_IRQHandler) for CAN2_RX0_IRQHandler
    startup_stm32f407xx.o(RESET) refers to stm32f4xx_it.o(.text.CAN2_RX1_IRQHandler) for CAN2_RX1_IRQHandler
    startup_stm32f407xx.o(RESET) refers to stm32f4xx_it.o(.text.USART6_IRQHandler) for USART6_IRQHandler
    startup_stm32f407xx.o(.text) refers (Special) to heapauxi.o(.text) for __use_two_region_memory
    startup_stm32f407xx.o(.text) refers to system_stm32f4xx.o(.text.SystemInit) for SystemInit
    startup_stm32f407xx.o(.text) refers to __main.o(!!!main) for __main
    startup_stm32f407xx.o(.text) refers to startup_stm32f407xx.o(HEAP) for Heap_Mem
    startup_stm32f407xx.o(.text) refers to startup_stm32f407xx.o(STACK) for Stack_Mem
    main.o(.text.main) refers to stm32f4xx_hal.o(.text.HAL_Init) for HAL_Init
    main.o(.text.main) refers to main.o(.text.SystemClock_Config) for SystemClock_Config
    main.o(.text.main) refers to gpio.o(.text.MX_GPIO_Init) for MX_GPIO_Init
    main.o(.text.main) refers to dma.o(.text.MX_DMA_Init) for MX_DMA_Init
    main.o(.text.main) refers to can.o(.text.MX_CAN1_Init) for MX_CAN1_Init
    main.o(.text.main) refers to can.o(.text.MX_CAN2_Init) for MX_CAN2_Init
    main.o(.text.main) refers to usart.o(.text.MX_USART3_UART_Init) for MX_USART3_UART_Init
    main.o(.text.main) refers to usart.o(.text.MX_USART6_UART_Init) for MX_USART6_UART_Init
    main.o(.text.main) refers to usart.o(.text.MX_USART2_UART_Init) for MX_USART2_UART_Init
    main.o(.text.main) refers to usart.o(.text.MX_USART1_UART_Init) for MX_USART1_UART_Init
    main.o(.text.main) refers to cmsis_os2.o(.text.osKernelInitialize) for osKernelInitialize
    main.o(.text.main) refers to freertos.o(.text.MX_FREERTOS_Init) for MX_FREERTOS_Init
    main.o(.text.main) refers to cmsis_os2.o(.text.osKernelStart) for osKernelStart
    main.o(.ARM.exidx.text.main) refers to main.o(.text.main) for [Anonymous Symbol]
    main.o(.text.SystemClock_Config) refers to rt_memclr_w.o(.text) for __aeabi_memclr4
    main.o(.text.SystemClock_Config) refers to stm32f4xx_hal_rcc.o(.text.HAL_RCC_OscConfig) for HAL_RCC_OscConfig
    main.o(.text.SystemClock_Config) refers to main.o(.text.Error_Handler) for Error_Handler
    main.o(.text.SystemClock_Config) refers to stm32f4xx_hal_rcc.o(.text.HAL_RCC_ClockConfig) for HAL_RCC_ClockConfig
    main.o(.ARM.exidx.text.SystemClock_Config) refers to main.o(.text.SystemClock_Config) for [Anonymous Symbol]
    main.o(.ARM.exidx.text.Error_Handler) refers to main.o(.text.Error_Handler) for [Anonymous Symbol]
[...]
    M3508::set_current(short)                0x080064dd   Thumb Code   250  m3508.o(.text._ZN5M350811set_currentEs)
    M3508::Set_Point(float)                  0x080065d9   Thumb Code    32  m3508.o(.text._ZN5M35089Set_PointEf)
    M3508::M3508(CAN_HandleTypeDef*, unsigned int) 0x080065f9   Thumb Code   180  m3508.o(.text._ZN5M3508C2EP17CAN_HandleTypeDefj)
    M3508::M3508__sub_object(CAN_HandleTypeDef*, unsigned int) 0x080065f9   Thumb Code   180  m3508.o(.text._ZN5M3508C2EP17CAN_HandleTypeDefj)
    action::GetDeltaData()                   0x080066ad   Thumb Code    62  action.o(.text._ZN6action12GetDeltaDataEv)
    action::handleReceiveData(unsigned char) 0x080066f1   Thumb Code   400  action.o(.text._ZN6action17handleReceiveDataEh)
    action::getdata()                        0x08006889   Thumb Code    14  action.o(.text._ZN6action7getdataEv)
    action::action(__UART_HandleTypeDef*)    0x08006899   Thumb Code   110  action.o(.text._ZN6actionC2EP20__UART_HandleTypeDef)
    action::action__sub_object(__UART_HandleTypeDef*) 0x08006899   Thumb Code   110  action.o(.text._ZN6actionC2EP20__UART_HandleTypeDef)
    chasis::robot_cal(float, float, float)   0x08006909   Thumb Code   272  chasis_caculation.o(.text._ZN6chasis9robot_calEfff)
    chasis::world_cal(float, float, float, float) 0x08006a29   Thumb Code   164  chasis_caculation.o(.text._ZN6chasis9world_calEffff)
    chasis::chasis__sub_object()             0x08006acd   Thumb Code    18  start.o(.text._ZN6chasisC2Ev)
    TaskInfo::TaskInfo__sub_object()         0x08006ae1   Thumb Code    64  taskmanager.o(.text._ZN8TaskInfoC2Ev)
    CanDevice::Can_update(unsigned char*, CAN_RxHeaderTypeDef*) 0x08006b21   Thumb Code    12  candevice.o(.text._ZN9CanDevice10Can_updateEPhP19CAN_RxHeaderTypeDef)
    CanDevice::Can_SendData()                0x08006b2d   Thumb Code     8  candevice.o(.text._ZN9CanDevice12Can_SendDataEv)
    CanDevice::CAN1_Filter_Init()            0x08006b35   Thumb Code   100  candevice.o(.text._ZN9CanDevice16CAN1_Filter_InitEv)
    CanDevice::CAN2_Filter_Init()            0x08006b99   Thumb Code   104  candevice.o(.text._ZN9CanDevice16CAN2_Filter_InitEv)
    CanDevice::Can_Init()                    0x08006c01   Thumb Code    12  candevice.o(.text._ZN9CanDevice8Can_InitEv)
    CanDevice::CanDevice(CAN_HandleTypeDef*, unsigned int) 0x08006c0d   Thumb Code   484  candevice.o(.text._ZN9CanDeviceC2EP17CAN_HandleTypeDefj)
    CanDevice::CanDevice__sub_object(CAN_HandleTypeDef*, unsigned int) 0x08006c0d   Thumb Code   484  candevice.o(.text._ZN9CanDeviceC2EP17CAN_HandleTypeDefj)
    DetectBtn::detectButtonEdge(rising_edge*, unsigned char) 0x08006df1   Thumb Code   192  detect_btn.o(.text._ZN9DetectBtn16detectButtonEdgeEP11rising_edgeh)
    DetectBtn::detectButtonPress(press*, unsigned int) 0x08006eb1   Thumb Code   114  detect_btn.o(.text._ZN9DetectBtn17detectButtonPressEP5pressj)
    DetectBtn::DetectBtn(xbox*)              0x08006f25   Thumb Code    94  detect_btn.o(.text._ZN9DetectBtnC2EP4xbox)
    DetectBtn::DetectBtn__sub_object(xbox*)  0x08006f25   Thumb Code    94  detect_btn.o(.text._ZN9DetectBtnC2EP4xbox)
    std::__2::__math::cos[abi:v180000](float) 0x08006f85   Thumb Code    20  chasis_caculation.o(.text._ZNSt3__26__math3cosB7v180000Ef)
    std::__2::__math::sin[abi:v180000](float) 0x08006f99   Thumb Code    20  chasis_caculation.o(.text._ZNSt3__26__math3sinB7v180000Ef)
    std::__2::__math::acos[abi:v180000](float) 0x08006fad   Thumb Code    20  point_track.o(.text._ZNSt3__26__math4acosB7v180000Ef)
    std::__2::__math::sqrt[abi:v180000](float) 0x08006fc1   Thumb Code    20  point_track.o(.text._ZNSt3__26__math4sqrtB7v180000Ef)
    before_Start_tasks                       0x08007255   Thumb Code   112  start.o(.text.before_Start_tasks)
    main                                     0x080072c5   Thumb Code    64  main.o(.text.main)
    osDelay                                  0x08007305   Thumb Code    52  cmsis_os2.o(.text.osDelay)
    osKernelInitialize                       0x08007339   Thumb Code    70  cmsis_os2.o(.text.osKernelInitialize)
    osKernelStart                            0x08007381   Thumb Code    82  cmsis_os2.o(.text.osKernelStart)
    osMessageQueueNew                        0x080073d5   Thumb Code   254  cmsis_os2.o(.text.osMessageQueueNew)
    osThreadNew                              0x080074d5   Thumb Code   346  cmsis_os2.o(.text.osThreadNew)
    point_track_tasks                        0x08007631   Thumb Code   114  start.o(.text.point_track_tasks)
    pvPortMalloc                             0x0800858d   Thumb Code   492  heap_4.o(.text.pvPortMalloc)
    pxPortInitialiseStack                    0x08008779   Thumb Code    94  port.o(.text.pxPortInitialiseStack)
    uxListRemove                             0x080087d9   Thumb Code    72  list.o(.text.uxListRemove)
    uxTaskResetEventItemValue                0x08008821   Thumb Code    34  tasks.o(.text.uxTaskResetEventItemValue)
    vApplicationGetIdleTaskMemory            0x08008845   Thumb Code    42  cmsis_os2.o(.text.vApplicationGetIdleTaskMemory)
    vApplicationGetTimerTaskMemory           0x08008871   Thumb Code    44  cmsis_os2.o(.text.vApplicationGetTimerTaskMemory)
    vEventGroupSetBitsCallback               0x0800889d   Thumb Code    20  event_groups.o(.text.vEventGroupSetBitsCallback)
    vListInitialise                          0x080088b1   Thumb Code    46  list.o(.text.vListInitialise)
    vListInitialiseItem                      0x080088e1   Thumb Code    14  list.o(.text.vListInitialiseItem)
    vListInsert                              0x080088f1   Thumb Code   106  list.o(.text.vListInsert)
    vListInsertEnd                           0x0800895d   Thumb Code    58  list.o(.text.vListInsertEnd)
    vPortEnterCritical                       0x080089ad   Thumb Code    86  port.o(.text.vPortEnterCritical)
    vPortExitCritical                        0x08008a05   Thumb Code    74  port.o(.text.vPortExitCritical)
    vPortFree                                0x08008a51   Thumb Code   206  heap_4.o(.text.vPortFree)
    vPortSetupTimerInterrupt                 0x08008b21   Thumb Code    68  port.o(.text.vPortSetupTimerInterrupt)
    vPortValidateInterruptPriority           0x08008b65   Thumb Code   132  port.o(.text.vPortValidateInterruptPriority)
    vQueueAddToRegistry                      0x08008be9   Thumb Code    82  queue.o(.text.vQueueAddToRegistry)
    vQueueWaitForMessageRestricted           0x08008c3d   Thumb Code   100  queue.o(.text.vQueueWaitForMessageRestricted)
    vTaskDelay                               0x08008ca1   Thumb Code   110  tasks.o(.text.vTaskDelay)
    vTaskInternalSetTimeOutState             0x08008d11   Thumb Code    36  tasks.o(.text.vTaskInternalSetTimeOutState)
    vTaskMissedYield                         0x08008d35   Thumb Code    14  tasks.o(.text.vTaskMissedYield)
    vTaskPlaceOnEventList                    0x08008d45   Thumb Code    66  tasks.o(.text.vTaskPlaceOnEventList)
    vTaskPlaceOnEventListRestricted          0x08008d89   Thumb Code    82  tasks.o(.text.vTaskPlaceOnEventListRestricted)
    vTaskPlaceOnUnorderedEventList           0x08008ddd   Thumb Code   114  tasks.o(.text.vTaskPlaceOnUnorderedEventList)
    vTaskRemoveFromUnorderedEventList        0x08008e51   Thumb Code   204  tasks.o(.text.vTaskRemoveFromUnorderedEventList)
    vTaskStartScheduler                      0x08008f1d   Thumb Code   224  tasks.o(.text.vTaskStartScheduler)
    vTaskSuspendAll                          0x08008ffd   Thumb Code    16  tasks.o(.text.vTaskSuspendAll)
    vTaskSwitchContext                       0x0800900d   Thumb Code   198  tasks.o(.text.vTaskSwitchContext)
    xEventGroupCreate                        0x080090d5   Thumb Code    50  event_groups.o(.text.xEventGroupCreate)
    xEventGroupSetBits                       0x08009109   Thumb Code   282  event_groups.o(.text.xEventGroupSetBits)
    xEventGroupSetBitsFromISR                0x08009225   Thumb Code    36  event_groups.o(.text.xEventGroupSetBitsFromISR)
    xEventGroupWaitBits                      0x08009249   Thumb Code   442  event_groups.o(.text.xEventGroupWaitBits)
    xPortStartScheduler                      0x08009405   Thumb Code   342  port.o(.text.xPortStartScheduler)
    xPortSysTickHandler                      0x0800955d   Thumb Code    60  port.o(.text.xPortSysTickHandler)
    xQueueGenericCreate                      0x08009599   Thumb Code   116  queue.o(.text.xQueueGenericCreate)
    xQueueGenericCreateStatic                0x0800960d   Thumb Code   270  queue.o(.text.xQueueGenericCreateStatic)
    xQueueGenericReset                       0x0800971d   Thumb Code   186  queue.o(.text.xQueueGenericReset)
    xQueueGenericSend                        0x080097d9   Thumb Code   556  queue.o(.text.xQueueGenericSend)
    xQueueGenericSendFromISR                 0x08009a05   Thumb Code   332  queue.o(.text.xQueueGenericSendFromISR)
    xQueueReceive                            0x08009b51   Thumb Code   476  queue.o(.text.xQueueReceive)
    xTaskCheckForTimeOut                     0x08009d2d   Thumb Code   204  tasks.o(.text.xTaskCheckForTimeOut)
    xTaskCreate                              0x08009df9   Thumb Code   158  tasks.o(.text.xTaskCreate)
    xTaskCreateStatic                        0x08009e99   Thumb Code   206  tasks.o(.text.xTaskCreateStatic)
    xTaskGetSchedulerState                   0x08009f69   Thumb Code    56  tasks.o(.text.xTaskGetSchedulerState)
    xTaskGetTickCount                        0x08009fa1   Thumb Code    20  tasks.o(.text.xTaskGetTickCount)
    xTaskIncrementTick                       0x08009fb5   Thumb Code   452  tasks.o(.text.xTaskIncrementTick)
    xTaskPriorityDisinherit                  0x0800a179   Thumb Code   236  tasks.o(.text.xTaskPriorityDisinherit)
    xTaskRemoveFromEventList                 0x0800a265   Thumb Code   206  tasks.o(.text.xTaskRemoveFromEventList)
    xTaskResumeAll                           0x0800a335   Thumb Code   390  tasks.o(.text.xTaskResumeAll)
    xTimerCreateTimerTask                    0x0800a4bd   Thumb Code   148  timers.o(.text.xTimerCreateTimerTask)
    xTimerGenericCommand                     0x0800a551   Thumb Code   176  timers.o(.text.xTimerGenericCommand)
    xTimerPendFunctionCallFromISR            0x0800a601   Thumb Code    58  timers.o(.text.xTimerPendFunctionCallFromISR)
    xbox_detectbtn_tasks                     0x0800a63d   Thumb Code   544  start.o(.text.xbox_detectbtn_tasks)
    __ARM_fpclassifyf                        0x0800a85d   Thumb Code    38  fpclassifyf.o(i.__ARM_fpclassifyf)
    __hardfp_acosf                           0x0800a885   Thumb Code   234  acosf.o(i.__hardfp_acosf)
    __hardfp_cosf                            0x0800a99d   Thumb Code   280  cosf.o(i.__hardfp_cosf)
    __hardfp_sinf                            0x0800aaed   Thumb Code   344  sinf.o(i.__hardfp_sinf)
    __hardfp_sqrtf                           0x0800ac7d   Thumb Code    58  sqrtf.o(i.__hardfp_sqrtf)
    __mathlib_flt_infnan                     0x0800acb7   Thumb Code     6  funder.o(i.__mathlib_flt_infnan)
    __mathlib_flt_invalid                    0x0800acbd   Thumb Code    10  funder.o(i.__mathlib_flt_invalid)
    __mathlib_flt_underflow                  0x0800accd   Thumb Code    10  funder.o(i.__mathlib_flt_underflow)
    __mathlib_rredf2                         0x0800acdd   Thumb Code   316  rredf.o(i.__mathlib_rredf2)
    sqrtf                                    0x0800ae31   Thumb Code    62  sqrtf.o(i.sqrtf)
    __aeabi_d2f                              0x0800ae71   Thumb Code     0  d2f.o(x$fpl$d2f)
    _d2f                                     0x0800ae71   Thumb Code    98  d2f.o(x$fpl$d2f)
    __aeabi_dadd                             0x0800aed5   Thumb Code     0  daddsub_clz.o(x$fpl$dadd)
    _dadd                                    0x0800aed5   Thumb Code   332  daddsub_clz.o(x$fpl$dadd)
    __aeabi_dmul                             0x0800b025   Thumb Code     0  dmul.o(x$fpl$dmul)
    _dmul                                    0x0800b025   Thumb Code   332  dmul.o(x$fpl$dmul)
    __fpl_dnaninf                            0x0800b179   Thumb Code   156  dnaninf.o(x$fpl$dnaninf)
    __fpl_dretinf                            0x0800b215   Thumb Code    12  dretinf.o(x$fpl$dretinf)
    __aeabi_dsub                             0x0800b221   Thumb Code     0  daddsub_clz.o(x$fpl$dsub)
    _dsub                                    0x0800b221   Thumb Code   472  daddsub_clz.o(x$fpl$dsub)
    __aeabi_f2d                              0x0800b3fd   Thumb Code     0  f2d.o(x$fpl$f2d)
    _f2d                                     0x0800b3fd   Thumb Code    86  f2d.o(x$fpl$f2d)
    __fpl_fnaninf                            0x0800b453   Thumb Code   140  fnaninf.o(x$fpl$fnaninf)
    _fp_init                                 0x0800b4df   Thumb Code    26  fpinit.o(x$fpl$fpinit)
    __fplib_config_fpu_vfp                   0x0800b4f7   Thumb Code     0  fpinit.o(x$fpl$fpinit)
    __fplib_config_pureend_doubles           0x0800b4f7   Thumb Code     0  fpinit.o(x$fpl$fpinit)
    __fpl_fretinf                            0x0800b4f9   Thumb Code    10  fretinf.o(x$fpl$fretinf)
    __I$use$fp                               0x0800b502   Number         0  usenofp.o(x$fpl$usenofp)
    AHBPrescTable                            0x0800b524   Data          16  system_stm32f4xx.o(.rodata.AHBPrescTable)
    APBPrescTable                            0x0800b534   Data           8  system_stm32f4xx.o(.rodata.APBPrescTable)
    vtable for SerialDevice                  0x0800b568   Data          16  serialdevice.o(.rodata._ZTV12SerialDevice)
    vtable for xbox                          0x0800b578   Data          16  xbox_hid.o(.rodata._ZTV4xbox)
    vtable for M3508                         0x0800b588   Data          16  m3508.o(.rodata._ZTV5M3508)
    vtable for action                        0x0800b598   Data          16  action.o(.rodata._ZTV6action)
    vtable for CanDevice                     0x0800b5a8   Data          16  candevice.o(.rodata._ZTV9CanDevice)
    btn_detect_Task_attributes               0x0800b5b8   Data          36  freertos.o(.rodata.btn_detect_Task_attributes)
    defaultTask_attributes                   0x0800b5dc   Data          36  freertos.o(.rodata.defaultTask_attributes)
    myQueue01_attributes                     0x0800b600   Data          24  freertos.o(.rodata.myQueue01_attributes)
    point_track_Tas_attributes               0x0800b618   Data          36  freertos.o(.rodata.point_track_Tas_attributes)
    Region$$Table$$Base                      0x0800b77c   Number         0  anon$$obj.o(Region$$Table)
    Region$$Table$$Limit                     0x0800b79c   Number         0  anon$$obj.o(Region$$Table)
    SHT$$INIT_ARRAY$$Base                    0x0800b79c   Number         0  taskmanager.o(.init_array)
    SHT$$INIT_ARRAY$$Limit                   0x0800b7ac   Number         0  init_aeabi.o(.init_array)
    M3508func                                0x20000000   Data           4  pid_init.o(.data.M3508func)
    M3508param                               0x20000004   Data          32  pid_init.o(.data.M3508param)
    Spe_map                                  0x20000024   Data           2  start.o(.data.Spe_map)
    SystemCoreClock                          0x20000028   Data           4  system_stm32f4xx.o(.data.SystemCoreClock)
    W_map                                    0x2000002c   Data           2  start.o(.data.W_map)
    position_param                           0x20000030   Data          32  pid_init.o(.data.position_param)
    position_pid_func                        0x20000050   Data           4  pid_init.o(.data.position_pid_func)
    uwTickFreq                               0x20000054   Data           1  stm32f4xx_hal.o(.data.uwTickFreq)
    uwTickPrio                               0x20000058   Data           4  stm32f4xx_hal.o(.data.uwTickPrio)
    __libspace_start                         0x20000060   Data          96  libspace.o(.bss)
    DetectBtn1                               0x200000c0   Data          56  start.o(.bss.DetectBtn1)
    __temporary_stack_top$libspace           0x200000c0   Data           0  libspace.o(.bss)
    XboxEventHandle_t                        0x20000100   Data           4  xbox_hid.o(.bss.XboxEventHandle_t)
    _SEGGER_RTT                              0x20000104   Data         168  segger_rtt.o(.bss._SEGGER_RTT)
    TaskManager::tasks                       0x200001ac   Data        1120  taskmanager.o(.bss._ZN11TaskManager5tasksE)
    SerialDevice::instances_                 0x2000060c   Data          32  serialdevice.o(.bss._ZN12SerialDevice10instances_E)
    SerialDevice::instanceCount_             0x2000062c   Data           4  serialdevice.o(.bss._ZN12SerialDevice14instanceCount_E)
    M3508::m3508_can1_num                    0x20000630   Data           2  m3508.o(.bss._ZN5M350814m3508_can1_numE)
    M3508::m3508_can2_num                    0x20000632   Data           2  m3508.o(.bss._ZN5M350814m3508_can2_numE)
    M3508::M3508_error_flag                  0x20000634   Data           1  m3508.o(.bss._ZN5M350816M3508_error_flagE)
    M3508::M_can1_Tdata_buf1                 0x20000635   Data           8  m3508.o(.bss._ZN5M350817M_can1_Tdata_buf1E)
    M3508::M_can1_Tdata_buf2                 0x2000063d   Data           8  m3508.o(.bss._ZN5M350817M_can1_Tdata_buf2E)
    M3508::M_can2_Tdata_buf1                 0x20000645   Data           8  m3508.o(.bss._ZN5M350817M_can2_Tdata_buf1E)
    M3508::M_can2_Tdata_buf2                 0x2000064d   Data           8  m3508.o(.bss._ZN5M350817M_can2_Tdata_buf2E)
    M3508::M3508_SD_Queue_Handle             0x20000658   Data           4  m3508.o(.bss._ZN5M350821M3508_SD_Queue_HandleE)
    M3508::stop_flag                         0x2000065c   Data           1  m3508.o(.bss._ZN5M35089stop_flagE)
    CanDevice::Can1_Instances                0x20000660   Data          40  candevice.o(.bss._ZN9CanDevice14Can1_InstancesE)
    CanDevice::Can2_Instances                0x20000688   Data          40  candevice.o(.bss._ZN9CanDevice14Can2_InstancesE)
    CanDevice::Can1_Instances_Index          0x200006b0   Data           1  candevice.o(.bss._ZN9CanDevice20Can1_Instances_IndexE)
    CanDevice::Can2_Instances_Index          0x200006b1   Data           1  candevice.o(.bss._ZN9CanDevice20Can2_Instances_IndexE)
    CanDevice::RxData1                       0x200006b2   Data           8  candevice.o(.bss._ZN9CanDevice7RxData1E)
    CanDevice::RxData2                       0x200006ba   Data           8  candevice.o(.bss._ZN9CanDevice7RxData2E)
    action1                                  0x20000ad4   Data         352  start.o(.bss.action1)
    btn_detect_TaskHandle                    0x20000c34   Data           4  freertos.o(.bss.btn_detect_TaskHandle)
    chasis1                                  0x20000c38   Data          12  start.o(.bss.chasis1)
    defaultTaskHandle                        0x20000c44   Data           4  freertos.o(.bss.defaultTaskHandle)
    front_3508                               0x20000c48   Data         104  start.o(.bss.front_3508)
    hcan1                                    0x20000cb0   Data          40  can.o(.bss.hcan1)
    hcan2                                    0x20000cd8   Data          40  can.o(.bss.hcan2)
    hdma_usart1_rx                           0x20000d00   Data          96  usart.o(.bss.hdma_usart1_rx)
    htim6                                    0x20000d60   Data          72  stm32f4xx_hal_timebase_tim.o(.bss.htim6)
    huart1                                   0x20000da8   Data          72  usart.o(.bss.huart1)
    huart2                                   0x20000df0   Data          72  usart.o(.bss.huart2)
    huart3                                   0x20000e38   Data          72  usart.o(.bss.huart3)
    huart6                                   0x20000e80   Data          72  usart.o(.bss.huart6)
    left_3508                                0x20000ec8   Data         104  start.o(.bss.left_3508)
    myQueue01Handle                          0x20000f30   Data           4  freertos.o(.bss.myQueue01Handle)
    mypid_front                              0x20000f34   Data         100  pid_init.o(.bss.mypid_front)
    mypid_left                               0x20000f98   Data         100  pid_init.o(.bss.mypid_left)
    mypid_right                              0x20000ffc   Data         100  pid_init.o(.bss.mypid_right)
    myxEventGroupHandle_t                    0x20001060   Data           4  start.o(.bss.myxEventGroupHandle_t)
    point_track1                             0x20001064   Data          32  start.o(.bss.point_track1)
    point_track_TasHandle                    0x20001084   Data           4  freertos.o(.bss.point_track_TasHandle)
    position_pid                             0x20001088   Data         100  pid_init.o(.bss.position_pid)
    pxCurrentTCB                             0x200011e0   Data           4  tasks.o(.bss.pxCurrentTCB)
    right_3508                               0x20001658   Data         104  start.o(.bss.right_3508)
    uwTick                                   0x200052c8   Data           4  stm32f4xx_hal.o(.bss.uwTick)
    xQueueRegistry                           0x20005a20   Data          64  queue.o(.bss.xQueueRegistry)
    xbox1                                    0x20005aa4   Data         500  start.o(.bss.xbox1)



==============================================================================

Memory Map of the image

  Image Entry point : 0x08000189

  Load Region LR_IROM1 (Base: 0x08000000, Size: 0x0000b810, Max: 0x00100000, ABSOLUTE)

    Execution Region ER_IROM1 (Exec base: 0x08000000, Load base: 0x08000000, Size: 0x0000b7ac, Max: 0x00100000, ABSOLUTE)

    Exec Addr    Load Addr    Size         Type   Attr      Idx    E Section Name        Object

    0x08000000   0x08000000   0x00000188   Data   RO            3    RESET               startup_stm32f407xx.o
    0x08000188   0x08000188   0x00000008   Code   RO         2291  * !!!main             c_w.l(__main.o)
    0x08000190   0x08000190   0x0000005c   Code   RO         2562    !!!scatter          c_w.l(__scatter.o)
    0x080001ec   0x080001ec   0x0000001a   Code   RO         2566    !!handler_copy      c_w.l(__scatter_copy.o)
    0x08000206   0x08000206   0x00000002   PAD
    0x08000208   0x08000208   0x00000002   Code   RO         2563    !!handler_null      c_w.l(__scatter.o)
    0x0800020a   0x0800020a   0x00000002   PAD
    0x0800020c   0x0800020c   0x0000001c   Code   RO         2568    !!handler_zi        c_w.l(__scatter_zi.o)
    0x08000228   0x08000228   0x00000002   Code   RO         2483    .ARM.Collect$$libinit$$00000000  c_w.l(libinit.o)
    0x0800022a   0x0800022a   0x00000004   Code   RO         2358    .ARM.Collect$$libinit$$00000001  c_w.l(libinit2.o)
    0x0800022e   0x0800022e   0x00000000   Code   RO         2361    .ARM.Collect$$libinit$$00000004  c_w.l(libinit2.o)
    0x0800022e   0x0800022e   0x00000000   Code   RO         2363    .ARM.Collect$$libinit$$00000006  c_w.l(libinit2.o)
    0x0800022e   0x0800022e   0x00000000   Code   RO         2366    .ARM.Collect$$libinit$$0000000C  c_w.l(libinit2.o)
    0x0800022e   0x0800022e   0x00000000   Code   RO         2368    .ARM.Collect$$libinit$$0000000E  c_w.l(libinit2.o)
    0x0800022e   0x0800022e   0x00000000   Code   RO         2370    .ARM.Collect$$libinit$$00000010  c_w.l(libinit2.o)
    0x0800022e   0x0800022e   0x00000000   Code   RO         2373    .ARM.Collect$$libinit$$00000013  c_w.l(libinit2.o)
    0x0800022e   0x0800022e   0x00000000   Code   RO         2375    .ARM.Collect$$libinit$$00000015  c_w.l(libinit2.o)
    0x0800022e   0x0800022e   0x00000000   Code   RO         2377    .ARM.Collect$$libinit$$00000017  c_w.l(libinit2.o)
    0x0800022e   0x0800022e   0x00000000   Code   RO         2379    .ARM.Collect$$libinit$$00000019  c_w.l(libinit2.o)
    0x0800022e   0x0800022e   0x00000000   Code   RO         2381    .ARM.Collect$$libinit$$0000001B  c_w.l(libinit2.o)
    0x0800022e   0x0800022e   0x00000000   Code   RO         2383    .ARM.Collect$$libinit$$0000001D  c_w.l(libinit2.o)
    0x0800022e   0x0800022e   0x00000000   Code   RO         2385    .ARM.Collect$$libinit$$0000001F  c_w.l(libinit2.o)
    0x0800022e   0x0800022e   0x00000000   Code   RO         2387    .ARM.Collect$$libinit$$00000021  c_w.l(libinit2.o)
    0x0800022e   0x0800022e   0x00000000   Code   RO         2389    .ARM.Collect$$libinit$$00000023  c_w.l(libinit2.o)
    0x0800022e   0x0800022e   0x00000000   Code   RO         2391    .ARM.Collect$$libinit$$00000025  c_w.l(libinit2.o)
    0x0800022e   0x0800022e   0x00000000   Code   RO         2393    .ARM.Collect$$libinit$$00000027  c_w.l(libinit2.o)
    0x0800022e   0x0800022e   0x00000000   Code   RO         2397    .ARM.Collect$$libinit$$0000002E  c_w.l(libinit2.o)
    0x0800022e   0x0800022e   0x00000000   Code   RO         2399    .ARM.Collect$$libinit$$00000030  c_w.l(libinit2.o)
    0x0800022e   0x0800022e   0x00000000   Code   RO         2401    .ARM.Collect$$libinit$$00000032  c_w.l(libinit2.o)
    0x0800022e   0x0800022e   0x00000004   Code   RO         2402    .ARM.Collect$$libinit$$00000033  c_w.l(libinit2.o)
    0x08000232   0x08000232   0x00000000   Code   RO         2403    .ARM.Collect$$libinit$$00000034  c_w.l(libinit2.o)
    0x08000232   0x08000232   0x00000002   Code   RO         2404    .ARM.Collect$$libinit$$00000035  c_w.l(libinit2.o)
    0x08000234   0x08000234   0x00000002   Code   RO         2530    .ARM.Collect$$libshutdown$$00000000  c_w.l(libshutdown.o)
    0x08000236   0x08000236   0x00000000   Code   RO         2546    .ARM.Collect$$libshutdown$$00000002  c_w.l(libshutdown2.o)
    0x08000236   0x08000236   0x00000000   Code   RO         2548    .ARM.Collect$$libshutdown$$00000004  c_w.l(libshutdown2.o)
    0x08000236   0x08000236   0x00000000   Code   RO         2551    .ARM.Collect$$libshutdown$$00000007  c_w.l(libshutdown2.o)
    0x08000236   0x08000236   0x00000000   Code   RO         2554    .ARM.Collect$$libshutdown$$0000000A  c_w.l(libshutdown2.o)
    0x08000236   0x08000236   0x00000000   Code   RO         2556    .ARM.Collect$$libshutdown$$0000000C  c_w.l(libshutdown2.o)
    0x08000236   0x08000236   0x00000000   Code   RO         2559    .ARM.Collect$$libshutdown$$0000000F  c_w.l(libshutdown2.o)
    0x08000236   0x08000236   0x00000002   Code   RO         2560    .ARM.Collect$$libshutdown$$00000010  c_w.l(libshutdown2.o)
    0x08000238   0x08000238   0x00000000   Code   RO         2349    .ARM.Collect$$rtentry$$00000000  c_w.l(__rtentry.o)
    0x08000238   0x08000238   0x00000000   Code   RO         2438    .ARM.Collect$$rtentry$$00000002  c_w.l(__rtentry2.o)
    0x08000238   0x08000238   0x00000006   Code   RO         2450    .ARM.Collect$$rtentry$$00000004  c_w.l(__rtentry4.o)
    0x0800023e   0x0800023e   0x00000000   Code   RO         2440    .ARM.Collect$$rtentry$$00000009  c_w.l(__rtentry2.o)
    0x0800023e   0x0800023e   0x00000004   Code   RO         2441    .ARM.Collect$$rtentry$$0000000A  c_w.l(__rtentry2.o)
    0x08000242   0x08000242   0x00000000   Code   RO         2443    .ARM.Collect$$rtentry$$0000000C  c_w.l(__rtentry2.o)
    0x08000242   0x08000242   0x00000008   Code   RO         2444    .ARM.Collect$$rtentry$$0000000D  c_w.l(__rtentry2.o)
    0x0800024a   0x0800024a   0x00000002   Code   RO         2488    .ARM.Collect$$rtexit$$00000000  c_w.l(rtexit.o)
    0x0800024c   0x0800024c   0x00000000   Code   RO         2510    .ARM.Collect$$rtexit$$00000002  c_w.l(rtexit2.o)
    0x0800024c   0x0800024c   0x00000004   Code   RO         2511    .ARM.Collect$$rtexit$$00000003  c_w.l(rtexit2.o)
    0x08000250   0x08000250   0x00000006   Code   RO         2512    .ARM.Collect$$rtexit$$00000004  c_w.l(rtexit2.o)
    0x08000256   0x08000256   0x00000002   PAD
    0x08000258   0x08000258   0x00000040   Code   RO            4    .text               startup_stm32f407xx.o
    0x08000298   0x08000298   0x000000f0   Code   RO         2275    .text               c_w.l(lludivv7m.o)
    0x08000388   0x08000388   0x0000008a   Code   RO         2279    .text               c_w.l(rt_memcpy_v6.o)
    0x08000412   0x08000412   0x00000010   Code   RO         2283    .text               c_w.l(aeabi_memset4.o)
    0x08000422   0x08000422   0x0000004e   Code   RO         2287    .text               c_w.l(rt_memclr_w.o)
    0x08000470   0x08000470   0x00000006   Code   RO         2289    .text               c_w.l(heapauxi.o)
    0x08000476   0x08000476   0x00000002   PAD
    0x08000478   0x08000478   0x0000002c   Code   RO         2296    .text               c_w.l(init_aeabi.o)
    0x080004a4   0x080004a4   0x00000016   Code   RO         2354    .text               c_w.l(_rserrno.o)
    0x080004ba   0x080004ba   0x00000064   Code   RO         2356    .text               c_w.l(rt_memcpy_w.o)
    0x0800051e   0x0800051e   0x00000002   PAD
    0x08000520   0x08000520   0x00000008   Code   RO         2457    .text               c_w.l(rt_errno_addr_intlibspace.o)
    0x08000528   0x08000528   0x00000008   Code   RO         2463    .text               c_w.l(libspace.o)
    0x08000530   0x08000530   0x0000004a   Code   RO         2466    .text               c_w.l(sys_stackheap_outer.o)
    0x0800057a   0x0800057a   0x00000012   Code   RO         2468    .text               c_w.l(exit.o)
    0x0800058c   0x0800058c   0x0000000c   Code   RO         2502    .text               c_w.l(sys_exit.o)
    0x08000598   0x08000598   0x00000002   Code   RO         2506    .text               c_w.l(use_no_semi.o)
    0x0800059a   0x0800059a   0x00000000   Code   RO         2508    .text               c_w.l(indicate_semi.o)
    0x0800059a   0x0800059a   0x00000002   PAD
    0x0800059c   0x0800059c   0x00000004   Code   RO          115    .text.BusFault_Handler  stm32f4xx_it.o
    0x080005a0   0x080005a0   0x00000010   Code   RO          121    .text.CAN1_RX0_IRQHandler  stm32f4xx_it.o
    0x080005b0   0x080005b0   0x00000010   Code   RO          123    .text.CAN1_RX1_IRQHandler  stm32f4xx_it.o
    0x080005c0   0x080005c0   0x00000010   Code   RO          135    .text.CAN2_RX0_IRQHandler  stm32f4xx_it.o
    0x080005d0   0x080005d0   0x00000010   Code   RO          137    .text.CAN2_RX1_IRQHandler  stm32f4xx_it.o
    0x080005e0   0x080005e0   0x00000010   Code   RO          133    .text.DMA2_Stream2_IRQHandler  stm32f4xx_it.o
    0x080005f0   0x080005f0   0x00000056   Code   RO          427    .text.DMA_CalcBaseAndBitshift  stm32f4xx_hal_dma.o
    0x08000646   0x08000646   0x00000002   PAD
    0x08000648   0x08000648   0x000000f0   Code   RO          425    .text.DMA_CheckFifoParam  stm32f4xx_hal_dma.o
    0x08000738   0x08000738   0x00000050   Code   RO          433    .text.DMA_SetConfig  stm32f4xx_hal_dma.o
    0x08000788   0x08000788   0x00000002   Code   RO          119    .text.DebugMon_Handler  stm32f4xx_it.o
    0x0800078a   0x0800078a   0x00000002   PAD
    0x0800078c   0x0800078c   0x00000006   Code   RO           15    .text.Error_Handler  main.o
    0x08000792   0x08000792   0x00000002   PAD
    0x08000794   0x08000794   0x00000052   Code   RO          204    .text.HAL_CAN_ActivateNotification  stm32f4xx_hal_can.o
    0x080007e6   0x080007e6   0x00000002   PAD
    0x080007e8   0x080007e8   0x000001a4   Code   RO          180    .text.HAL_CAN_ConfigFilter  stm32f4xx_hal_can.o
    0x0800098c   0x0800098c   0x00000008   Code   RO          234    .text.HAL_CAN_ErrorCallback  stm32f4xx_hal_can.o
    0x08000994   0x08000994   0x00000212   Code   RO          200    .text.HAL_CAN_GetRxMessage  stm32f4xx_hal_can.o
    0x08000ba6   0x08000ba6   0x00000002   PAD
    0x08000ba8   0x08000ba8   0x000003f2   Code   RO          208    .text.HAL_CAN_IRQHandler  stm32f4xx_hal_can.o
    0x08000f9a   0x08000f9a   0x00000002   PAD
    0x08000f9c   0x08000f9c   0x000001de   Code   RO          170    .text.HAL_CAN_Init  stm32f4xx_hal_can.o
    0x0800117a   0x0800117a   0x00000002   PAD
    0x0800117c   0x0800117c   0x000001ae   Code   RO           63    .text.HAL_CAN_MspInit  can.o
    0x0800132a   0x0800132a   0x00000002   PAD
    0x0800132c   0x0800132c   0x00000008   Code   RO          222    .text.HAL_CAN_RxFifo0FullCallback  stm32f4xx_hal_can.o
    0x08001334   0x08001334   0x00000134   Code   RO         1850    .text.HAL_CAN_RxFifo0MsgPendingCallback  candevice.o
    0x08001468   0x08001468   0x00000008   Code   RO          226    .text.HAL_CAN_RxFifo1FullCallback  stm32f4xx_hal_can.o
    0x08001470   0x08001470   0x00000008   Code   RO          228    .text.HAL_CAN_RxFifo1MsgPendingCallback  stm32f4xx_hal_can.o
    0x08001478   0x08001478   0x00000008   Code   RO          230    .text.HAL_CAN_SleepCallback  stm32f4xx_hal_can.o
    0x08001480   0x08001480   0x0000008a   Code   RO          182    .text.HAL_CAN_Start  stm32f4xx_hal_can.o
    0x0800150a   0x0800150a   0x00000002   PAD
    0x0800150c   0x0800150c   0x00000008   Code   RO          212    .text.HAL_CAN_TxMailbox0AbortCallback  stm32f4xx_hal_can.o
    0x08001514   0x08001514   0x00000008   Code   RO          210    .text.HAL_CAN_TxMailbox0CompleteCallback  stm32f4xx_hal_can.o
    0x0800151c   0x0800151c   0x00000008   Code   RO          216    .text.HAL_CAN_TxMailbox1AbortCallback  stm32f4xx_hal_can.o
    0x08001524   0x08001524   0x00000008   Code   RO          214    .text.HAL_CAN_TxMailbox1CompleteCallback  stm32f4xx_hal_can.o
    0x0800152c   0x0800152c   0x00000008   Code   RO          220    .text.HAL_CAN_TxMailbox2AbortCallback  stm32f4xx_hal_can.o
    0x08001534   0x08001534   0x00000008   Code   RO          218    .text.HAL_CAN_TxMailbox2CompleteCallback  stm32f4xx_hal_can.o
    0x0800153c   0x0800153c   0x00000008   Code   RO          232    .text.HAL_CAN_WakeUpFromRxMsgCallback  stm32f4xx_hal_can.o
    0x08001544   0x08001544   0x000000ec   Code   RO          437    .text.HAL_DMA_Abort  stm32f4xx_hal_dma.o
    0x08001630   0x08001630   0x00000044   Code   RO          439    .text.HAL_DMA_Abort_IT  stm32f4xx_hal_dma.o
    0x08001674   0x08001674   0x0000031e   Code   RO          443    .text.HAL_DMA_IRQHandler  stm32f4xx_hal_dma.o
    0x08001992   0x08001992   0x00000002   PAD
    0x08001994   0x08001994   0x0000016e   Code   RO          423    .text.HAL_DMA_Init  stm32f4xx_hal_dma.o
    0x08001b02   0x08001b02   0x00000002   PAD
    0x08001b04   0x08001b04   0x000000c2   Code   RO          435    .text.HAL_DMA_Start_IT  stm32f4xx_hal_dma.o
    0x08001bc6   0x08001bc6   0x00000002   PAD
    0x08001bc8   0x08001bc8   0x000003b6   Code   RO          385    .text.HAL_GPIO_Init  stm32f4xx_hal_gpio.o
    0x08001f7e   0x08001f7e   0x00000002   PAD
    0x08001f80   0x08001f80   0x0000000c   Code   RO          610    .text.HAL_GetTick   stm32f4xx_hal.o
    0x08001f8c   0x08001f8c   0x0000001a   Code   RO          608    .text.HAL_IncTick   stm32f4xx_hal.o
    0x08001fa6   0x08001fa6   0x00000002   PAD
    0x08001fa8   0x08001fa8   0x00000036   Code   RO          598    .text.HAL_Init      stm32f4xx_hal.o
    0x08001fde   0x08001fde   0x00000002   PAD
    0x08001fe0   0x08001fe0   0x000000f0   Code   RO          156    .text.HAL_InitTick  stm32f4xx_hal_timebase_tim.o
    0x080020d0   0x080020d0   0x00000058   Code   RO          148    .text.HAL_MspInit   stm32f4xx_hal_msp.o
    0x08002128   0x08002128   0x00000014   Code   RO          533    .text.HAL_NVIC_EnableIRQ  stm32f4xx_hal_cortex.o
    0x0800213c   0x0800213c   0x00000032   Code   RO          525    .text.HAL_NVIC_SetPriority  stm32f4xx_hal_cortex.o
    0x0800216e   0x0800216e   0x00000002   PAD
    0x08002170   0x08002170   0x00000010   Code   RO          521    .text.HAL_NVIC_SetPriorityGrouping  stm32f4xx_hal_cortex.o
    0x08002180   0x08002180   0x00000262   Code   RO          253    .text.HAL_RCC_ClockConfig  stm32f4xx_hal_rcc.o
    0x080023e2   0x080023e2   0x00000002   PAD
    0x080023e4   0x080023e4   0x00000054   Code   RO          271    .text.HAL_RCC_GetClockConfig  stm32f4xx_hal_rcc.o
    0x08002438   0x08002438   0x0000000c   Code   RO          263    .text.HAL_RCC_GetHCLKFreq  stm32f4xx_hal_rcc.o
    0x08002444   0x08002444   0x00000022   Code   RO          265    .text.HAL_RCC_GetPCLK1Freq  stm32f4xx_hal_rcc.o
    0x08002466   0x08002466   0x00000002   PAD
    0x08002468   0x08002468   0x00000022   Code   RO          267    .text.HAL_RCC_GetPCLK2Freq  stm32f4xx_hal_rcc.o
    0x0800248a   0x0800248a   0x00000002   PAD
    0x0800248c   0x0800248c   0x000000e6   Code   RO          255    .text.HAL_RCC_GetSysClockFreq  stm32f4xx_hal_rcc.o
    0x08002572   0x08002572   0x00000002   PAD
    0x08002574   0x08002574   0x000006be   Code   RO          251    .text.HAL_RCC_OscConfig  stm32f4xx_hal_rcc.o
    0x08002c32   0x08002c32   0x00000002   PAD
    0x08002c34   0x08002c34   0x00000008   Code   RO         1010    .text.HAL_TIMEx_BreakCallback  stm32f4xx_hal_tim_ex.o
    0x08002c3c   0x08002c3c   0x00000008   Code   RO         1006    .text.HAL_TIMEx_CommutCallback  stm32f4xx_hal_tim_ex.o
    0x08002c44   0x08002c44   0x0000009c   Code   RO          687    .text.HAL_TIM_Base_Init  stm32f4xx_hal_tim.o
    0x08002ce0   0x08002ce0   0x00000008   Code   RO          689    .text.HAL_TIM_Base_MspInit  stm32f4xx_hal_tim.o
    0x08002ce8   0x08002ce8   0x000000f6   Code   RO          701    .text.HAL_TIM_Base_Start_IT  stm32f4xx_hal_tim.o
    0x08002dde   0x08002dde   0x00000002   PAD
    0x08002de0   0x08002de0   0x00000008   Code   RO          823    .text.HAL_TIM_IC_CaptureCallback  stm32f4xx_hal_tim.o
    0x08002de8   0x08002de8   0x0000021a   Code   RO          821    .text.HAL_TIM_IRQHandler  stm32f4xx_hal_tim.o
    0x08003002   0x08003002   0x00000002   PAD
    0x08003004   0x08003004   0x00000008   Code   RO          825    .text.HAL_TIM_OC_DelayElapsedCallback  stm32f4xx_hal_tim.o
    0x0800300c   0x0800300c   0x00000008   Code   RO          827    .text.HAL_TIM_PWM_PulseFinishedCallback  stm32f4xx_hal_tim.o
    0x08003014   0x08003014   0x00000022   Code   RO           17    .text.HAL_TIM_PeriodElapsedCallback  main.o
    0x08003036   0x08003036   0x00000002   PAD
    0x08003038   0x08003038   0x00000008   Code   RO          831    .text.HAL_TIM_TriggerCallback  stm32f4xx_hal_tim.o
    0x08003040   0x08003040   0x000000c2   Code   RO         1077    .text.HAL_UARTEx_ReceiveToIdle_DMA  stm32f4xx_hal_uart.o
    0x08003102   0x08003102   0x00000002   PAD
    0x08003104   0x08003104   0x000000f2   Code   RO         1889    .text.HAL_UARTEx_RxEventCallback  serialdevice.o
    0x080031f6   0x080031f6   0x00000002   PAD
    0x080031f8   0x080031f8   0x000000cc   Code   RO         1067    .text.HAL_UART_DMAStop  stm32f4xx_hal_uart.o
    0x080032c4   0x080032c4   0x00000032   Code   RO         1891    .text.HAL_UART_ErrorCallback  serialdevice.o
    0x080032f6   0x080032f6   0x00000002   PAD
    0x080032f8   0x080032f8   0x0000042c   Code   RO         1107    .text.HAL_UART_IRQHandler  stm32f4xx_hal_uart.o
    0x08003724   0x08003724   0x0000009e   Code   RO         1023    .text.HAL_UART_Init  stm32f4xx_hal_uart.o
    0x080037c2   0x080037c2   0x00000002   PAD
    0x080037c4   0x080037c4   0x00000302   Code   RO           93    .text.HAL_UART_MspInit  usart.o
    0x08003ac6   0x08003ac6   0x00000002   PAD
    0x08003ac8   0x08003ac8   0x00000056   Code   RO         1047    .text.HAL_UART_Receive_IT  stm32f4xx_hal_uart.o
    0x08003b1e   0x08003b1e   0x00000002   PAD
    0x08003b20   0x08003b20   0x00000082   Code   RO         1887    .text.HAL_UART_RxCpltCallback  serialdevice.o
    0x08003ba2   0x08003ba2   0x00000002   PAD
    0x08003ba4   0x08003ba4   0x00000008   Code   RO         1127    .text.HAL_UART_RxHalfCpltCallback  stm32f4xx_hal_uart.o
    0x08003bac   0x08003bac   0x00000008   Code   RO         1121    .text.HAL_UART_TxCpltCallback  stm32f4xx_hal_uart.o
    0x08003bb4   0x08003bb4   0x00000004   Code   RO          111    .text.HardFault_Handler  stm32f4xx_it.o
    0x08003bb8   0x08003bb8   0x0000004e   Code   RO           59    .text.MX_CAN1_Init  can.o
    0x08003c06   0x08003c06   0x00000002   PAD
    0x08003c08   0x08003c08   0x0000004e   Code   RO           61    .text.MX_CAN2_Init  can.o
    0x08003c56   0x08003c56   0x00000002   PAD
    0x08003c58   0x08003c58   0x0000003c   Code   RO           77    .text.MX_DMA_Init   dma.o
    0x08003c94   0x08003c94   0x00000084   Code   RO           35    .text.MX_FREERTOS_Init  freertos.o
    0x08003d18   0x08003d18   0x000000d2   Code   RO           27    .text.MX_GPIO_Init  gpio.o
    0x08003dea   0x08003dea   0x00000002   PAD
    0x08003dec   0x08003dec   0x00000040   Code   RO           85    .text.MX_USART1_UART_Init  usart.o
    0x08003e2c   0x08003e2c   0x00000040   Code   RO           87    .text.MX_USART2_UART_Init  usart.o
    0x08003e6c   0x08003e6c   0x00000044   Code   RO           89    .text.MX_USART3_UART_Init  usart.o
    0x08003eb0   0x08003eb0   0x00000040   Code   RO           91    .text.MX_USART6_UART_Init  usart.o
    0x08003ef0   0x08003ef0   0x00000004   Code   RO          113    .text.MemManage_Handler  stm32f4xx_it.o
    0x08003ef4   0x08003ef4   0x00000004   Code   RO          109    .text.NMI_Handler   stm32f4xx_it.o
    0x08003ef8   0x08003ef8   0x0000006c   Code   RO          531    .text.NVIC_EncodePriority  stm32f4xx_hal_cortex.o
    0x08003f64   0x08003f64   0x0000004e   Code   RO         2054    .text.PID_Init      pid_init.o
    0x08003fb2   0x08003fb2   0x0000000e   PAD
    0x08003fc0   0x08003fc0   0x00000064   Code   RO         1822    .text.PendSV_Handler  port.o
    0x08004024   0x08004024   0x0000004e   Code   RO         2193    .text.SEGGER_RTT_Write  segger_rtt.o
    0x08004072   0x08004072   0x00000002   PAD
    0x08004074   0x08004074   0x000000b0   Code   RO         2189    .text.SEGGER_RTT_WriteNoLock  segger_rtt.o
    0x08004124   0x08004124   0x0000002a   Code   RO         2263    .text.SEGGER_RTT_printf  segger_rtt_printf.o
    0x0800414e   0x0800414e   0x00000002   PAD
    0x08004150   0x08004150   0x00000350   Code   RO         2255    .text.SEGGER_RTT_vprintf  segger_rtt_printf.o
    0x080044a0   0x080044a0   0x00000024   Code   RO         1806    .text.SVC_Handler   port.o
    0x080044c4   0x080044c4   0x0000000e   Code   RO         1602    .text.SVC_Setup     cmsis_os2.o
    0x080044d2   0x080044d2   0x00000002   PAD
    0x080044d4   0x080044d4   0x00000018   Code   RO           37    .text.StartDefaultTask  freertos.o
    0x080044ec   0x080044ec   0x000002c4   Code   RO         2120    .text.Start_tasks   start.o
    0x080047b0   0x080047b0   0x0000001e   Code   RO         1592    .text.SysTick_Handler  cmsis_os2.o
    0x080047ce   0x080047ce   0x00000002   PAD
    0x080047d0   0x080047d0   0x000000ba   Code   RO           13    .text.SystemClock_Config  main.o
    0x0800488a   0x0800488a   0x00000002   PAD
    0x0800488c   0x0800488c   0x00000012   Code   RO         1154    .text.SystemInit    system_stm32f4xx.o
    0x0800489e   0x0800489e   0x00000002   PAD
    0x080048a0   0x080048a0   0x00000010   Code   RO          131    .text.TIM6_DAC_IRQHandler  stm32f4xx_it.o
    0x080048b0   0x080048b0   0x000001b0   Code   RO          691    .text.TIM_Base_SetConfig  stm32f4xx_hal_tim.o
    0x08004a60   0x08004a60   0x00000014   Code   RO           39    .text.Task02        freertos.o
    0x08004a74   0x08004a74   0x0000000e   Code   RO           41    .text.Task03        freertos.o
    0x08004a82   0x08004a82   0x00000002   PAD
    0x08004a84   0x08004a84   0x00000020   Code   RO         1111    .text.UART_DMAAbortOnError  stm32f4xx_hal_uart.o
    0x08004aa4   0x08004aa4   0x0000007c   Code   RO         1057    .text.UART_DMAError  stm32f4xx_hal_uart.o
    0x08004b20   0x08004b20   0x000000f4   Code   RO         1143    .text.UART_DMAReceiveCplt  stm32f4xx_hal_uart.o
    0x08004c14   0x08004c14   0x00000034   Code   RO         1145    .text.UART_DMARxHalfCplt  stm32f4xx_hal_uart.o
    0x08004c48   0x08004c48   0x00000094   Code   RO         1071    .text.UART_EndRxTransfer  stm32f4xx_hal_uart.o
    0x08004cdc   0x08004cdc   0x00000026   Code   RO         1119    .text.UART_EndTransmit_IT  stm32f4xx_hal_uart.o
    0x08004d02   0x08004d02   0x00000002   PAD
    0x08004d04   0x08004d04   0x00000036   Code   RO         1069    .text.UART_EndTxTransfer  stm32f4xx_hal_uart.o
    0x08004d3a   0x08004d3a   0x00000002   PAD
    0x08004d3c   0x08004d3c   0x0000016a   Code   RO         1109    .text.UART_Receive_IT  stm32f4xx_hal_uart.o
    0x08004ea6   0x08004ea6   0x00000002   PAD
    0x08004ea8   0x08004ea8   0x0000013a   Code   RO         1027    .text.UART_SetConfig  stm32f4xx_hal_uart.o
    0x08004fe2   0x08004fe2   0x00000002   PAD
    0x08004fe4   0x08004fe4   0x0000010c   Code   RO         1061    .text.UART_Start_Receive_DMA  stm32f4xx_hal_uart.o
    0x080050f0   0x080050f0   0x00000062   Code   RO         1049    .text.UART_Start_Receive_IT  stm32f4xx_hal_uart.o
    0x08005152   0x08005152   0x00000002   PAD
    0x08005154   0x08005154   0x00000094   Code   RO         1117    .text.UART_Transmit_IT  stm32f4xx_hal_uart.o
    0x080051e8   0x080051e8   0x00000060   Code   RO          125    .text.USART1_IRQHandler  stm32f4xx_it.o
    0x08005248   0x08005248   0x00000010   Code   RO          127    .text.USART2_IRQHandler  stm32f4xx_it.o
    0x08005258   0x08005258   0x00000010   Code   RO          129    .text.USART3_IRQHandler  stm32f4xx_it.o
    0x08005268   0x08005268   0x00000010   Code   RO          139    .text.USART6_IRQHandler  stm32f4xx_it.o
    0x08005278   0x08005278   0x00000004   Code   RO          117    .text.UsageFault_Handler  stm32f4xx_it.o
    0x0800527c   0x0800527c   0x000000a4   Code   RO         2171    .text._DoInit       segger_rtt.o
    0x08005320   0x08005320   0x00000008   Code   RO         1961    .text._GLOBAL__sub_I_M3508.cpp  m3508.o
    0x08005328   0x08005328   0x00000020   Code   RO         2126    .text._GLOBAL__sub_I_Start.cpp  start.o
    0x08005348   0x08005348   0x00000008   Code   RO         1916    .text._GLOBAL__sub_I_TaskManager.cpp  taskmanager.o
    0x08005350   0x08005350   0x00000014   Code   RO         2056    .text._GLOBAL__sub_I_pid_init.cpp  pid_init.o
    0x08005364   0x08005364   0x0000003e   Code   RO         2183    .text._GetAvailWriteSpace  segger_rtt.o
    0x080053a2   0x080053a2   0x00000002   PAD
    0x080053a4   0x080053a4   0x000001cc   Code   RO         2259    .text._PrintInt     segger_rtt_printf.o
    0x08005570   0x08005570   0x000001ac   Code   RO         2261    .text._PrintUnsigned  segger_rtt_printf.o
    0x0800571c   0x0800571c   0x00000076   Code   RO         2257    .text._StoreChar    segger_rtt_printf.o
    0x08005792   0x08005792   0x00000002   PAD
    0x08005794   0x08005794   0x000000e4   Code   RO         2187    .text._WriteBlocking  segger_rtt.o
    0x08005878   0x08005878   0x0000008c   Code   RO         2185    .text._WriteNoCheck  segger_rtt.o
    0x08005904   0x08005904   0x000000dc   Code   RO         2156    .text._ZN11point_track12point_track_EP6action  point_track.o
    0x080059e0   0x080059e0   0x0000001a   Code   RO         2154    .text._ZN11point_track14SetTargetPointEff  point_track.o
    0x080059fa   0x080059fa   0x00000002   PAD
    0x080059fc   0x080059fc   0x00000076   Code   RO         1885    .text._ZN12SerialDevice13Change_DisBufEv  serialdevice.o
    0x08005a72   0x08005a72   0x00000002   PAD
    0x08005a74   0x08005a74   0x0000000c   Code   RO         1895    .text._ZN12SerialDevice13SendEvent_MsgEPl  serialdevice.o
    0x08005a80   0x08005a80   0x0000000c   Code   RO         1893    .text._ZN12SerialDevice17handleReceiveDataEh  serialdevice.o
    0x08005a8c   0x08005a8c   0x000000a6   Code   RO         1883    .text._ZN12SerialDevice18startUartReceiveITEh  serialdevice.o
    0x08005b32   0x08005b32   0x00000002   PAD
    0x08005b34   0x08005b34   0x00000018   Code   RO         1881    .text._ZN12SerialDevice18startUartReceiveITEv  serialdevice.o
    0x08005b4c   0x08005b4c   0x000000c2   Code   RO         1867    .text._ZN12SerialDeviceC2EP20__UART_HandleTypeDef  serialdevice.o
    0x08005c0e   0x08005c0e   0x00000002   PAD
    0x08005c10   0x08005c10   0x00000032   Code   RO         2032    .text._ZN16serial_frame_mat4dataC2Ev  xbox_hid.o
    0x08005c42   0x08005c42   0x00000002   PAD
    0x08005c44   0x08005c44   0x00000024   Code   RO         2030    .text._ZN16serial_frame_matC2Ev  xbox_hid.o
    0x08005c68   0x08005c68   0x00000248   Code   RO         2037    .text._ZN3pid8caculateEff  pid.o
    0x08005eb0   0x08005eb0   0x00000044   Code   RO         2035    .text._ZN3pidC2EP11pid_param_tP10pid_func_t  pid.o
    0x08005ef4   0x08005ef4   0x000000ca   Code   RO         2009    .text._ZN4xbox10btn_updateEv  xbox_hid.o
    0x08005fbe   0x08005fbe   0x00000002   PAD
    0x08005fc0   0x08005fc0   0x00000138   Code   RO         2013    .text._ZN4xbox10joyDataCalEv  xbox_hid.o
    0x080060f8   0x080060f8   0x00000156   Code   RO         2011    .text._ZN4xbox11msgs_updateEhPh  xbox_hid.o
    0x0800624e   0x0800624e   0x00000002   PAD
    0x08006250   0x08006250   0x0000004e   Code   RO         2005    .text._ZN4xbox13SendEvent_MsgEPl  xbox_hid.o
    0x0800629e   0x0800629e   0x00000002   PAD
    0x080062a0   0x080062a0   0x00000196   Code   RO         2007    .text._ZN4xbox17handleReceiveDataEh  xbox_hid.o
    0x08006436   0x08006436   0x00000002   PAD
    0x08006438   0x08006438   0x0000003c   Code   RO         2003    .text._ZN4xboxC2EP20__UART_HandleTypeDef  xbox_hid.o
    0x08006474   0x08006474   0x00000068   Code   RO         1955    .text._ZN5M350810Can_updateEPhP19CAN_RxHeaderTypeDef  m3508.o
    0x080064dc   0x080064dc   0x000000fa   Code   RO         1953    .text._ZN5M350811set_currentEs  m3508.o
    0x080065d6   0x080065d6   0x00000002   PAD
    0x080065d8   0x080065d8   0x00000020   Code   RO         1951    .text._ZN5M35089Set_PointEf  m3508.o
    0x080065f8   0x080065f8   0x000000b4   Code   RO         1947    .text._ZN5M3508C2EP17CAN_HandleTypeDefj  m3508.o
    0x080066ac   0x080066ac   0x0000003e   Code   RO         1933    .text._ZN6action12GetDeltaDataEv  action.o
    0x080066ea   0x080066ea   0x00000006   PAD
    0x080066f0   0x080066f0   0x00000198   Code   RO         1935    .text._ZN6action17handleReceiveDataEh  action.o
    0x08006888   0x08006888   0x0000000e   Code   RO         1931    .text._ZN6action7getdataEv  action.o
    0x08006896   0x08006896   0x00000002   PAD
    0x08006898   0x08006898   0x0000006e   Code   RO         1929    .text._ZN6actionC2EP20__UART_HandleTypeDef  action.o
    0x08006906   0x08006906   0x00000002   PAD
    0x08006908   0x08006908   0x00000120   Code   RO         2074    .text._ZN6chasis9robot_calEfff  chasis_caculation.o
    0x08006a28   0x08006a28   0x000000a4   Code   RO         2076    .text._ZN6chasis9world_calEffff  chasis_caculation.o
    0x08006acc   0x08006acc   0x00000012   Code   RO         2150    .text._ZN6chasisC2Ev  start.o
    0x08006ade   0x08006ade   0x00000002   PAD
    0x08006ae0   0x08006ae0   0x00000040   Code   RO         1926    .text._ZN8TaskInfoC2Ev  taskmanager.o
    0x08006b20   0x08006b20   0x0000000c   Code   RO         1846    .text._ZN9CanDevice10Can_updateEPhP19CAN_RxHeaderTypeDef  candevice.o
    0x08006b2c   0x08006b2c   0x00000008   Code   RO         1848    .text._ZN9CanDevice12Can_SendDataEv  candevice.o
    0x08006b34   0x08006b34   0x00000064   Code   RO         1842    .text._ZN9CanDevice16CAN1_Filter_InitEv  candevice.o
    0x08006b98   0x08006b98   0x00000068   Code   RO         1844    .text._ZN9CanDevice16CAN2_Filter_InitEv  candevice.o
    0x08006c00   0x08006c00   0x0000000c   Code   RO         1840    .text._ZN9CanDevice8Can_InitEv  candevice.o
    0x08006c0c   0x08006c0c   0x000001e4   Code   RO         1838    .text._ZN9CanDeviceC2EP17CAN_HandleTypeDefj  candevice.o
    0x08006df0   0x08006df0   0x000000c0   Code   RO         2091    .text._ZN9DetectBtn16detectButtonEdgeEP11rising_edgeh  detect_btn.o
    0x08006eb0   0x08006eb0   0x00000072   Code   RO         2093    .text._ZN9DetectBtn17detectButtonPressEP5pressj  detect_btn.o
    0x08006f22   0x08006f22   0x00000002   PAD
    0x08006f24   0x08006f24   0x0000005e   Code   RO         2089    .text._ZN9DetectBtnC2EP4xbox  detect_btn.o
    0x08006f82   0x08006f82   0x00000002   PAD
    0x08006f84   0x08006f84   0x00000014   Code   RO         2084    .text._ZNSt3__26__math3cosB7v180000Ef  chasis_caculation.o
    0x08006f98   0x08006f98   0x00000014   Code   RO         2086    .text._ZNSt3__26__math3sinB7v180000Ef  chasis_caculation.o
    0x08006fac   0x08006fac   0x00000014   Code   RO         2166    .text._ZNSt3__26__math4acosB7v180000Ef  point_track.o
    0x08006fc0   0x08006fc0   0x00000014   Code   RO         2164    .text._ZNSt3__26__math4sqrtB7v180000Ef  point_track.o
    0x08006fd4   0x08006fd4   0x00000030   Code   RO          535    .text.__NVIC_EnableIRQ  stm32f4xx_hal_cortex.o
    0x08007004   0x08007004   0x00000010   Code   RO          527    .text.__NVIC_GetPriorityGrouping  stm32f4xx_hal_cortex.o
    0x08007014   0x08007014   0x00000042   Code   RO          529    .text.__NVIC_SetPriority  stm32f4xx_hal_cortex.o
    0x08007056   0x08007056   0x00000002   PAD
    0x08007058   0x08007058   0x00000042   Code   RO         1756    .text.__NVIC_SetPriority  cmsis_os2.o
    0x0800709a   0x0800709a   0x00000002   PAD
    0x0800709c   0x0800709c   0x0000003c   Code   RO          523    .text.__NVIC_SetPriorityGrouping  stm32f4xx_hal_cortex.o
    0x080070d8   0x080070d8   0x00000038   Code   RO         1908    .text.__cxx_global_var_init  taskmanager.o
    0x08007110   0x08007110   0x00000018   Code   RO         1945    .text.__cxx_global_var_init  m3508.o
    0x08007128   0x08007128   0x00000020   Code   RO         2046    .text.__cxx_global_var_init  pid_init.o
    0x08007148   0x08007148   0x00000018   Code   RO         2104    .text.__cxx_global_var_init  start.o
    0x08007160   0x08007160   0x00000020   Code   RO         2048    .text.__cxx_global_var_init.1  pid_init.o
    0x08007180   0x08007180   0x00000018   Code   RO         2106    .text.__cxx_global_var_init.1  start.o
    0x08007198   0x08007198   0x00000020   Code   RO         2050    .text.__cxx_global_var_init.2  pid_init.o
    0x080071b8   0x080071b8   0x00000018   Code   RO         2108    .text.__cxx_global_var_init.2  start.o
    0x080071d0   0x080071d0   0x00000020   Code   RO         2052    .text.__cxx_global_var_init.3  pid_init.o
    0x080071f0   0x080071f0   0x00000010   Code   RO         2110    .text.__cxx_global_var_init.3  start.o
    0x08007200   0x08007200   0x0000001a   Code   RO         2112    .text.__cxx_global_var_init.4  start.o
    0x0800721a   0x0800721a   0x00000002   PAD
    0x0800721c   0x0800721c   0x0000001a   Code   RO         2114    .text.__cxx_global_var_init.5  start.o
    0x08007236   0x08007236   0x00000002   PAD
    0x08007238   0x08007238   0x0000001a   Code   RO         2116    .text.__cxx_global_var_init.6  start.o
    0x08007252   0x08007252   0x00000002   PAD
    0x08007254   0x08007254   0x00000070   Code   RO         2118    .text.before_Start_tasks  start.o
    0x080072c4   0x080072c4   0x00000040   Code   RO           11    .text.main          main.o
    0x08007304   0x08007304   0x00000034   Code   RO         1660    .text.osDelay       cmsis_os2.o
    0x08007338   0x08007338   0x00000046   Code   RO         1594    .text.osKernelInitialize  cmsis_os2.o
    0x0800737e   0x0800737e   0x00000002   PAD
    0x08007380   0x08007380   0x00000052   Code   RO         1600    .text.osKernelStart  cmsis_os2.o
    0x080073d2   0x080073d2   0x00000002   PAD
    0x080073d4   0x080073d4   0x000000fe   Code   RO         1710    .text.osMessageQueueNew  cmsis_os2.o
    0x080074d2   0x080074d2   0x00000002   PAD
    0x080074d4   0x080074d4   0x0000015a   Code   RO         1624    .text.osThreadNew   cmsis_os2.o
    0x0800762e   0x0800762e   0x00000002   PAD
    0x08007630   0x08007630   0x00000072   Code   RO         2124    .text.point_track_tasks  start.o
    0x080076a2   0x080076a2   0x00000002   PAD
    0x080076a4   0x080076a4   0x000000d4   Code   RO         1386    .text.prvAddCurrentTaskToDelayedList  tasks.o
    0x08007778   0x08007778   0x00000122   Code   RO         1372    .text.prvAddNewTaskToReadyList  tasks.o
    0x0800789a   0x0800789a   0x00000002   PAD
    0x0800789c   0x0800789c   0x000000a2   Code   RO         1523    .text.prvCheckForValidListAndQueue  timers.o
    0x0800793e   0x0800793e   0x00000002   PAD
    0x08007940   0x08007940   0x0000005a   Code   RO         1490    .text.prvCheckTasksWaitingTermination  tasks.o
    0x0800799a   0x0800799a   0x00000002   PAD
    0x0800799c   0x0800799c   0x00000042   Code   RO         1265    .text.prvCopyDataFromQueue  queue.o
    0x080079de   0x080079de   0x00000002   PAD
    0x080079e0   0x080079e0   0x000000cc   Code   RO         1253    .text.prvCopyDataToQueue  queue.o
    0x08007aac   0x08007aac   0x0000005e   Code   RO         1378    .text.prvDeleteTCB  tasks.o
    0x08007b0a   0x08007b0a   0x00000002   PAD
    0x08007b0c   0x08007b0c   0x00000040   Code   RO         1561    .text.prvGetNextExpireTime  timers.o
    0x08007b4c   0x08007b4c   0x000000bc   Code   RO         1773    .text.prvHeapInit   heap_4.o
    0x08007c08   0x08007c08   0x00000038   Code   RO         1412    .text.prvIdleTask   tasks.o
    0x08007c40   0x08007c40   0x00000048   Code   RO         1227    .text.prvInitialiseNewQueue  queue.o
    0x08007c88   0x08007c88   0x00000122   Code   RO         1370    .text.prvInitialiseNewTask  tasks.o
    0x08007daa   0x08007daa   0x00000002   PAD
    0x08007dac   0x08007dac   0x0000008e   Code   RO         1488    .text.prvInitialiseTaskLists  tasks.o
    0x08007e3a   0x08007e3a   0x00000002   PAD
    0x08007e3c   0x08007e3c   0x000000c6   Code   RO         1775    .text.prvInsertBlockIntoFreeList  heap_4.o
    0x08007f02   0x08007f02   0x00000002   PAD
    0x08007f04   0x08007f04   0x00000086   Code   RO         1573    .text.prvInsertTimerInActiveList  timers.o
    0x08007f8a   0x08007f8a   0x00000002   PAD
    0x08007f8c   0x08007f8c   0x00000028   Code   RO         1267    .text.prvIsQueueEmpty  queue.o
    0x08007fb4   0x08007fb4   0x0000002e   Code   RO         1255    .text.prvIsQueueFull  queue.o
    0x08007fe2   0x08007fe2   0x00000002   PAD
    0x08007fe4   0x08007fe4   0x00000028   Code   RO         1814    .text.prvPortStartFirstTask  port.o
    0x0800800c   0x0800800c   0x0000008e   Code   RO         1569    .text.prvProcessExpiredTimer  timers.o
    0x0800809a   0x0800809a   0x00000002   PAD
    0x0800809c   0x0800809c   0x00000192   Code   RO         1565    .text.prvProcessReceivedCommands  timers.o
    0x0800822e   0x0800822e   0x00000002   PAD
    0x08008230   0x08008230   0x0000009a   Code   RO         1563    .text.prvProcessTimerOrBlockTask  timers.o
    0x080082ca   0x080082ca   0x00000002   PAD
    0x080082cc   0x080082cc   0x00000046   Code   RO         1380    .text.prvResetNextTaskUnblockTime  tasks.o
    0x08008312   0x08008312   0x00000002   PAD
    0x08008314   0x08008314   0x00000044   Code   RO         1567    .text.prvSampleTimeNow  timers.o
    0x08008358   0x08008358   0x000000d4   Code   RO         1571    .text.prvSwitchTimerLists  timers.o
    0x0800842c   0x0800842c   0x0000004c   Code   RO         1804    .text.prvTaskExitError  port.o
    0x08008478   0x08008478   0x00000042   Code   RO         1179    .text.prvTestWaitCondition  event_groups.o
    0x080084ba   0x080084ba   0x00000002   PAD
    0x080084bc   0x080084bc   0x0000001e   Code   RO         1525    .text.prvTimerTask  timers.o
    0x080084da   0x080084da   0x00000002   PAD
    0x080084dc   0x080084dc   0x000000ae   Code   RO         1257    .text.prvUnlockQueue  queue.o
    0x0800858a   0x0800858a   0x00000002   PAD
    0x0800858c   0x0800858c   0x000001ec   Code   RO         1771    .text.pvPortMalloc  heap_4.o
    0x08008778   0x08008778   0x0000005e   Code   RO         1802    .text.pxPortInitialiseStack  port.o
    0x080087d6   0x080087d6   0x00000002   PAD
    0x080087d8   0x080087d8   0x00000048   Code   RO         1214    .text.uxListRemove  list.o
    0x08008820   0x08008820   0x00000022   Code   RO         1470    .text.uxTaskResetEventItemValue  tasks.o
    0x08008842   0x08008842   0x00000002   PAD
    0x08008844   0x08008844   0x0000002a   Code   RO         1752    .text.vApplicationGetIdleTaskMemory  cmsis_os2.o
    0x0800886e   0x0800886e   0x00000002   PAD
    0x08008870   0x08008870   0x0000002c   Code   RO         1754    .text.vApplicationGetTimerTaskMemory  cmsis_os2.o
    0x0800889c   0x0800889c   0x00000014   Code   RO         1191    .text.vEventGroupSetBitsCallback  event_groups.o
    0x080088b0   0x080088b0   0x0000002e   Code   RO         1206    .text.vListInitialise  list.o
    0x080088de   0x080088de   0x00000002   PAD
    0x080088e0   0x080088e0   0x0000000e   Code   RO         1208    .text.vListInitialiseItem  list.o
    0x080088ee   0x080088ee   0x00000002   PAD
    0x080088f0   0x080088f0   0x0000006a   Code   RO         1212    .text.vListInsert   list.o
    0x0800895a   0x0800895a   0x00000002   PAD
    0x0800895c   0x0800895c   0x0000003a   Code   RO         1210    .text.vListInsertEnd  list.o
    0x08008996   0x08008996   0x00000002   PAD
    0x08008998   0x08008998   0x00000014   Code   RO         1812    .text.vPortEnableVFP  port.o
    0x080089ac   0x080089ac   0x00000056   Code   RO         1818    .text.vPortEnterCritical  port.o
    0x08008a02   0x08008a02   0x00000002   PAD
    0x08008a04   0x08008a04   0x0000004a   Code   RO         1820    .text.vPortExitCritical  port.o
    0x08008a4e   0x08008a4e   0x00000002   PAD
    0x08008a50   0x08008a50   0x000000ce   Code   RO         1777    .text.vPortFree     heap_4.o
    0x08008b1e   0x08008b1e   0x00000002   PAD
    0x08008b20   0x08008b20   0x00000044   Code   RO         1810    .text.vPortSetupTimerInterrupt  port.o
    0x08008b64   0x08008b64   0x00000084   Code   RO         1826    .text.vPortValidateInterruptPriority  port.o
    0x08008be8   0x08008be8   0x00000052   Code   RO         1297    .text.vQueueAddToRegistry  queue.o
    0x08008c3a   0x08008c3a   0x00000002   PAD
    0x08008c3c   0x08008c3c   0x00000064   Code   RO         1301    .text.vQueueWaitForMessageRestricted  queue.o
    0x08008ca0   0x08008ca0   0x0000006e   Code   RO         1390    .text.vTaskDelay    tasks.o
    0x08008d0e   0x08008d0e   0x00000002   PAD
    0x08008d10   0x08008d10   0x00000024   Code   RO         1444    .text.vTaskInternalSetTimeOutState  tasks.o
    0x08008d34   0x08008d34   0x0000000e   Code   RO         1448    .text.vTaskMissedYield  tasks.o
    0x08008d42   0x08008d42   0x00000002   PAD
    0x08008d44   0x08008d44   0x00000042   Code   RO         1432    .text.vTaskPlaceOnEventList  tasks.o
    0x08008d86   0x08008d86   0x00000002   PAD
    0x08008d88   0x08008d88   0x00000052   Code   RO         1436    .text.vTaskPlaceOnEventListRestricted  tasks.o
    0x08008dda   0x08008dda   0x00000002   PAD
    0x08008ddc   0x08008ddc   0x00000072   Code   RO         1434    .text.vTaskPlaceOnUnorderedEventList  tasks.o
    0x08008e4e   0x08008e4e   0x00000002   PAD
    0x08008e50   0x08008e50   0x000000cc   Code   RO         1440    .text.vTaskRemoveFromUnorderedEventList  tasks.o
    0x08008f1c   0x08008f1c   0x000000e0   Code   RO         1410    .text.vTaskStartScheduler  tasks.o
    0x08008ffc   0x08008ffc   0x00000010   Code   RO         1384    .text.vTaskSuspendAll  tasks.o
    0x0800900c   0x0800900c   0x000000c6   Code   RO         1402    .text.vTaskSwitchContext  tasks.o
    0x080090d2   0x080090d2   0x00000002   PAD
    0x080090d4   0x080090d4   0x00000032   Code   RO         1171    .text.xEventGroupCreate  event_groups.o
    0x08009106   0x08009106   0x00000002   PAD
    0x08009108   0x08009108   0x0000011a   Code   RO         1175    .text.xEventGroupSetBits  event_groups.o
    0x08009222   0x08009222   0x00000002   PAD
    0x08009224   0x08009224   0x00000024   Code   RO         1193    .text.xEventGroupSetBitsFromISR  event_groups.o
    0x08009248   0x08009248   0x000001ba   Code   RO         1177    .text.xEventGroupWaitBits  event_groups.o
    0x08009402   0x08009402   0x00000002   PAD
    0x08009404   0x08009404   0x00000156   Code   RO         1808    .text.xPortStartScheduler  port.o
    0x0800955a   0x0800955a   0x00000002   PAD
    0x0800955c   0x0800955c   0x0000003c   Code   RO         1824    .text.xPortSysTickHandler  port.o
    0x08009598   0x08009598   0x00000074   Code   RO         1229    .text.xQueueGenericCreate  queue.o
    0x0800960c   0x0800960c   0x0000010e   Code   RO         1225    .text.xQueueGenericCreateStatic  queue.o
    0x0800971a   0x0800971a   0x00000002   PAD
    0x0800971c   0x0800971c   0x000000ba   Code   RO         1223    .text.xQueueGenericReset  queue.o
    0x080097d6   0x080097d6   0x00000002   PAD
    0x080097d8   0x080097d8   0x0000022c   Code   RO         1243    .text.xQueueGenericSend  queue.o
    0x08009a04   0x08009a04   0x0000014c   Code   RO         1259    .text.xQueueGenericSendFromISR  queue.o
    0x08009b50   0x08009b50   0x000001dc   Code   RO         1263    .text.xQueueReceive  queue.o
    0x08009d2c   0x08009d2c   0x000000cc   Code   RO         1446    .text.xTaskCheckForTimeOut  tasks.o
    0x08009df8   0x08009df8   0x0000009e   Code   RO         1374    .text.xTaskCreate   tasks.o
    0x08009e96   0x08009e96   0x00000002   PAD
    0x08009e98   0x08009e98   0x000000ce   Code   RO         1368    .text.xTaskCreateStatic  tasks.o
    0x08009f66   0x08009f66   0x00000002   PAD
    0x08009f68   0x08009f68   0x00000038   Code   RO         1462    .text.xTaskGetSchedulerState  tasks.o
    0x08009fa0   0x08009fa0   0x00000014   Code   RO         1418    .text.xTaskGetTickCount  tasks.o
    0x08009fb4   0x08009fb4   0x000001c4   Code   RO         1416    .text.xTaskIncrementTick  tasks.o
    0x0800a178   0x0800a178   0x000000ec   Code   RO         1466    .text.xTaskPriorityDisinherit  tasks.o
    0x0800a264   0x0800a264   0x000000ce   Code   RO         1438    .text.xTaskRemoveFromEventList  tasks.o
    0x0800a332   0x0800a332   0x00000002   PAD
    0x0800a334   0x0800a334   0x00000186   Code   RO         1388    .text.xTaskResumeAll  tasks.o
    0x0800a4ba   0x0800a4ba   0x00000002   PAD
    0x0800a4bc   0x0800a4bc   0x00000094   Code   RO         1521    .text.xTimerCreateTimerTask  timers.o
    0x0800a550   0x0800a550   0x000000b0   Code   RO         1533    .text.xTimerGenericCommand  timers.o
    0x0800a600   0x0800a600   0x0000003a   Code   RO         1553    .text.xTimerPendFunctionCallFromISR  timers.o
    0x0800a63a   0x0800a63a   0x00000002   PAD
    0x0800a63c   0x0800a63c   0x00000220   Code   RO         2122    .text.xbox_detectbtn_tasks  start.o
    0x0800a85c   0x0800a85c   0x00000026   Code   RO         2418    i.__ARM_fpclassifyf  m_wm.l(fpclassifyf.o)
    0x0800a882   0x0800a882   0x00000002   PAD
    0x0800a884   0x0800a884   0x00000118   Code   RO         2325    i.__hardfp_acosf    m_wm.l(acosf.o)
    0x0800a99c   0x0800a99c   0x00000150   Code   RO         2331    i.__hardfp_cosf     m_wm.l(cosf.o)
    0x0800aaec   0x0800aaec   0x00000190   Code   RO         2337    i.__hardfp_sinf     m_wm.l(sinf.o)
    0x0800ac7c   0x0800ac7c   0x0000003a   Code   RO         2343    i.__hardfp_sqrtf    m_wm.l(sqrtf.o)
    0x0800acb6   0x0800acb6   0x00000006   Code   RO         2421    i.__mathlib_flt_infnan  m_wm.l(funder.o)
    0x0800acbc   0x0800acbc   0x00000010   Code   RO         2423    i.__mathlib_flt_invalid  m_wm.l(funder.o)
    0x0800accc   0x0800accc   0x00000010   Code   RO         2426    i.__mathlib_flt_underflow  m_wm.l(funder.o)
    0x0800acdc   0x0800acdc   0x00000154   Code   RO         2434    i.__mathlib_rredf2  m_wm.l(rredf.o)
    0x0800ae30   0x0800ae30   0x0000003e   Code   RO         2345    i.sqrtf             m_wm.l(sqrtf.o)
    0x0800ae6e   0x0800ae6e   0x00000002   PAD
    0x0800ae70   0x0800ae70   0x00000062   Code   RO         2299    x$fpl$d2f           fz_wm.l(d2f.o)
    0x0800aed2   0x0800aed2   0x00000002   PAD
    0x0800aed4   0x0800aed4   0x00000150   Code   RO         2301    x$fpl$dadd          fz_wm.l(daddsub_clz.o)
    0x0800b024   0x0800b024   0x00000154   Code   RO         2321    x$fpl$dmul          fz_wm.l(dmul.o)
    0x0800b178   0x0800b178   0x0000009c   Code   RO         2409    x$fpl$dnaninf       fz_wm.l(dnaninf.o)
    0x0800b214   0x0800b214   0x0000000c   Code   RO         2411    x$fpl$dretinf       fz_wm.l(dretinf.o)
    0x0800b220   0x0800b220   0x000001dc   Code   RO         2303    x$fpl$dsub          fz_wm.l(daddsub_clz.o)
    0x0800b3fc   0x0800b3fc   0x00000056   Code   RO         2323    x$fpl$f2d           fz_wm.l(f2d.o)
    0x0800b452   0x0800b452   0x0000008c   Code   RO         2413    x$fpl$fnaninf       fz_wm.l(fnaninf.o)
    0x0800b4de   0x0800b4de   0x0000001a   Code   RO         2461    x$fpl$fpinit        fz_wm.l(fpinit.o)
    0x0800b4f8   0x0800b4f8   0x0000000a   Code   RO         2415    x$fpl$fretinf       fz_wm.l(fretinf.o)
    0x0800b502   0x0800b502   0x00000000   Code   RO         2417    x$fpl$usenofp       fz_wm.l(usenofp.o)
    0x0800b502   0x0800b502   0x00000002   PAD
    0x0800b504   0x0800b504   0x00000020   Data   RO         2435    .constdata          m_wm.l(rredf.o)
    0x0800b524   0x0800b524   0x00000010   Data   RO         1159    .rodata.AHBPrescTable  system_stm32f4xx.o
    0x0800b534   0x0800b534   0x00000008   Data   RO         1160    .rodata.APBPrescTable  system_stm32f4xx.o
    0x0800b53c   0x0800b53c   0x00000008   Data   RO          453    .rodata.DMA_CalcBaseAndBitshift.flagBitshiftOffset  stm32f4xx_hal_dma.o
    0x0800b544   0x0800b544   0x00000011   Data   RO         2244    .rodata._DoInit._aInitStr  segger_rtt.o
    0x0800b555   0x0800b555   0x00000010   Data   RO         2266    .rodata._PrintUnsigned._aV2C  segger_rtt_printf.o
    0x0800b565   0x0800b565   0x00000003   PAD
    0x0800b568   0x0800b568   0x00000010   Data   RO         1899    .rodata._ZTV12SerialDevice  serialdevice.o
    0x0800b578   0x0800b578   0x00000010   Data   RO         2020    .rodata._ZTV4xbox   xbox_hid.o
    0x0800b588   0x0800b588   0x00000010   Data   RO         1972    .rodata._ZTV5M3508  m3508.o
    0x0800b598   0x0800b598   0x00000010   Data   RO         1937    .rodata._ZTV6action  action.o
    0x0800b5a8   0x0800b5a8   0x00000010   Data   RO         1858    .rodata._ZTV9CanDevice  candevice.o
    0x0800b5b8   0x0800b5b8   0x00000024   Data   RO           45    .rodata.btn_detect_Task_attributes  freertos.o
    0x0800b5dc   0x0800b5dc   0x00000024   Data   RO           44    .rodata.defaultTask_attributes  freertos.o
    0x0800b600   0x0800b600   0x00000018   Data   RO           47    .rodata.myQueue01_attributes  freertos.o
    0x0800b618   0x0800b618   0x00000024   Data   RO           46    .rodata.point_track_Tas_attributes  freertos.o
    0x0800b63c   0x0800b63c   0x00000036   Data   RO           43    .rodata.str1.1      freertos.o
    0x0800b672   0x0800b672   0x00000005   Data   RO         1506    .rodata.str1.1      tasks.o
    0x0800b677   0x0800b677   0x0000000d   Data   RO         1576    .rodata.str1.1      timers.o
    0x0800b684   0x0800b684   0x00000062   Data   RO         1900    .rodata.str1.1      serialdevice.o
    0x0800b6e6   0x0800b6e6   0x00000015   Data   RO         2021    .rodata.str1.1      xbox_hid.o
    0x0800b6fb   0x0800b6fb   0x0000006e   Data   RO         2142    .rodata.str1.1      start.o
    0x0800b769   0x0800b769   0x00000009   Data   RO         2245    .rodata.str1.1      segger_rtt.o
    0x0800b772   0x0800b772   0x00000007   Data   RO         2265    .rodata.str1.1      segger_rtt_printf.o
    0x0800b779   0x0800b779   0x00000003   PAD
    0x0800b77c   0x0800b77c   0x00000020   Data   RO         2561    Region$$Table       anon$$obj.o
    0x0800b79c   0x0800b79c   0x00000004   Data   RO         1919    .init_array         taskmanager.o
    0x0800b7a0   0x0800b79c   0x00000004   Data   RO         1973    .init_array         m3508.o
    0x0800b7a4   0x0800b79c   0x00000004   Data   RO         2066    .init_array         pid_init.o
    0x0800b7a8   0x0800b79c   0x00000004   Data   RO         2143    .init_array         start.o
    0x0800b7ac   0x0800b79c   0x00000000   Data   RO         2294    .init_array         c_w.l(init_aeabi.o)


    Execution Region RW_IRAM1 (Exec base: 0x20000000, Load base: 0x0800b7b0, Size: 0x00006298, Max: 0x00020000, ABSOLUTE)

    Exec Addr    Load Addr    Size         Type   Attr      Idx    E Section Name        Object

    0x20000000   0x0800b7b0   0x00000004   Data   RW         2060    .data.M3508func     pid_init.o
    0x20000004   0x0800b7b4   0x00000020   Data   RW         2058    .data.M3508param    pid_init.o
    0x20000024   0x0800b7d4   0x00000002   Data   RW         2140    .data.Spe_map       start.o
    0x20000026   0x0800b7d6   0x00000002   PAD
    0x20000028   0x0800b7d8   0x00000004   Data   RW         1158    .data.SystemCoreClock  system_stm32f4xx.o
    0x2000002c   0x0800b7dc   0x00000002   Data   RW         2141    .data.W_map         start.o
    0x2000002e   0x0800b7de   0x00000002   PAD
    0x20000030   0x0800b7e0   0x00000020   Data   RW         2059    .data.position_param  pid_init.o
    0x20000050   0x0800b800   0x00000004   Data   RW         2064    .data.position_pid_func  pid_init.o
    0x20000054   0x0800b804   0x00000001   Data   RW          653    .data.uwTickFreq    stm32f4xx_hal.o
    0x20000055   0x0800b805   0x00000003   PAD
    0x20000058   0x0800b808   0x00000004   Data   RW          652    .data.uwTickPrio    stm32f4xx_hal.o
    0x2000005c   0x0800b80c   0x00000004   Data   RW         1830    .data.uxCriticalNesting  port.o
    0x20000060        -       0x00000060   Zero   RW         2464    .bss                c_w.l(libspace.o)
    0x200000c0        -       0x00000038   Zero   RW         2130    .bss.DetectBtn1     start.o
    0x200000f8        -       0x00000004   Zero   RW           69    .bss.HAL_RCC_CAN1_CLK_ENABLED  can.o
    0x200000fc        -       0x00000004   Zero   RW         1758    .bss.KernelState    cmsis_os2.o
    0x20000100        -       0x00000004   Zero   RW         2019    .bss.XboxEventHandle_t  xbox_hid.o
    0x20000104        -       0x000000a8   Zero   RW         2241    .bss._SEGGER_RTT    segger_rtt.o
    0x200001ac        -       0x00000460   Zero   RW         1918    .bss._ZN11TaskManager5tasksE  taskmanager.o
    0x2000060c        -       0x00000020   Zero   RW         1897    .bss._ZN12SerialDevice10instances_E  serialdevice.o
    0x2000062c        -       0x00000004   Zero   RW         1898    .bss._ZN12SerialDevice14instanceCount_E  serialdevice.o
    0x20000630        -       0x00000002   Zero   RW         1963    .bss._ZN5M350814m3508_can1_numE  m3508.o
    0x20000632        -       0x00000002   Zero   RW         1964    .bss._ZN5M350814m3508_can2_numE  m3508.o
    0x20000634        -       0x00000001   Zero   RW         1971    .bss._ZN5M350816M3508_error_flagE  m3508.o
    0x20000635        -       0x00000008   Zero   RW         1966    .bss._ZN5M350817M_can1_Tdata_buf1E  m3508.o
    0x2000063d        -       0x00000008   Zero   RW         1967    .bss._ZN5M350817M_can1_Tdata_buf2E  m3508.o
    0x20000645        -       0x00000008   Zero   RW         1968    .bss._ZN5M350817M_can2_Tdata_buf1E  m3508.o
    0x2000064d        -       0x00000008   Zero   RW         1969    .bss._ZN5M350817M_can2_Tdata_buf2E  m3508.o
    0x20000655   0x0800b810   0x00000003   PAD
    0x20000658        -       0x00000004   Zero   RW         1970    .bss._ZN5M350821M3508_SD_Queue_HandleE  m3508.o
    0x2000065c        -       0x00000001   Zero   RW         1965    .bss._ZN5M35089stop_flagE  m3508.o
    0x2000065d   0x0800b810   0x00000003   PAD
    0x20000660        -       0x00000028   Zero   RW         1852    .bss._ZN9CanDevice14Can1_InstancesE  candevice.o
    0x20000688        -       0x00000028   Zero   RW         1853    .bss._ZN9CanDevice14Can2_InstancesE  candevice.o
    0x200006b0        -       0x00000001   Zero   RW         1854    .bss._ZN9CanDevice20Can1_Instances_IndexE  candevice.o
    0x200006b1        -       0x00000001   Zero   RW         1855    .bss._ZN9CanDevice20Can2_Instances_IndexE  candevice.o
    0x200006b2        -       0x00000008   Zero   RW         1856    .bss._ZN9CanDevice7RxData1E  candevice.o
    0x200006ba        -       0x00000008   Zero   RW         1857    .bss._ZN9CanDevice7RxData2E  candevice.o
    0x200006c2        -       0x00000010   Zero   RW         2247    .bss._acDownBuffer  segger_rtt.o
    0x200006d2        -       0x00000400   Zero   RW         2246    .bss._acUpBuffer    segger_rtt.o
    0x20000ad2   0x0800b810   0x00000002   PAD
    0x20000ad4        -       0x00000160   Zero   RW         2131    .bss.action1        start.o
    0x20000c34        -       0x00000004   Zero   RW           50    .bss.btn_detect_TaskHandle  freertos.o
    0x20000c38        -       0x0000000c   Zero   RW         2132    .bss.chasis1        start.o
    0x20000c44        -       0x00000004   Zero   RW           49    .bss.defaultTaskHandle  freertos.o
    0x20000c48        -       0x00000068   Zero   RW         2135    .bss.front_3508     start.o
    0x20000cb0        -       0x00000028   Zero   RW           67    .bss.hcan1          can.o
    0x20000cd8        -       0x00000028   Zero   RW           68    .bss.hcan2          can.o
    0x20000d00        -       0x00000060   Zero   RW          101    .bss.hdma_usart1_rx  usart.o
    0x20000d60        -       0x00000048   Zero   RW          162    .bss.htim6          stm32f4xx_hal_timebase_tim.o
    0x20000da8        -       0x00000048   Zero   RW           97    .bss.huart1         usart.o
    0x20000df0        -       0x00000048   Zero   RW           98    .bss.huart2         usart.o
    0x20000e38        -       0x00000048   Zero   RW           99    .bss.huart3         usart.o
    0x20000e80        -       0x00000048   Zero   RW          100    .bss.huart6         usart.o
    0x20000ec8        -       0x00000068   Zero   RW         2133    .bss.left_3508      start.o
    0x20000f30        -       0x00000004   Zero   RW           48    .bss.myQueue01Handle  freertos.o
    0x20000f34        -       0x00000064   Zero   RW         2061    .bss.mypid_front    pid_init.o
    0x20000f98        -       0x00000064   Zero   RW         2062    .bss.mypid_left     pid_init.o
    0x20000ffc        -       0x00000064   Zero   RW         2063    .bss.mypid_right    pid_init.o
    0x20001060        -       0x00000004   Zero   RW         2128    .bss.myxEventGroupHandle_t  start.o
    0x20001064        -       0x00000020   Zero   RW         2136    .bss.point_track1   start.o
    0x20001084        -       0x00000004   Zero   RW           51    .bss.point_track_TasHandle  freertos.o
    0x20001088        -       0x00000064   Zero   RW         2065    .bss.position_pid   pid_init.o
    0x200010ec        -       0x000000a0   Zero   RW         1584    .bss.prvCheckForValidListAndQueue.ucStaticTimerQueueStorage  timers.o
    0x2000118c        -       0x00000050   Zero   RW         1583    .bss.prvCheckForValidListAndQueue.xStaticTimerQueue  timers.o
    0x200011dc        -       0x00000004   Zero   RW         1580    .bss.prvSampleTimeNow.xLastTime  timers.o
    0x200011e0        -       0x00000004   Zero   RW         1492    .bss.pxCurrentTCB   tasks.o
    0x200011e4        -       0x00000004   Zero   RW         1578    .bss.pxCurrentTimerList  timers.o
    0x200011e8        -       0x00000004   Zero   RW         1500    .bss.pxDelayedTaskList  tasks.o
    0x200011ec        -       0x00000004   Zero   RW         1787    .bss.pxEnd          heap_4.o
    0x200011f0        -       0x00000004   Zero   RW         1501    .bss.pxOverflowDelayedTaskList  tasks.o
    0x200011f4        -       0x00000004   Zero   RW         1579    .bss.pxOverflowTimerList  timers.o
    0x200011f8        -       0x00000460   Zero   RW         1503    .bss.pxReadyTasksLists  tasks.o
    0x20001658        -       0x00000068   Zero   RW         2134    .bss.right_3508     start.o
    0x200016c0        -       0x00003c00   Zero   RW         1794    .bss.ucHeap         heap_4.o
    0x200052c0        -       0x00000001   Zero   RW         1828    .bss.ucMaxSysCallPriority  port.o
    0x200052c1   0x0800b810   0x00000003   PAD
    0x200052c4        -       0x00000004   Zero   RW         1829    .bss.ulMaxPRIGROUPValue  port.o
    0x200052c8        -       0x00000004   Zero   RW          654    .bss.uwTick         stm32f4xx_hal.o
    0x200052cc        -       0x00000004   Zero   RW         1496    .bss.uxCurrentNumberOfTasks  tasks.o
    0x200052d0        -       0x00000004   Zero   RW         1495    .bss.uxDeletedTasksWaitingCleanUp  tasks.o
    0x200052d4        -       0x00000004   Zero   RW         1498    .bss.uxSchedulerSuspended  tasks.o
    0x200052d8        -       0x00000004   Zero   RW         1493    .bss.uxTaskNumber   tasks.o
    0x200052dc        -       0x00000004   Zero   RW         1504    .bss.uxTopReadyPriority  tasks.o
    0x200052e0        -       0x00000200   Zero   RW         1761    .bss.vApplicationGetIdleTaskMemory.Idle_Stack  cmsis_os2.o
    0x200054e0        -       0x0000005c   Zero   RW         1760    .bss.vApplicationGetIdleTaskMemory.Idle_TCB  cmsis_os2.o
    0x2000553c        -       0x00000400   Zero   RW         1763    .bss.vApplicationGetTimerTaskMemory.Timer_Stack  cmsis_os2.o
    0x2000593c        -       0x0000005c   Zero   RW         1762    .bss.vApplicationGetTimerTaskMemory.Timer_TCB  cmsis_os2.o
    0x20005998        -       0x00000014   Zero   RW         1581    .bss.xActiveTimerList1  timers.o
    0x200059ac        -       0x00000014   Zero   RW         1582    .bss.xActiveTimerList2  timers.o
    0x200059c0        -       0x00000004   Zero   RW         1788    .bss.xBlockAllocatedBit  heap_4.o
    0x200059c4        -       0x00000014   Zero   RW         1512    .bss.xDelayedTaskList1  tasks.o
    0x200059d8        -       0x00000014   Zero   RW         1513    .bss.xDelayedTaskList2  tasks.o
    0x200059ec        -       0x00000004   Zero   RW         1789    .bss.xFreeBytesRemaining  heap_4.o
    0x200059f0        -       0x00000004   Zero   RW         1507    .bss.xIdleTaskHandle  tasks.o
    0x200059f4        -       0x00000004   Zero   RW         1791    .bss.xMinimumEverFreeBytesRemaining  heap_4.o
    0x200059f8        -       0x00000004   Zero   RW         1508    .bss.xNextTaskUnblockTime  tasks.o
    0x200059fc        -       0x00000004   Zero   RW         1511    .bss.xNumOfOverflows  tasks.o
    0x20005a00        -       0x00000004   Zero   RW         1792    .bss.xNumberOfSuccessfulAllocations  heap_4.o
    0x20005a04        -       0x00000004   Zero   RW         1793    .bss.xNumberOfSuccessfulFrees  heap_4.o
    0x20005a08        -       0x00000004   Zero   RW         1510    .bss.xPendedTicks   tasks.o
    0x20005a0c        -       0x00000014   Zero   RW         1505    .bss.xPendingReadyList  tasks.o
    0x20005a20        -       0x00000040   Zero   RW         1303    .bss.xQueueRegistry  queue.o
    0x20005a60        -       0x00000004   Zero   RW         1497    .bss.xSchedulerRunning  tasks.o
    0x20005a64        -       0x00000008   Zero   RW         1790    .bss.xStart         heap_4.o
    0x20005a6c        -       0x00000014   Zero   RW         1502    .bss.xSuspendedTaskList  tasks.o
    0x20005a80        -       0x00000014   Zero   RW         1494    .bss.xTasksWaitingTermination  tasks.o
    0x20005a94        -       0x00000004   Zero   RW         1499    .bss.xTickCount     tasks.o
    0x20005a98        -       0x00000004   Zero   RW         1575    .bss.xTimerQueue    timers.o
    0x20005a9c        -       0x00000004   Zero   RW         1577    .bss.xTimerTaskHandle  timers.o
    0x20005aa0        -       0x00000004   Zero   RW         1509    .bss.xYieldPending  tasks.o
    0x20005aa4        -       0x000001f4   Zero   RW         2129    .bss.xbox1          start.o
    0x20005c98        -       0x00000200   Zero   RW            2    HEAP                startup_stm32f407xx.o
    0x20005e98        -       0x00000400   Zero   RW            1    STACK               startup_stm32f407xx.o


==============================================================================

Image component sizes


      Code (inc. data)   RO Data    RW Data    ZI Data      Debug   Object Name

       594         14         16          0          0       8659   action.o
       586          0          0          0         84       6432   can.o
      1028          0         16          0         98       5544   candevice.o
       492         16          0          0          0      13173   chasis_caculation.o
      1000          0          0          0       1724      34878   cmsis_os2.o
       400          0          0          0          0      16124   detect_btn.o
        60          0          0          0          0       3281   dma.o
       896          0          0          0          0       7521   event_groups.o
       190          0        186          0         16       3400   freertos.o
       210          0          0          0          0       1576   gpio.o
      1084          0          0          0      15392       4408   heap_4.o
       296          0          0          0          0       2211   list.o
       598          0         20          0         42      10786   m3508.o
       290          0          0          0          0       5696   main.o
       652          4          0          0          0       4213   pid.o
       226          0          4         72        400       3824   pid_init.o
       286          8          0          0          0      15496   point_track.o
      1128         16          0          4          5       3822   port.o
      2720          0          0          0         64      17268   queue.o
       848          0         26          0       1208      13375   segger_rtt.o
      1896         14         23          0          0       3850   segger_rtt_printf.o
       948          0        114          0         36      14197   serialdevice.o
      1694         12        114          4       1268      18469   start.o
        64         26        392          0       1536        836   startup_stm32f407xx.o
        92          0          0          5          4       7103   stm32f4xx_hal.o
      2754          0          0          0          0      11554   stm32f4xx_hal_can.o
       384          0          0          0          0       9714   stm32f4xx_hal_cortex.o
      2068          8          8          0          0       8492   stm32f4xx_hal_dma.o
       950          0          0          0          0       5088   stm32f4xx_hal_gpio.o
        88          0          0          0          0       3349   stm32f4xx_hal_msp.o
      2730          0          0          0          0       7565   stm32f4xx_hal_rcc.o
      1412          0          0          0          0      36024   stm32f4xx_hal_tim.o
        16          0          0          0          0      15328   stm32f4xx_hal_tim_ex.o
       240          0          0          0         72       7092   stm32f4xx_hal_timebase_tim.o
      3608          0          0          0          0      20336   stm32f4xx_hal_uart.o
       262          0          0          0          0       2003   stm32f4xx_it.o
        18          0         24          4          0       2516   system_stm32f4xx.o
       128          0          4          0       1120       3897   taskmanager.o
      4270          0          5          0       1280      24121   tasks.o
      1750         10         13          0        300      11574   timers.o
      1030          0          0          0        384       7848   usart.o
      1486         14         37          0          4      19498   xbox_hid.o

    ----------------------------------------------------------------------
     41728        142       1040         96      25048     422141   Object Totals
         0          0         32          0          0          0   (incl. Generated)
       256          0          6          7         11          0   (incl. Padding)

    ----------------------------------------------------------------------

      Code (inc. data)   RO Data    RW Data    ZI Data      Debug   Library Member Name

         8          0          0          0          0         68   __main.o
         0          0          0          0          0          0   __rtentry.o
        12          0          0          0          0          0   __rtentry2.o
         6          0          0          0          0          0   __rtentry4.o
        94          8          0          0          0          0   __scatter.o
        26          0          0          0          0          0   __scatter_copy.o
        28          0          0          0          0          0   __scatter_zi.o
        22          0          0          0          0        100   _rserrno.o
        16          0          0          0          0         68   aeabi_memset4.o
        18          0          0          0          0         80   exit.o
         6          0          0          0          0        152   heapauxi.o
         0          0          0          0          0          0   indicate_semi.o
        44          8          0          0          0         80   init_aeabi.o
         2          0          0          0          0          0   libinit.o
        10          0          0          0          0          0   libinit2.o
         2          0          0          0          0          0   libshutdown.o
         2          0          0          0          0          0   libshutdown2.o
         8          4          0          0         96         68   libspace.o
       240          0          0          0          0        100   lludivv7m.o
         8          4          0          0          0         68   rt_errno_addr_intlibspace.o
        78          0          0          0          0         80   rt_memclr_w.o
       138          0          0          0          0         68   rt_memcpy_v6.o
       100          0          0          0          0         80   rt_memcpy_w.o
         2          0          0          0          0          0   rtexit.o
        10          0          0          0          0          0   rtexit2.o
        12          4          0          0          0         68   sys_exit.o
        74          0          0          0          0         80   sys_stackheap_outer.o
         2          0          0          0          0         68   use_no_semi.o
        98          4          0          0          0        140   d2f.o
       812         16          0          0          0        392   daddsub_clz.o
       340         12          0          0          0        152   dmul.o
       156          4          0          0          0        140   dnaninf.o
        12          0          0          0          0        116   dretinf.o
        86          4          0          0          0        132   f2d.o
       140          4          0          0          0        132   fnaninf.o
        26          0          0          0          0        116   fpinit.o
        10          0          0          0          0        116   fretinf.o
         0          0          0          0          0          0   usenofp.o
       280         46          0          0          0        176   acosf.o
       336         56          0          0          0        136   cosf.o
        38          0          0          0          0        116   fpclassifyf.o
        38         12          0          0          0        348   funder.o
       340         24         32          0          0        160   rredf.o
       400         56          0          0          0        212   sinf.o
       120          0          0          0          0        272   sqrtf.o

    ----------------------------------------------------------------------
      4220        266         32          0         96       4084   Library Totals
        20          0          0          0          0          0   (incl. Padding)

    ----------------------------------------------------------------------

      Code (inc. data)   RO Data    RW Data    ZI Data      Debug   Library Name

       968         28          0          0         96       1228   c_w.l
      1680         44          0          0          0       1436   fz_wm.l
      1552        194         32          0          0       1420   m_wm.l

    ----------------------------------------------------------------------
      4220        266         32          0         96       4084   Library Totals

    ----------------------------------------------------------------------

==============================================================================


      Code (inc. data)   RO Data    RW Data    ZI Data      Debug   

     45948        408       1072         96      25144     423121   Grand Totals
     45948        408       1072         96      25144     423121   ELF Image Totals
     45948        408       1072         96          0          0   ROM Totals

==============================================================================

    Total RO  Size (Code + RO Data)                47020 (  45.92kB)
    Total RW  Size (RW Data + ZI Data)             25240 (  24.65kB)
    Total ROM Size (Code + RO Data + RW Data)      47116 (  46.01kB)

==============================================================================

