*** Using Compiler 'V6.21', folder: 'D:\keil_v5\ARM\ARMCLANG\Bin'
Build target 'CAR'
compiling gpio.c...
compiling usart.c...
compiling freertos.c...
compiling stm32f4xx_hal_flash.c...
compiling stm32f4xx_hal_msp.c...
compiling stm32f4xx_it.c...
compiling main.c...
compiling stm32f4xx_hal_timebase_tim.c...
compiling can.c...
compiling stm32f4xx_hal_rcc_ex.c...
compiling stm32f4xx_hal_rcc.c...
compiling stm32f4xx_hal_can.c...
compiling stm32f4xx_hal_flash_ex.c...
compiling stm32f4xx_hal_flash_ramfunc.c...
compiling stm32f4xx_hal_gpio.c...
compiling stm32f4xx_hal_dma_ex.c...
compiling stm32f4xx_hal_dma.c...
compiling stm32f4xx_hal_pwr.c...
compiling stm32f4xx_hal.c...
compiling stm32f4xx_hal_pwr_ex.c...
compiling stm32f4xx_hal_exti.c...
compiling stm32f4xx_hal_cortex.c...
compiling croutine.c...
compiling system_stm32f4xx.c...
compiling stm32f4xx_hal_tim_ex.c...
compiling list.c...
compiling event_groups.c...
compiling stm32f4xx_hal_uart.c...
compiling queue.c...
compiling timers.c...
compiling heap_4.c...
compiling stream_buffer.c...
compiling port.c...
compiling stm32f4xx_hal_tim.c...
compiling Error_Handle.cpp...
compiling tasks.c...
compiling CanDevice.cpp...
compiling TaskManager.cpp...
compiling cmsis_os2.c...
compiling SerialDevice.cpp...
compiling action.cpp...
compiling M3508.cpp...
compiling pid.cpp...
compiling pid_init.cpp...
compiling VOFA.cpp...
compiling chasis_caculation.cpp...
compiling xbox_hid.cpp...
compiling Detect_btn.cpp...
compiling Start.cpp...
linking...
Program Size: Code=36532 RO-data=680 RW-data=52 ZI-data=23148  
FromELF: creating hex file...
"CAR\CAR.axf" - 0 Error(s), 0 Warning(s).
Build Time Elapsed:  00:00:03
